I/Timeline(  791): Timeline: Activity_windows_visible id: ActivityRecord{42e6f990 u0 com.whatsapp/.HomeActivity t351} time:184258064
W/View    (32159): requestLayout() improperly called by com.whatsapp.TextEmojiLabel{4203ab90 V.ED.... ......ID 42,75-596,139 #7f1001a4 app:id/contactpicker_row_status} during layout: running second layout pass
W/View    (32159): requestLayout() improperly called by com.whatsapp.TextEmojiLabel{42757110 V.ED.... ......ID 42,75-254,139 #7f1001a4 app:id/contactpicker_row_status} during layout: running second layout pass
W/View    (32159): requestLayout() improperly called by com.whatsapp.TextEmojiLabel{42ae0a00 V.ED.... ......ID 42,75-104,139 #7f1001a4 app:id/contactpicker_row_status} during layout: running second layout pass
W/View    (32159): requestLayout() improperly called by com.whatsapp.TextEmojiLabel{41ea2a38 V.ED.... ......ID 42,75-767,139 #7f1001a4 app:id/contactpicker_row_status} during layout: running second layout pass
W/View    (32159): requestLayout() improperly called by com.whatsapp.TextEmojiLabel{42757760 V.ED.... ......ID 42,75-104,139 #7f1001a4 app:id/contactpicker_row_status} during layout: running second layout pass
W/View    (32159): requestLayout() improperly called by com.whatsapp.TextEmojiLabel{420b0f20 V.ED.... ......ID 0,0-77,75 #7f1001a2 app:id/contactpicker_row_name} during layout: running second layout pass
W/View    (32159): requestLayout() improperly called by android.support.v7.widget.AppCompatTextView{4217f980 V.ED.... ......ID 597,11-732,63 #7f1001a3 app:id/contactpicker_row_phone_type} during layout: running second layout pass
W/View    (32159): requestLayout() improperly called by com.whatsapp.TextEmojiLabel{41ee01a8 V.ED.... ......ID 42,75-526,139 #7f1001a4 app:id/contactpicker_row_status} during layout: running second layout pass
W/View    (32159): requestLayout() improperly called by com.whatsapp.TextEmojiLabel{41e39300 V.ED.... ......ID 0,0-293,75 #7f1001a2 app:id/contactpicker_row_name} during layout: running second layout pass
W/View    (32159): requestLayout() improperly called by android.support.v7.widget.AppCompatTextView{41f30260 V.ED.... ......ID 597,11-732,63 #7f1001a3 app:id/contactpicker_row_phone_type} during layout: running second layout pass
W/View    (32159): requestLayout() improperly called by com.whatsapp.TextEmojiLabel{41d39f00 V.ED.... ......ID 0,0-382,75 #7f1001a2 app:id/contactpicker_row_name} during layout: running second layout pass
W/View    (32159): requestLayout() improperly called by android.support.v7.widget.AppCompatTextView{420330e0 V.ED.... ......ID 597,11-732,63 #7f1001a3 app:id/contactpicker_row_phone_type} during layout: running second layout pass
W/View    (32159): requestLayout() improperly called by com.whatsapp.TextEmojiLabel{41eb70d8 V.ED.... ......ID 0,0-318,75 #7f1001a2 app:id/contactpicker_row_name} during layout: running second layout pass
W/View    (32159): requestLayout() improperly called by android.support.v7.widget.AppCompatTextView{41eb9af0 V.ED.... ......ID 597,11-732,63 #7f1001a3 app:id/contactpicker_row_phone_type} during layout: running second layout pass
W/View    (32159): requestLayout() improperly called by com.whatsapp.TextEmojiLabel{41e9d640 V.ED.... ......ID 0,0-479,75 #7f1001a2 app:id/contactpicker_row_name} during layout: running second layout pass
W/View    (32159): requestLayout() improperly called by android.support.v7.widget.AppCompatTextView{41e9ffd0 V.ED.... ......ID 597,11-732,63 #7f1001a3 app:id/contactpicker_row_phone_type} during layout: running second layout pass
W/View    (32159): requestLayout() improperly called by com.whatsapp.TextEmojiLabel{42706a08 V.ED.... ......ID 0,0-347,75 #7f1001a2 app:id/contactpicker_row_name} during layout: running second layout pass
W/View    (32159): requestLayout() improperly called by android.support.v7.widget.AppCompatTextView{42713ab8 V.ED.... ......ID 597,11-732,63 #7f1001a3 app:id/contactpicker_row_phone_type} during layout: running second layout pass
W/View    (32159): requestLayout() improperly called by com.whatsapp.TextEmojiLabel{41c4e2c8 V.ED.... ......ID 0,0-368,75 #7f1001a2 app:id/contactpicker_row_name} during layout: running second layout pass
W/View    (32159): requestLayout() improperly called by android.support.v7.widget.AppCompatTextView{41e973c8 V.ED.... ......ID 597,11-732,63 #7f1001a3 app:id/contactpicker_row_phone_type} during layout: running second layout pass
W/View    (32159): requestLayout() improperly called by com.whatsapp.TextEmojiLabel{426f0128 V.ED.... ......ID 42,75-692,139 #7f1001a4 app:id/contactpicker_row_status} during layout: running second layout pass
I/Timeline(32159): Timeline: Activity_idle id: android.os.BinderProxy@41d10490 time:184258802
D/audio_hw_primary(  222): out_standby: enter: stream (0xb8d13cc0) usecase(1: low-latency-playback)
I/Timeline(32159): Timeline: Activity_launch_request id:com.whatsapp time:184259146
I/ActivityManager(  791): START u0 {flg=0x14000000 cmp=com.whatsapp/.Conversation (has extras)} from pid 32159
D/AudioPolicyManager(  222):  getOutput() device 2, stream 1, samplingRate 0, format 0, channelMask 3, flags 0 
D/AudioPolicyManager(  222): getOutput() returns output 2
D/AudioPolicyManager(  222):  getOutput() device 2, stream 1, samplingRate 0, format 0, channelMask 3, flags 0 
D/AudioPolicyManager(  222): getOutput() returns output 2
D/AudioPolicyManager(  222):  getOutput() device 2, stream 1, samplingRate 48000, format 1, channelMask 3, flags 4 
D/AudioPolicyManager(  222): getOutput() returns output 3
I/listen_hal_loader(  222): audio_extn_listen_update_stream_status(): uc_id 1 of type 0 for Event 2, with Raise=0
D/hardware_info(  222): hw_info_append_hw_type : device_name = speaker
I/listen_hal_loader(  222): audio_extn_listen_update_device_status(): device 0x2 of type 0 for Event 0, with Raise=0
D/AudioFlinger(  222): start(4101), calling pid 791 session 1962
D/AudioFlinger(  222): ? => ACTIVE (4101) on thread 0xb8d91430
I/QCOM PowerHAL(  222): Processing audio hint. Metadata: state=1
D/AudioPolicyManagerBase(  222): startOutput() output 3, stream 1, session 1962
I/ViewUtils(32159): app:theme is now deprecated. Please move to using android:theme instead.
I/ViewUtils(32159): app:theme is now deprecated. Please move to using android:theme instead.
D/audio_hw_primary(  222): start_output_stream: enter: stream(0xb8d13cc0)usecase(1: low-latency-playback) devices(0x2)
V/msm8974_platform(  222): platform_get_output_snd_device: enter: output devices(0x2)
V/msm8974_platform(  222): platform_get_output_snd_device: exit: snd_device(speaker)
D/audio_hw_primary(  222): select_devices: out_snd_device(2: speaker) in_snd_device(0: )
W/msm8974_platform(  222): Property audio.offload.24bit.enable is set
V/msm8974_platform(  222): platform_check_and_set_codec_backend_cfg usecase = 1
W/msm8974_platform(  222): Codec backend bitwidth 16, samplerate 48000
V/msm8974_platform(  222): Playback running bw 16 sr 48000 standby 0
D/hardware_info(  222): hw_info_append_hw_type : device_name = speaker
I/listen_hal_loader(  222): audio_extn_listen_update_device_status(): device 0x2 of type 0 for Event 1, with Raise=0
D/ACDB-LOADER(  222): ACDB -> send_audio_cal, acdb_id = 15, path =  0
D/ACDB-LOADER(  222): ACDB -> send_adm_topology
D/ACDB-LOADER(  222): ACDB -> ACDB_CMD_GET_AUDPROC_COMMON_TOPOLOGY_ID
D/ACDB-LOADER(  222): ACDB -> send_asm_topology
D/ACDB-LOADER(  222): ACDB -> ACDB_CMD_GET_AUDPROC_STREAM_TOPOLOGY_ID
D/ACDB-LOADER(  222): ACDB -> send_audtable
D/ACDB-LOADER(  222): ACDB -> ACDB_CMD_GET_AUDPROC_COMMON_TABLE
D/ACDB-LOADER(  222): ACDB -> AUDIO_SET_AUDPROC_CAL
D/ACDB-LOADER(  222): ACDB -> send_audvoltable
D/ACDB-LOADER(  222): ACDB -> ACDB_CMD_GET_AUDPROC_GAIN_DEP_STEP_TABLE
D/        (  222): Failed to fetch the lookup information of the device 0000000F 
E/ACDB-LOADER(  222): Error: ACDB AudProc vol returned = -19
D/ACDB-LOADER(  222): ACDB -> AUDIO_SET_AUDPROC_VOL_CAL
D/ACDB-LOADER(  222): ACDB -> send_afe_cal
D/ACDB-LOADER(  222): ACDB -> ACDB_CMD_GET_AFE_COMMON_TABLE
D/        (  222): Failed to fetch the lookup information of the device 0000000F 
E/ACDB-LOADER(  222): Error: ACDB AFE returned = -19
D/ACDB-LOADER(  222): ACDB -> AUDIO_SET_AFE_CAL
I/listen_hal_loader(  222): audio_extn_listen_update_stream_status(): uc_id 1 of type 0 for Event 3, with Raise=0
D/audio_hw_primary(  222): select_devices: done
I/dalvikvm(32159): Could not find method android.widget.RelativeLayout.<init>, referenced from method com.whatsapp.ConversationContentLayout.<init>
W/dalvikvm(32159): VFY: unable to resolve direct method 10115: Landroid/widget/RelativeLayout;.<init> (Landroid/content/Context;Landroid/util/AttributeSet;II)V
D/dalvikvm(32159): VFY: replacing opcode 0x70 at 0x0000
I/dalvikvm(32159): Could not find method android.widget.TextView.<init>, referenced from method com.whatsapp.DividerView.<init>
W/dalvikvm(32159): VFY: unable to resolve direct method 10201: Landroid/widget/TextView;.<init> (Landroid/content/Context;Landroid/util/AttributeSet;II)V
D/dalvikvm(32159): VFY: replacing opcode 0x70 at 0x0001
I/ExtendedUtils(  222): AV Sync late margin : Intended=40ms Using=0ms
D/AwesomePlayer(  222): Before reset_l
D/ExtendedUtils(  222): printFileName fd(49) -> /data/app/com.whatsapp-1.apk
D/ExtendedUtils(  222): extended extractor not needed, return default
D/AudioPolicyManager(  222): copl: isOffloadSupported: SR=44100, CM=0x1, Format=0x17000001, StreamType=-1, BitRate=4294967295, duration=381133 us, has_video=0
D/AudioPolicyManager(  222): copl: isOffloadSupported: stream_type != MUSIC, returning false
I/AwesomePlayer(  222): Could not offload audio decode, try pcm offload (16-bit)
D/AudioPolicyManager(  222): copl: isOffloadSupported: SR=44100, CM=0x1, Format=0x17000001, StreamType=-1, BitRate=4294967295, duration=381133 us, has_video=0
D/AudioPolicyManager(  222): copl: isOffloadSupported: stream_type != MUSIC, returning false
D/AudioPlayer(  222): start of Playback, useOffload 0
D/AudioPlayer(  222): Pause Playback at 3
D/AudioPlayer(  222): reset: mPlaying=0 mReachedEOS=1 useOffload=0
I/ExtendedUtils(  222): AV Sync late margin : Intended=40ms Using=0ms
D/AwesomePlayer(  222): Before reset_l
D/ExtendedUtils(  222): printFileName fd(49) -> /data/app/com.whatsapp-1.apk
D/ExtendedUtils(  222): extended extractor not needed, return default
D/AudioPolicyManager(  222): copl: isOffloadSupported: SR=32000, CM=0x1, Format=0x17000001, StreamType=-1, BitRate=4294967295, duration=420125 us, has_video=0
D/AudioPolicyManager(  222): copl: isOffloadSupported: stream_type != MUSIC, returning false
I/AwesomePlayer(  222): Could not offload audio decode, try pcm offload (16-bit)
D/AudioPolicyManager(  222): copl: isOffloadSupported: SR=32000, CM=0x1, Format=0x17000001, StreamType=-1, BitRate=4294967295, duration=420125 us, has_video=0
D/AudioPolicyManager(  222): copl: isOffloadSupported: stream_type != MUSIC, returning false
D/AudioPlayer(  222): start of Playback, useOffload 0
D/AudioPlayer(  222): Pause Playback at 0
D/AudioPlayer(  222): reset: mPlaying=0 mReachedEOS=1 useOffload=0
I/ExtendedUtils(  222): AV Sync late margin : Intended=40ms Using=0ms
D/AwesomePlayer(  222): Before reset_l
D/ExtendedUtils(  222): printFileName fd(49) -> /data/app/com.whatsapp-1.apk
D/ExtendedUtils(  222): extended extractor not needed, return default
D/AudioPolicyManager(  222): copl: isOffloadSupported: SR=32000, CM=0x1, Format=0x17000001, StreamType=-1, BitRate=4294967295, duration=617218 us, has_video=0
D/AudioPolicyManager(  222): copl: isOffloadSupported: stream_type != MUSIC, returning false
I/AwesomePlayer(  222): Could not offload audio decode, try pcm offload (16-bit)
D/AudioPolicyManager(  222): copl: isOffloadSupported: SR=32000, CM=0x1, Format=0x17000001, StreamType=-1, BitRate=4294967295, duration=617218 us, has_video=0
D/AudioPolicyManager(  222): copl: isOffloadSupported: stream_type != MUSIC, returning false
D/AudioPlayer(  222): start of Playback, useOffload 0
D/AudioPlayer(  222): Pause Playback at 2
D/AudioPlayer(  222): reset: mPlaying=0 mReachedEOS=1 useOffload=0
I/dalvikvm(32159): Could not find method android.widget.FrameLayout.<init>, referenced from method com.whatsapp.CircularRevealView.<init>
W/dalvikvm(32159): VFY: unable to resolve direct method 9731: Landroid/widget/FrameLayout;.<init> (Landroid/content/Context;Landroid/util/AttributeSet;II)V
D/dalvikvm(32159): VFY: replacing opcode 0x70 at 0x0000
I/dalvikvm(32159): Could not find method android.view.ViewAnimationUtils.createCircularReveal, referenced from method com.whatsapp.CircularRevealView.a
W/dalvikvm(32159): VFY: unable to resolve static method 9251: Landroid/view/ViewAnimationUtils;.createCircularReveal (Landroid/view/View;IIFF)Landroid/animation/Animator;
D/dalvikvm(32159): VFY: replacing opcode 0x71 at 0x0032
I/dalvikvm(32159): Could not find method android.view.ViewAnimationUtils.createCircularReveal, referenced from method com.whatsapp.CircularRevealView.b
W/dalvikvm(32159): VFY: unable to resolve static method 9251: Landroid/view/ViewAnimationUtils;.createCircularReveal (Landroid/view/View;IIFF)Landroid/animation/Animator;
D/dalvikvm(32159): VFY: replacing opcode 0x71 at 0x003b
I/QCOM PowerHAL(  222): Processing audio hint. Metadata: state=0
V/WebViewChromiumFactoryProvider(32159): Binding Chromium to main looper Looper (main, tid 1) {42a9aa80}
I/LibraryLoader(32159): Expected native library version number "",actual native library version number ""
I/chromium(32159): [INFO:library_loader_hooks.cc(116)] Chromium logging enabled: level = 0, default verbosity = 0
I/BrowserStartupController(32159): Initializing chromium process, renderers=0
D/BluetoothManagerService(  791): Message: 20
D/BluetoothManagerService(  791): Added callback: android.bluetooth.IBluetoothManagerCallback$Stub$Proxy@442326c8:true
D/BluetoothAdapter(32159): 1104898656: getState() :  mService = null. Returning STATE_OFF
I/ActivityManager(  791): Displayed com.whatsapp/.Conversation: +768ms
W/ctxmgr  ( 1151): [PowerConnectionState]Got same value as before for power connection (Plug state: 2 BatteryLevel: 0.47)
I/Timeline(32159): Timeline: Activity_idle id: android.os.BinderProxy@429a7c58 time:184260249
I/Timeline(  791): Timeline: Activity_windows_visible id: ActivityRecord{43ad7208 u0 com.whatsapp/.Conversation t351} time:184260269
D/audio_hw_primary(  222): out_standby: enter: stream (0xb8d13cc0) usecase(1: low-latency-playback)
I/listen_hal_loader(  222): audio_extn_listen_update_stream_status(): uc_id 1 of type 0 for Event 2, with Raise=0
D/hardware_info(  222): hw_info_append_hw_type : device_name = speaker
I/listen_hal_loader(  222): audio_extn_listen_update_device_status(): device 0x2 of type 0 for Event 0, with Raise=0
W/ctxmgr  ( 1151): [PowerConnectionState]Got same value as before for power connection (Plug state: 2 BatteryLevel: 0.47)
W/ctxmgr  ( 1151): [PowerConnectionState]Got same value as before for power connection (Plug state: 2 BatteryLevel: 0.47)
W/ctxmgr  ( 1151): [PowerConnectionState]Got same value as before for power connection (Plug state: 2 BatteryLevel: 0.47)
I/ActivityManager(  791): START u0 {act=com.android.systemui.recent.action.TOGGLE_RECENTS flg=0x10800000 cmp=com.android.systemui/.recent.RecentsActivity (has extras)} from pid 1027
I/ActivityManager(  791): Displayed com.android.systemui/.recent.RecentsActivity: +104ms
W/IInputConnectionWrapper(32159): showStatusIcon on inactive InputConnection
I/Timeline( 1027): Timeline: Activity_idle id: android.os.BinderProxy@4254a008 time:184282424
I/Timeline(  791): Timeline: Activity_windows_visible id: ActivityRecord{41bfe0c8 u0 com.android.systemui/.recent.RecentsActivity t352} time:184282676
D/AudioPolicyManager(  222):  getOutput() device 2, stream 1, samplingRate 0, format 0, channelMask 3, flags 0 
D/AudioPolicyManager(  222): getOutput() returns output 2
D/AudioPolicyManager(  222):  getOutput() device 2, stream 1, samplingRate 0, format 0, channelMask 3, flags 0 
D/AudioPolicyManager(  222): getOutput() returns output 2
D/AudioPolicyManager(  222):  getOutput() device 2, stream 1, samplingRate 48000, format 1, channelMask 3, flags 4 
D/AudioPolicyManager(  222): getOutput() returns output 3
D/AudioFlinger(  222): start(4098), calling pid 791 session 1963
D/AudioFlinger(  222): ? => ACTIVE (4098) on thread 0xb8ec39e8
I/QCOM PowerHAL(  222): Processing audio hint. Metadata: state=1
D/AudioPolicyManagerBase(  222): startOutput() output 3, stream 1, session 1963
D/audio_hw_primary(  222): start_output_stream: enter: stream(0xb8d13cc0)usecase(1: low-latency-playback) devices(0x2)
V/msm8974_platform(  222): platform_get_output_snd_device: enter: output devices(0x2)
V/msm8974_platform(  222): platform_get_output_snd_device: exit: snd_device(speaker)
D/audio_hw_primary(  222): select_devices: out_snd_device(2: speaker) in_snd_device(0: )
W/msm8974_platform(  222): Property audio.offload.24bit.enable is set
V/msm8974_platform(  222): platform_check_and_set_codec_backend_cfg usecase = 1
W/msm8974_platform(  222): Codec backend bitwidth 16, samplerate 48000
V/msm8974_platform(  222): Playback running bw 16 sr 48000 standby 0
D/hardware_info(  222): hw_info_append_hw_type : device_name = speaker
I/listen_hal_loader(  222): audio_extn_listen_update_device_status(): device 0x2 of type 0 for Event 1, with Raise=0
D/ACDB-LOADER(  222): ACDB -> send_audio_cal, acdb_id = 15, path =  0
D/ACDB-LOADER(  222): ACDB -> send_adm_topology
D/ACDB-LOADER(  222): ACDB -> ACDB_CMD_GET_AUDPROC_COMMON_TOPOLOGY_ID
D/ACDB-LOADER(  222): ACDB -> send_asm_topology
D/ACDB-LOADER(  222): ACDB -> ACDB_CMD_GET_AUDPROC_STREAM_TOPOLOGY_ID
D/ACDB-LOADER(  222): ACDB -> send_audtable
D/ACDB-LOADER(  222): ACDB -> ACDB_CMD_GET_AUDPROC_COMMON_TABLE
D/ACDB-LOADER(  222): ACDB -> AUDIO_SET_AUDPROC_CAL
D/ACDB-LOADER(  222): ACDB -> send_audvoltable
D/ACDB-LOADER(  222): ACDB -> ACDB_CMD_GET_AUDPROC_GAIN_DEP_STEP_TABLE
D/        (  222): Failed to fetch the lookup information of the device 0000000F 
E/ACDB-LOADER(  222): Error: ACDB AudProc vol returned = -19
D/ACDB-LOADER(  222): ACDB -> AUDIO_SET_AUDPROC_VOL_CAL
D/ACDB-LOADER(  222): ACDB -> send_afe_cal
D/ACDB-LOADER(  222): ACDB -> ACDB_CMD_GET_AFE_COMMON_TABLE
D/        (  222): Failed to fetch the lookup information of the device 0000000F 
E/ACDB-LOADER(  222): Error: ACDB AFE returned = -19
D/ACDB-LOADER(  222): ACDB -> AUDIO_SET_AFE_CAL
I/listen_hal_loader(  222): audio_extn_listen_update_stream_status(): uc_id 1 of type 0 for Event 3, with Raise=0
D/audio_hw_primary(  222): select_devices: done
I/QCOM PowerHAL(  222): Processing audio hint. Metadata: state=0
I/Timeline(32159): Timeline: Activity_idle id: android.os.BinderProxy@429a7c58 time:184283530
I/Timeline(  791): Timeline: Activity_windows_visible id: ActivityRecord{43ad7208 u0 com.whatsapp/.Conversation t351} time:184283804
W/ctxmgr  ( 1151): [PowerConnectionState]Got same value as before for power connection (Plug state: 2 BatteryLevel: 0.47)
D/AudioPolicyManager(  222):  getOutput() device 2, stream 1, samplingRate 0, format 0, channelMask 3, flags 0 
D/AudioPolicyManager(  222): getOutput() returns output 2
D/AudioPolicyManager(  222):  getOutput() device 2, stream 1, samplingRate 0, format 0, channelMask 3, flags 0 
D/AudioPolicyManager(  222): getOutput() returns output 2
D/AudioPolicyManager(  222):  getOutput() device 2, stream 1, samplingRate 48000, format 1, channelMask 3, flags 4 
D/AudioPolicyManager(  222): getOutput() returns output 3
D/AudioFlinger(  222): start(4101), calling pid 791 session 1964
D/AudioFlinger(  222): ? => ACTIVE (4101) on thread 0xb8d91430
I/QCOM PowerHAL(  222): Processing audio hint. Metadata: state=1
D/AudioPolicyManagerBase(  222): startOutput() output 3, stream 1, session 1964
I/QCOM PowerHAL(  222): Processing audio hint. Metadata: state=0
D/AudioPolicyManager(  222):  getOutput() device 2, stream 1, samplingRate 0, format 0, channelMask 3, flags 0 
D/AudioPolicyManager(  222): getOutput() returns output 2
D/AudioPolicyManager(  222):  getOutput() device 2, stream 1, samplingRate 0, format 0, channelMask 3, flags 0 
D/AudioPolicyManager(  222): getOutput() returns output 2
D/AudioPolicyManager(  222):  getOutput() device 2, stream 1, samplingRate 48000, format 1, channelMask 3, flags 4 
D/AudioPolicyManager(  222): getOutput() returns output 3
D/AudioFlinger(  222): start(4098), calling pid 791 session 1965
D/AudioFlinger(  222): ? => ACTIVE (4098) on thread 0xb8ec39e8
I/QCOM PowerHAL(  222): Processing audio hint. Metadata: state=1
D/AudioPolicyManagerBase(  222): startOutput() output 3, stream 1, session 1965
I/LatinIME:LogUtils( 1138): Dictionary info: dictionary = contacts.en_IN.dict ; version = ? ; date = ?
I/QCOM PowerHAL(  222): Processing audio hint. Metadata: state=0
D/AudioPolicyManager(  222):  getOutput() device 2, stream 1, samplingRate 0, format 0, channelMask 3, flags 0 
D/AudioPolicyManager(  222): getOutput() returns output 2
D/AudioPolicyManager(  222):  getOutput() device 2, stream 1, samplingRate 0, format 0, channelMask 3, flags 0 
D/AudioPolicyManager(  222): getOutput() returns output 2
D/AudioPolicyManager(  222):  getOutput() device 2, stream 1, samplingRate 48000, format 1, channelMask 3, flags 4 
D/AudioPolicyManager(  222): getOutput() returns output 3
D/AudioFlinger(  222): start(4101), calling pid 791 session 1966
D/AudioFlinger(  222): ? => ACTIVE (4101) on thread 0xb8d91430
I/QCOM PowerHAL(  222): Processing audio hint. Metadata: state=1
D/AudioPolicyManagerBase(  222): startOutput() output 3, stream 1, session 1966
I/QCOM PowerHAL(  222): Processing audio hint. Metadata: state=0
D/AudioPolicyManager(  222):  getOutput() device 2, stream 1, samplingRate 0, format 0, channelMask 3, flags 0 
D/AudioPolicyManager(  222): getOutput() returns output 2
D/AudioPolicyManager(  222):  getOutput() device 2, stream 1, samplingRate 0, format 0, channelMask 3, flags 0 
D/AudioPolicyManager(  222): getOutput() returns output 2
D/AudioPolicyManager(  222):  getOutput() device 2, stream 1, samplingRate 48000, format 1, channelMask 3, flags 4 
D/AudioPolicyManager(  222): getOutput() returns output 3
D/AudioFlinger(  222): start(4102), calling pid 791 session 1967
D/AudioFlinger(  222): ? => ACTIVE (4102) on thread 0xb8e890b8
I/QCOM PowerHAL(  222): Processing audio hint. Metadata: state=1
D/AudioPolicyManagerBase(  222): startOutput() output 3, stream 1, session 1967
I/QCOM PowerHAL(  222): Processing audio hint. Metadata: state=0
I/ExtendedUtils(  222): AV Sync late margin : Intended=40ms Using=0ms
D/AwesomePlayer(  222): Before reset_l
D/ExtendedUtils(  222): printFileName fd(48) -> /data/app/com.whatsapp-1.apk
D/ExtendedUtils(  222): extended extractor not needed, return default
I/FFmpegExtractor(  222): android-source:0xb8edad40
I/FFMPEG  (  222): Input #0, mov,mp4,m4a,3gp,3g2,mj2, from 'android-source:0xb8edad40':
I/FFMPEG  (  222):   Metadata:
I/FFMPEG  (  222):     major_brand     : M4A 
I/FFMPEG  (  222):     minor_version   : 0
I/FFMPEG  (  222):     compatible_brands: M4A mp42isom
I/FFMPEG  (  222):     creation_time   : 2012-03-07 02:05:10
I/FFMPEG  (  222):     title           : send_message
I/FFMPEG  (  222):     gapless_playback: 0
I/FFMPEG  (  222):     encoder         : iTunes 10.5.2.11
I/FFMPEG  (  222):   Duration: 00:00:00.09, start: 0.000000, bitrate: 393 kb/s
I/FFMPEG  (  222):     Stream #0:0(und): Audio: aac (mp4a / 0x6134706D), 44100 Hz, mono, fltp, 40 kb/s (default)
I/FFMPEG  (  222):     Metadata:
I/FFMPEG  (  222):       creation_time   : 2012-03-07 02:05:10
D/FFmpegExtractor(  222): FFmpegExtrator, url: android-source:0xb8edad40, format_name: mov,mp4,m4a,3gp,3g2,mj2, format_long_name: QuickTime / MOV
I/FFmpegExtractor(  222): adjust mime(video/mp4 -> audio/mp4a-latm)
D/FFmpegExtractor(  222): suppoted codec(aac) by official Stagefright
D/FFmpegExtractor(  222): ffmpeg detected media content as 'audio/mp4a-latm' with confidence 0.08
D/ExtendedUtils(  222): extended extractor not needed, return default
D/AudioPolicyManager(  222): copl: isOffloadSupported: SR=44100, CM=0x1, Format=0x4000000, StreamType=5, BitRate=4294967295, duration=92879 us, has_video=0
D/AudioPolicyManager(  222): copl: isOffloadSupported: stream_type != MUSIC, returning false
D/OMXCodec(  222): Successfully allocated OMX node 'OMX.google.aac.decoder'
I/AwesomePlayer(  222): Could not offload audio decode, try pcm offload (16-bit)
D/AudioPolicyManager(  222): copl: isOffloadSupported: SR=44100, CM=0x1, Format=0x17000001, StreamType=5, BitRate=4294967295, duration=92879 us, has_video=0
D/AudioPolicyManager(  222): copl: isOffloadSupported: stream_type != MUSIC, returning false
I/OMXCodec(  222): [OMX.google.aac.decoder] allocating 4 buffers of size 8192 on input port
I/OMXCodec(  222): [OMX.google.aac.decoder] allocated buffer 0xb8d90108 on input port
I/OMXCodec(  222): [OMX.google.aac.decoder] allocated buffer 0xb8eb73c8 on input port
I/OMXCodec(  222): [OMX.google.aac.decoder] allocated buffer 0xb8edb150 on input port
I/OMXCodec(  222): [OMX.google.aac.decoder] allocated buffer 0xb8e6e828 on input port
I/OMXCodec(  222): [OMX.google.aac.decoder] allocating 4 buffers of size 24576 on output port
I/OMXCodec(  222): [OMX.google.aac.decoder] allocated buffer 0xb8e84570 on output port
I/OMXCodec(  222): [OMX.google.aac.decoder] allocated buffer 0xb8eb6990 on output port
I/OMXCodec(  222): [OMX.google.aac.decoder] allocated buffer 0xb8ebb798 on output port
I/OMXCodec(  222): [OMX.google.aac.decoder] allocated buffer 0xb8e83320 on output port
E/MediaPlayer(32159): Should have subtitle controller already set
D/AudioPlayer(  222): start of Playback, useOffload 0
I/SoftAAC2(  222): Reconfiguring decoder: 0->44100 Hz, 0->1 channels
I/OMXNodeInstance(  222): OMX_FreeBuffer for buffer header 0xb8e84570 successful
I/OMXNodeInstance(  222): OMX_FreeBuffer for buffer header 0xb8eb6990 successful
I/OMXNodeInstance(  222): OMX_FreeBuffer for buffer header 0xb8ebb798 successful
I/OMXNodeInstance(  222): OMX_FreeBuffer for buffer header 0xb8e83320 successful
I/OMXCodec(  222): [OMX.google.aac.decoder] allocating 4 buffers of size 24576 on output port
I/OMXCodec(  222): [OMX.google.aac.decoder] allocated buffer 0xb8e833b0 on output port
I/OMXCodec(  222): [OMX.google.aac.decoder] allocated buffer 0xb8e6e6f0 on output port
I/OMXCodec(  222): [OMX.google.aac.decoder] allocated buffer 0xb8e845c0 on output port
I/OMXCodec(  222): [OMX.google.aac.decoder] allocated buffer 0xb8ebb768 on output port
D/AudioPolicyManager(  222):  getOutput() device 2, stream 5, samplingRate 0, format 0, channelMask 3, flags 0 
D/AudioPolicyManager(  222): getOutput() returns output 2
D/AudioPolicyManager(  222):  getOutput() device 2, stream 5, samplingRate 0, format 0, channelMask 3, flags 0 
D/AudioPolicyManager(  222): getOutput() returns output 2
D/AudioPolicyManager(  222):  getOutput() device 2, stream 5, samplingRate 44100, format 1, channelMask 1, flags 0 
D/AudioPolicyManager(  222): getOutput() returns output 2
D/AudioPolicyManager(  222):  getOutput() device 2, stream 5, samplingRate 0, format 0, channelMask 3, flags 0 
D/AudioPolicyManager(  222): getOutput() returns output 2
D/AudioFlinger(  222): start(4096), calling pid 32159 session 1968
D/AudioFlinger(  222): ? => ACTIVE (4096) on thread 0xb8e98a30
I/QCOM PowerHAL(  222): Processing audio hint. Metadata: state=1
D/AudioPolicyManagerBase(  222): startOutput() output 2, stream 5, session 1968
D/audio_hw_primary(  222): start_output_stream: enter: stream(0xb8d123e0)usecase(0: deep-buffer-playback) devices(0x2)
V/msm8974_platform(  222): platform_get_output_snd_device: enter: output devices(0x2)
V/msm8974_platform(  222): platform_get_output_snd_device: exit: snd_device(speaker)
D/audio_hw_primary(  222): select_devices: out_snd_device(2: speaker) in_snd_device(0: )
W/msm8974_platform(  222): Property audio.offload.24bit.enable is set
V/msm8974_platform(  222): platform_check_and_set_codec_backend_cfg usecase = 0
W/msm8974_platform(  222): Codec backend bitwidth 16, samplerate 48000
V/msm8974_platform(  222): Playback running bw 16 sr 48000 standby 0
V/msm8974_platform(  222): Playback running bw 16 sr 48000 standby 0
D/hardware_info(  222): hw_info_append_hw_type : device_name = speaker
I/listen_hal_loader(  222): audio_extn_listen_update_stream_status(): uc_id 0 of type 0 for Event 3, with Raise=0
D/audio_hw_primary(  222): select_devices: done
D/AudioPlayer(  222): Pause Playback at 0
I/QCOM PowerHAL(  222): Processing audio hint. Metadata: state=0
D/audio_hw_primary(  222): out_standby: enter: stream (0xb8d13cc0) usecase(1: low-latency-playback)
I/listen_hal_loader(  222): audio_extn_listen_update_stream_status(): uc_id 1 of type 0 for Event 2, with Raise=0
D/hardware_info(  222): hw_info_append_hw_type : device_name = speaker
D/AudioPlayer(  222): reset: mPlaying=0 mReachedEOS=1 useOffload=0
I/OMXNodeInstance(  222): OMX_FreeBuffer for buffer header 0xb8e6e828 successful
I/OMXNodeInstance(  222): OMX_FreeBuffer for buffer header 0xb8edb150 successful
I/OMXNodeInstance(  222): OMX_FreeBuffer for buffer header 0xb8eb73c8 successful
I/OMXNodeInstance(  222): OMX_FreeBuffer for buffer header 0xb8d90108 successful
I/OMXNodeInstance(  222): OMX_FreeBuffer for buffer header 0xb8ebb768 successful
I/OMXNodeInstance(  222): OMX_FreeBuffer for buffer header 0xb8e845c0 successful
I/OMXNodeInstance(  222): OMX_FreeBuffer for buffer header 0xb8e6e6f0 successful
I/OMXNodeInstance(  222): OMX_FreeBuffer for buffer header 0xb8e833b0 successful
W/ctxmgr  ( 1151): [PowerConnectionState]Got same value as before for power connection (Plug state: 2 BatteryLevel: 0.47)
I/Timeline(32159): Timeline: Activity_idle id: android.os.BinderProxy@41d10490 time:184290210
I/Timeline(  791): Timeline: Activity_windows_visible id: ActivityRecord{42e6f990 u0 com.whatsapp/.HomeActivity t351} time:184290497
I/ActivityManager(  791): START u0 {act=com.android.systemui.recent.action.TOGGLE_RECENTS flg=0x10800000 cmp=com.android.systemui/.recent.RecentsActivity} from pid 1027
W/IInputConnectionWrapper(32159): showStatusIcon on inactive InputConnection
W/InputMethodManagerService(  791): Starting input on non-focused client com.android.internal.view.IInputMethodClient$Stub$Proxy@4309a530 (uid=10089 pid=32159)
I/Timeline(  791): Timeline: Activity_windows_visible id: ActivityRecord{41bfe0c8 u0 com.android.systemui/.recent.RecentsActivity t352} time:184290614
D/audio_hw_primary(  222): out_standby: enter: stream (0xb8d123e0) usecase(0: deep-buffer-playback)
I/Timeline( 1027): Timeline: Activity_idle id: android.os.BinderProxy@4254a008 time:184290661
I/listen_hal_loader(  222): audio_extn_listen_update_stream_status(): uc_id 0 of type 0 for Event 2, with Raise=0
D/hardware_info(  222): hw_info_append_hw_type : device_name = speaker
I/listen_hal_loader(  222): audio_extn_listen_update_device_status(): device 0x2 of type 0 for Event 0, with Raise=0
I/ActivityManager(  791): Killing 32159:com.whatsapp/u0a89 (adj 16): remove task
W/ActivityManager(  791): Scheduling restart of crashed service com.whatsapp/.messaging.MessageService in 1000ms
I/Timeline( 1229): Timeline: Activity_idle id: android.os.BinderProxy@41bbcff0 time:184291703
I/Timeline(  791): Timeline: Activity_windows_visible id: ActivityRecord{42274620 u0 com.cyanogenmod.trebuchet/org.cyanogenmod.trebuchet.CustomHomeLauncher t1} time:184291993
V/Zygote  ( 3123): Switching descriptor 34 to /dev/null
V/Zygote  ( 3123): Switching descriptor 9 to /dev/null
I/ActivityManager(  791): Start proc com.whatsapp for service com.whatsapp/.messaging.MessageService: pid=3123 uid=10089 gids={50089, 3002, 1006, 3003, 1028, 1015}
D/ActivityThread( 3123): handleBindApplication:com.whatsapp
D/ActivityThread( 3123): setTargetHeapUtilization:0.75
D/ActivityThread( 3123): setTargetHeapMinFree:2097152
E/dalvikvm( 3123): Could not find class 'com.amazon.device.messaging.ADM', referenced from method com.whatsapp.App.a
W/dalvikvm( 3123): VFY: unable to resolve new-instance 1433 (Lcom/amazon/device/messaging/ADM;) in Lcom/whatsapp/App;
D/dalvikvm( 3123): VFY: replacing opcode 0x22 at 0x0012
E/dalvikvm( 3123): Could not find class 'com.amazon.device.messaging.ADM', referenced from method com.whatsapp.App.as
W/dalvikvm( 3123): VFY: unable to resolve new-instance 1433 (Lcom/amazon/device/messaging/ADM;) in Lcom/whatsapp/App;
D/dalvikvm( 3123): VFY: replacing opcode 0x22 at 0x0000
D/dalvikvm( 3123): DexOpt: unable to opt direct call 0x2849 at 0x14 in Lcom/whatsapp/App;.a
D/dalvikvm( 3123): DexOpt: unable to opt direct call 0x2849 at 0x04 in Lcom/whatsapp/App;.as
W/dalvikvm( 3123): Unable to resolve superclass of Lcom/whatsapp/adm/ADMMessageHandler; (1434)
W/dalvikvm( 3123): Link of class 'Lcom/whatsapp/adm/ADMMessageHandler;' failed
E/dalvikvm( 3123): Could not find class 'com.whatsapp.adm.ADMMessageHandler', referenced from method com.whatsapp.p5.f
W/dalvikvm( 3123): VFY: unable to resolve new-instance 3562 (Lcom/whatsapp/adm/ADMMessageHandler;) in Lcom/whatsapp/p5;
D/dalvikvm( 3123): VFY: replacing opcode 0x22 at 0x0025
W/dalvikvm( 3123): Unable to resolve superclass of Lcom/whatsapp/adm/ADMMessageHandler; (1434)
W/dalvikvm( 3123): Link of class 'Lcom/whatsapp/adm/ADMMessageHandler;' failed
E/dalvikvm( 3123): Could not find class 'com.whatsapp.adm.ADMMessageHandler', referenced from method com.whatsapp.p5.f
W/dalvikvm( 3123): VFY: unable to resolve new-instance 3562 (Lcom/whatsapp/adm/ADMMessageHandler;) in Lcom/whatsapp/p5;
D/dalvikvm( 3123): VFY: replacing opcode 0x22 at 0x003e
W/dalvikvm( 3123): Unable to resolve superclass of Lcom/whatsapp/adm/ADMMessageHandler; (1434)
W/dalvikvm( 3123): Link of class 'Lcom/whatsapp/adm/ADMMessageHandler;' failed
D/dalvikvm( 3123): DexOpt: unable to opt direct call 0x725c at 0x29 in Lcom/whatsapp/p5;.f
W/dalvikvm( 3123): Unable to resolve superclass of Lcom/whatsapp/adm/ADMMessageHandler; (1434)
W/dalvikvm( 3123): Link of class 'Lcom/whatsapp/adm/ADMMessageHandler;' failed
D/dalvikvm( 3123): DexOpt: unable to opt direct call 0x725c at 0x42 in Lcom/whatsapp/p5;.f
I/WhatsApp( 3123): LL_I D [1:main]App.java:955 ntp update processed; device time: Sun Sep 20 14:18:04 IST 2015 ntp time: Sun Sep 20 14:18:04 IST 2015
I/dalvikvm( 3123): Could not find method android.os.PowerManager.isPowerSaveMode, referenced from method com.whatsapp.BatteryReceiver.a
W/dalvikvm( 3123): VFY: unable to resolve virtual method 1602: Landroid/os/PowerManager;.isPowerSaveMode ()Z
D/dalvikvm( 3123): VFY: replacing opcode 0x6e at 0x000d
D/Event   ( 3123): No subscribers registered for event class com.whatsapp.v6
D/Event   ( 3123): No subscribers registered for event class de.greenrobot.event.l
D/dalvikvm( 3123): Trying to load lib /data/app-lib/com.whatsapp-1/libvlc.so 0x42b75148
D/dalvikvm( 3123): Added shared lib /data/app-lib/com.whatsapp-1/libvlc.so 0x42b75148
D/dalvikvm( 3123): No JNI_OnLoad found in /data/app-lib/com.whatsapp-1/libvlc.so 0x42b75148, skipping init
D/dalvikvm( 3123): Trying to load lib /data/app-lib/com.whatsapp-1/libresample.so 0x42b75148
D/dalvikvm( 3123): Added shared lib /data/app-lib/com.whatsapp-1/libresample.so 0x42b75148
D/dalvikvm( 3123): No JNI_OnLoad found in /data/app-lib/com.whatsapp-1/libresample.so 0x42b75148, skipping init
D/dalvikvm( 3123): Trying to load lib /data/app-lib/com.whatsapp-1/libwhatsapp.so 0x42b75148
D/dalvikvm( 3123): Added shared lib /data/app-lib/com.whatsapp-1/libwhatsapp.so 0x42b75148
I/WhatsApp( 3123): LL_I W [1:main]Runtime.java:421 14:18:04.922 os_core_unix.c !pjlib 2.2.1 for POSIX initialized
I/WhatsApp( 3123): LL_I W [1:main]Runtime.java:421 14:18:04.924 wa_audio_dev.c !WA Audio sound library initialized
I/WhatsApp( 3123): LL_I W [1:main]Runtime.java:421 14:18:04.925          pjlib  select() I/O Queue created (0x71317e24)
I/WhatsApp( 3123): LL_I W [1:main]Runtime.java:421 14:18:04.926      wa_opus.c  pjmedia_codec_opus_init start
I/WhatsApp( 3123): LL_I W [1:main]Runtime.java:421 14:18:04.927      wa_opus.c  pjmedia_codec_opus_init success
D/dalvikvm( 3123): Trying to load lib /data/app-lib/com.whatsapp-1/libcurve25519.so 0x42b75148
D/dalvikvm( 3123): Added shared lib /data/app-lib/com.whatsapp-1/libcurve25519.so 0x42b75148
D/dalvikvm( 3123): No JNI_OnLoad found in /data/app-lib/com.whatsapp-1/libcurve25519.so 0x42b75148, skipping init
I/WhatsApp( 3123): LL_I W [1:main]WhatsAppLibLoader.java:25 native library usability testing in progress
I/WhatsApp( 3123): LL_I W [1:main]WhatsAppLibLoader.java:25 native library usability testing complete
I/WhatsApp( 3123): LL_I W [1:main]WhatsAppLibLoader.java:4 jniVersion: 2.12.250
I/WhatsApp( 3123): LL_I W [1:main]WhatsAppLibLoader.java:22 isLibraryUsable: True
I/dalvikvm( 3123): Could not find method android.net.ConnectivityManager.getAllNetworks, referenced from method com.whatsapp.sg.a
W/dalvikvm( 3123): VFY: unable to resolve virtual method 1324: Landroid/net/ConnectivityManager;.getAllNetworks ()[Landroid/net/Network;
D/dalvikvm( 3123): VFY: replacing opcode 0x6e at 0x050d
D/Finsky  (14308): [6384] InAppBillingUtils.pickAccount: com.whatsapp: Account determined from installer data - [4mLnbd9uw_CaOWBSAVb4PadMTjI]
D/Finsky  (14308): [6385] InAppBillingUtils.pickAccount: com.whatsapp: Account determined from installer data - [4mLnbd9uw_CaOWBSAVb4PadMTjI]
D/Finsky  (14308): [6409] InAppBillingUtils.pickAccount: com.whatsapp: Account determined from installer data - [4mLnbd9uw_CaOWBSAVb4PadMTjI]
W/dalvikvm( 3123): Unable to resolve superclass of Lcom/whatsapp/a10; (1313)
W/dalvikvm( 3123): Link of class 'Lcom/whatsapp/a10;' failed
E/dalvikvm( 3123): Could not find class 'com.whatsapp.a10', referenced from method com.whatsapp.Conversation.onCreate
W/dalvikvm( 3123): VFY: unable to resolve new-instance 3252 (Lcom/whatsapp/a10;) in Lcom/whatsapp/Conversation;
D/dalvikvm( 3123): VFY: replacing opcode 0x22 at 0x02ac
I/dalvikvm( 3123): Could not find method android.view.Window.setStatusBarColor, referenced from method com.whatsapp.Conversation.onSupportActionModeFinished
W/dalvikvm( 3123): VFY: unable to resolve virtual method 9441: Landroid/view/Window;.setStatusBarColor (I)V
D/dalvikvm( 3123): VFY: replacing opcode 0x6e at 0x0025
I/dalvikvm( 3123): Could not find method android.view.Window.setStatusBarColor, referenced from method com.whatsapp.Conversation.onSupportActionModeStarted
W/dalvikvm( 3123): VFY: unable to resolve virtual method 9441: Landroid/view/Window;.setStatusBarColor (I)V
D/dalvikvm( 3123): VFY: replacing opcode 0x6e at 0x0025
W/dalvikvm( 3123): Unable to resolve superclass of Lcom/whatsapp/a10; (1313)
W/dalvikvm( 3123): Link of class 'Lcom/whatsapp/a10;' failed
D/dalvikvm( 3123): DexOpt: unable to opt direct call 0x6d6e at 0x2ae in Lcom/whatsapp/Conversation;.onCreate
D/Event   ( 3123): No subscribers registered for event class com.whatsapp.a3m
D/Event   ( 3123): No subscribers registered for event class de.greenrobot.event.l
W/ctxmgr  ( 1151): [PowerConnectionState]Got same value as before for power connection (Plug state: 2 BatteryLevel: 0.47)
W/ctxmgr  ( 1151): [PowerConnectionState]Got same value as before for power connection (Plug state: 2 BatteryLevel: 0.47)
W/ctxmgr  ( 1151): [PowerConnectionState]Got same value as before for power connection (Plug state: 2 BatteryLevel: 0.47)
W/ctxmgr  ( 1151): [PowerConnectionState]Got same value as before for power connection (Plug state: 2 BatteryLevel: 0.47)
D/AndroidRuntime( 3266): 
D/AndroidRuntime( 3266): >>>>>> AndroidRuntime START com.android.internal.os.RuntimeInit <<<<<<
D/AndroidRuntime( 3266): CheckJNI is OFF
D/dalvikvm( 3266): Trying to load lib libjavacore.so 0x0
D/dalvikvm( 3266): Added shared lib libjavacore.so 0x0
D/dalvikvm( 3266): Trying to load lib libnativehelper.so 0x0
D/dalvikvm( 3266): Added shared lib libnativehelper.so 0x0
D/dalvikvm( 3266): No JNI_OnLoad found in libnativehelper.so 0x0, skipping init
D/dalvikvm( 3266): Note: class Landroid/app/ActivityManagerNative; has 180 unimplemented (abstract) methods
D/AndroidRuntime( 3266): Calling main entry com.android.commands.pm.Pm
V/Zygote  ( 3276): Switching descriptor 34 to /dev/null
V/Zygote  ( 3276): Switching descriptor 9 to /dev/null
I/ActivityManager(  791): Start proc com.android.defcontainer for service com.android.defcontainer/.DefaultContainerService: pid=3276 uid=10008 gids={50008, 1028, 1015, 1023, 2001, 1035}
D/ActivityThread( 3276): handleBindApplication:com.android.defcontainer
D/ActivityThread( 3276): setTargetHeapUtilization:0.75
D/ActivityThread( 3276): setTargetHeapMinFree:2097152
W/ActivityManager(  791): No content provider found for permission revoke: file:///data/local/tmp/com.example.saurabh.notify
W/ActivityManager(  791): No content provider found for permission revoke: file:///data/local/tmp/com.example.saurabh.notify
I/PackageManager(  791): Copying native libraries to /data/app-lib/vmdl289586122
I/PackageManager(  791): Running dexopt on: com.example.saurabh.notify
W/dalvikvm( 3296): method Landroid/support/v7/internal/widget/ListViewCompat;.lookForSelectablePosition incorrectly overrides package-private method with same name in Landroid/widget/ListView;
D/dalvikvm( 3296): DexOpt: load 95ms, verify+opt 219ms, 1930324 bytes
I/ActivityManager(  791): Force stopping com.example.saurabh.notify appid=10140 user=-1: update pkg
D/BackupManagerService(  791): Received broadcast Intent { act=android.intent.action.PACKAGE_ADDED dat=package:com.example.saurabh.notify flg=0x4000010 (has extras) }
V/BackupManagerService(  791): addPackageParticipantsLocked: #1
D/Documents( 2823): Used cached roots for com.android.providers.downloads.documents
D/Documents( 2823): Used cached roots for com.android.externalstorage.documents
D/Documents( 2823): Used cached roots for com.android.providers.media.documents
D/Documents( 2823): Used cached roots for com.google.android.apps.docs.storage
D/Documents( 2823): Update found 8 roots in 17ms
I/InputReader(  791): Reconfiguring input devices.  changes=0x00000010
I/PackageManager(  791):   Action: "android.intent.action.SENDTO"
I/PackageManager(  791):   Category: "android.intent.category.DEFAULT"
I/PackageManager(  791):   Scheme: "sms"
I/PackageManager(  791): Adding preferred activity ComponentInfo{com.android.mms/com.android.mms.ui.ComposeMessageActivity} for user 0 :
I/PackageManager(  791):   Action: "android.intent.action.SENDTO"
I/PackageManager(  791):   Category: "android.intent.category.DEFAULT"
I/PackageManager(  791):   Scheme: "smsto"
I/PackageManager(  791): Adding preferred activity ComponentInfo{com.android.mms/com.android.mms.ui.ComposeMessageActivity} for user 0 :
I/PackageManager(  791):   Action: "android.intent.action.SENDTO"
I/PackageManager(  791):   Category: "android.intent.category.DEFAULT"
I/PackageManager(  791):   Scheme: "mms"
I/PackageManager(  791): Adding preferred activity ComponentInfo{com.android.mms/com.android.mms.ui.ComposeMessageActivity} for user 0 :
I/PackageManager(  791):   Action: "android.intent.action.SENDTO"
I/PackageManager(  791):   Category: "android.intent.category.DEFAULT"
I/PackageManager(  791):   Scheme: "mmsto"
I/PackageManager(  791): Adding preferred activity ComponentInfo{com.android.mms/com.android.mms.ui.ComposeMessageActivity} for user 0 :
I/PackageManager(  791):   Action: "android.intent.action.SENDTO"
I/PackageManager(  791):   Category: "android.intent.category.DEFAULT"
I/PackageManager(  791):   Scheme: "sms"
I/PackageManager(  791): Adding preferred activity ComponentInfo{com.android.mms/com.android.mms.ui.ComposeMessageActivity} for user 0 :
I/PackageManager(  791):   Action: "android.intent.action.SENDTO"
I/PackageManager(  791):   Category: "android.intent.category.DEFAULT"
I/PackageManager(  791):   Scheme: "smsto"
I/PackageManager(  791): Adding preferred activity ComponentInfo{com.android.mms/com.android.mms.ui.ComposeMessageActivity} for user 0 :
I/PackageManager(  791):   Action: "android.intent.action.SENDTO"
I/PackageManager(  791):   Category: "android.intent.category.DEFAULT"
I/PackageManager(  791):   Scheme: "mms"
I/PackageManager(  791): Adding preferred activity ComponentInfo{com.android.mms/com.android.mms.ui.ComposeMessageActivity} for user 0 :
I/PackageManager(  791):   Action: "android.intent.action.SENDTO"
I/PackageManager(  791):   Category: "android.intent.category.DEFAULT"
I/PackageManager(  791):   Scheme: "mmsto"
I/PackageManager(  791): Adding preferred activity ComponentInfo{com.android.mms/com.android.mms.ui.ComposeMessageActivity} for user 0 :
D/Launcher.Model( 1229): shortcutWasRestored is false for com.example.saurabh.notify/com.example.saurabh.notify.MainActivity
D/Launcher.Workspace( 1229): 11683562 - removeExtraEmptyScreen()
D/Launcher.Workspace( 1229): 11683562 - convertFinalScreenToEmptyScreenIfNecessary()
D/Launcher.Workspace( 1229): 11683562 - fadeAndRemoveEmptyScreen()
D/AndroidRuntime( 3266): Shutting down VM
D/jdwp    ( 3266): Got wake-up signal, bailing out of select
D/dalvikvm( 3266): Debugger has detached; object registry had 1 entries
V/Zygote  ( 3313): Switching descriptor 34 to /dev/null
V/Zygote  ( 3313): Switching descriptor 9 to /dev/null
I/ActivityManager(  791): Start proc com.cyngn.cmstats for broadcast com.cyngn.cmstats/.PackageEventReceiver: pid=3313 uid=10004 gids={50004, 3003}
W/SearchableInfo(  791): Invalid searchable metadata for com.bt.bms/.activities.GlobalSearchActivity: Search label must be a resource reference.
D/ActivityThread( 3313): handleBindApplication:com.cyngn.cmstats
D/ActivityThread( 3313): setTargetHeapUtilization:0.75
D/ActivityThread( 3313): setTargetHeapMinFree:2097152
V/Zygote  ( 3327): Switching descriptor 34 to /dev/null
V/Zygote  ( 3327): Switching descriptor 9 to /dev/null
I/ActivityManager(  791): Start proc com.google.android.partnersetup for broadcast com.google.android.partnersetup/.RlzPingBroadcastReceiver: pid=3327 uid=10015 gids={50015, 3003}
I/ActivityManager(  791): Killing 2424:com.android.packageinstaller/u0a67 (adj 15): empty #17
D/ActivityThread( 3327): handleBindApplication:com.google.android.partnersetup
D/ActivityThread( 3327): setTargetHeapUtilization:0.75
D/ActivityThread( 3327): setTargetHeapMinFree:2097152
D/AndroidRuntime( 3312): 
D/AndroidRuntime( 3312): >>>>>> AndroidRuntime START com.android.internal.os.RuntimeInit <<<<<<
D/AndroidRuntime( 3312): CheckJNI is OFF
D/dalvikvm( 3312): Trying to load lib libjavacore.so 0x0
D/dalvikvm( 3312): Added shared lib libjavacore.so 0x0
D/dalvikvm( 3312): Trying to load lib libnativehelper.so 0x0
D/dalvikvm( 3312): Added shared lib libnativehelper.so 0x0
D/dalvikvm( 3312): No JNI_OnLoad found in libnativehelper.so 0x0, skipping init
V/Zygote  ( 3350): Switching descriptor 34 to /dev/null
V/Zygote  ( 3350): Switching descriptor 9 to /dev/null
D/dalvikvm( 3312): Note: class Landroid/app/ActivityManagerNative; has 180 unimplemented (abstract) methods
I/ActivityManager(  791): Start proc com.android.settings for broadcast com.android.settings/.cyanogenmod.superuser.PackageChangeReceiver: pid=3350 uid=1000 gids={41000, 3002, 3001, 1028, 1015, 3003, 1007, 1021, 3004, 3005, 1000, 3010, 1023, 1010}
I/ActivityManager(  791): Killing 2512:com.android.keychain/1000 (adj 15): empty #17
D/ActivityThread( 3350): handleBindApplication:com.android.settings
D/ActivityThread( 3350): setTargetHeapUtilization:0.75
D/ActivityThread( 3350): setTargetHeapMinFree:2097152
W/ctxmgr  ( 1151): [PowerConnectionState]Got same value as before for power connection (Plug state: 2 BatteryLevel: 0.47)
D/AndroidRuntime( 3312): Calling main entry com.android.commands.am.Am
I/ActivityManager(  791): START u0 {act=android.intent.action.MAIN cat=[android.intent.category.LAUNCHER] flg=0x10000000 cmp=com.example.saurabh.notify/.MainActivity} from pid 3312
D/AndroidRuntime( 3312): Shutting down VM
D/jdwp    ( 3312): Got wake-up signal, bailing out of select
D/dalvikvm( 3312): Debugger has detached; object registry had 1 entries
V/Zygote  ( 3366): Switching descriptor 34 to /dev/null
V/Zygote  ( 3366): Switching descriptor 9 to /dev/null
D/dalvikvm( 3366): Late-enabling CheckJNI
I/ActivityManager(  791): Start proc com.example.saurabh.notify for activity com.example.saurabh.notify/.MainActivity: pid=3366 uid=10140 gids={50140}
I/ActivityManager(  791): Killing 2526:com.swiftkey.swiftkeyconfigurator/u0a78 (adj 15): empty #17
D/ActivityThread( 3366): handleBindApplication:com.example.saurabh.notify
D/ActivityThread( 3366): setTargetHeapUtilization:0.75
D/ActivityThread( 3366): setTargetHeapMinFree:2097152
I/ActivityManager(  791): START u0 {act=android.settings.ACTION_NOTIFICATION_LISTENER_SETTINGS cmp=com.android.settings/.Settings$NotificationAccessSettingsActivity} from pid 3366
I/Timeline( 3366): Timeline: Activity_idle id: android.os.BinderProxy@42b4aa90 time:184320277
I/Adreno-EGL( 3350): <qeglDrvAPI_eglInitialize:410>: EGL 1.4 QUALCOMM build: AU_LINUX_ANDROID_LNX.LA.3.5.2.2_RB1.04.04.04.087.028_msm8974_LNX.LA.3.5.2.2_RB1__release_AU ()
I/Adreno-EGL( 3350): OpenGL ES Shader Compiler Version: E031.24.00.15
I/Adreno-EGL( 3350): Build Date: 07/31/14 Thu
I/Adreno-EGL( 3350): Local Branch: 
I/Adreno-EGL( 3350): Remote Branch: quic/LNX.LA.3.5.2.2_rb1
I/Adreno-EGL( 3350): Local Patches: NONE
I/Adreno-EGL( 3350): Reconstruct Branch: AU_LINUX_ANDROID_LNX.LA.3.5.2.2_RB1.04.04.04.087.028 +  NOTHING
D/OpenGLRenderer( 3350): Enabling debug mode 0
W/ResourceType( 3350): No package identifier when getting value for resource number 0x00000000
I/UpdateIcingCorporaServi(24226): Updating corpora: APPS=com.example.saurabh.notify, CONTACTS=MAYBE
D/ChimeraCfgMgr( 1705): Loading module com.google.android.gms.games from APK com.google.android.play.games
D/ChimeraModuleLdr( 1705): Module APK com.google.android.play.games already loaded
D/PackageBroadcastService( 1705): Received broadcast action=android.intent.action.PACKAGE_ADDED and uri=com.example.saurabh.notify
