W/dalvikvm( 2603): Unable to resolve superclass of Lbg; (785)
W/dalvikvm( 2603): Link of class 'Lbg;' failed
E/dalvikvm( 2603): Could not find class 'bg', referenced from method b.a
W/dalvikvm( 2603): VFY: unable to resolve new-instance 1494 (Lbg;) in Lb;
D/dalvikvm( 2603): VFY: replacing opcode 0x22 at 0x0006
W/dalvikvm( 2603): Unable to resolve superclass of Lbi; (785)
W/dalvikvm( 2603): Link of class 'Lbi;' failed
E/dalvikvm( 2603): Could not find class 'bi', referenced from method b.a
W/dalvikvm( 2603): VFY: unable to resolve new-instance 1548 (Lbi;) in Lb;
D/dalvikvm( 2603): VFY: replacing opcode 0x22 at 0x002c
I/dalvikvm( 2603): Could not find method android.transition.TransitionSet.getTransitionCount, referenced from method b.a
W/dalvikvm( 2603): VFY: unable to resolve virtual method 5043: Landroid/transition/TransitionSet;.getTransitionCount ()I
D/dalvikvm( 2603): VFY: replacing opcode 0x6e at 0x0008
I/dalvikvm( 2603): Could not find method android.view.ViewGroup.isTransitionGroup, referenced from method b.a
W/dalvikvm( 2603): VFY: unable to resolve virtual method 5551: Landroid/view/ViewGroup;.isTransitionGroup ()Z
D/dalvikvm( 2603): VFY: replacing opcode 0x6e at 0x000c
I/dalvikvm( 2603): Could not find method android.view.View.getTransitionName, referenced from method b.a
W/dalvikvm( 2603): VFY: unable to resolve virtual method 5362: Landroid/view/View;.getTransitionName ()Ljava/lang/String;
D/dalvikvm( 2603): VFY: replacing opcode 0x6e at 0x0006
I/dalvikvm( 2603): Could not find method android.transition.Transition.getTargetNames, referenced from method b.a
W/dalvikvm( 2603): VFY: unable to resolve virtual method 5032: Landroid/transition/Transition;.getTargetNames ()Ljava/util/List;
D/dalvikvm( 2603): VFY: replacing opcode 0x6e at 0x000a
I/dalvikvm( 2603): Could not find method android.view.ViewParent.onNestedPreFling, referenced from method b.a
W/dalvikvm( 2603): VFY: unable to resolve interface method 5597: Landroid/view/ViewParent;.onNestedPreFling (Landroid/view/View;FF)Z
D/dalvikvm( 2603): VFY: replacing opcode 0x72 at 0x0000
I/dalvikvm( 2603): Could not find method android.view.ViewParent.onNestedFling, referenced from method b.a
W/dalvikvm( 2603): VFY: unable to resolve interface method 5596: Landroid/view/ViewParent;.onNestedFling (Landroid/view/View;FFZ)Z
D/dalvikvm( 2603): VFY: replacing opcode 0x72 at 0x0000
I/dalvikvm( 2603): Could not find method android.view.ViewParent.onStartNestedScroll, referenced from method b.a
W/dalvikvm( 2603): VFY: unable to resolve interface method 5601: Landroid/view/ViewParent;.onStartNestedScroll (Landroid/view/View;Landroid/view/View;I)Z
D/dalvikvm( 2603): VFY: replacing opcode 0x72 at 0x0000
W/dalvikvm( 2603): VFY: unable to find class referenced in signature ([Landroid/app/RemoteInput;)
E/dalvikvm( 2603): Could not find class 'android.app.RemoteInput[]', referenced from method b.a
W/dalvikvm( 2603): VFY: unable to resolve new-array 12802 ([Landroid/app/RemoteInput;) in Lb;
D/dalvikvm( 2603): VFY: replacing opcode 0x23 at 0x0005
I/dalvikvm( 2603): Could not find method android.transition.TransitionSet.getTransitionCount, referenced from method b.b
W/dalvikvm( 2603): VFY: unable to resolve virtual method 5043: Landroid/transition/TransitionSet;.getTransitionCount ()I
D/dalvikvm( 2603): VFY: replacing opcode 0x6e at 0x0009
D/dalvikvm( 2603): DexOpt: unable to opt direct call 0x09d7 at 0x0e in Lb;.a
D/dalvikvm( 2603): DexOpt: unable to opt direct call 0x0d4a at 0x0e in Lb;.a
D/dalvikvm( 2603): DexOpt: unable to opt direct call 0x09d7 at 0x0e in Lb;.a
W/dalvikvm( 2603): Unable to resolve superclass of Lbg; (785)
W/dalvikvm( 2603): Link of class 'Lbg;' failed
D/dalvikvm( 2603): DexOpt: unable to opt direct call 0x249a at 0x08 in Lb;.a
W/dalvikvm( 2603): Unable to resolve superclass of Lbi; (785)
W/dalvikvm( 2603): Link of class 'Lbi;' failed
D/dalvikvm( 2603): DexOpt: unable to opt direct call 0x257c at 0x30 in Lb;.a
D/dalvikvm( 2603): DexOpt: unable to opt direct call 0x0a2f at 0x13 in Lb;.a
I/dalvikvm( 2603): Could not find method android.content.pm.PackageManager.getPackageInstaller, referenced from method dvi.a
W/dalvikvm( 2603): VFY: unable to resolve virtual method 2923: Landroid/content/pm/PackageManager;.getPackageInstaller ()Landroid/content/pm/PackageInstaller;
D/dalvikvm( 2603): VFY: replacing opcode 0x6e at 0x000f
I/dalvikvm( 2603): Could not find method android.app.Notification$Builder.setLocalOnly, referenced from method dvi.c
W/dalvikvm( 2603): VFY: unable to resolve virtual method 2555: Landroid/app/Notification$Builder;.setLocalOnly (Z)Landroid/app/Notification$Builder;
D/dalvikvm( 2603): VFY: replacing opcode 0x6e at 0x021b
D/dalvikvm( 2603): Trying to load lib /data/app-lib/com.google.android.apps.plus-2/libcrashreporterer.so 0x42b3b628
D/dalvikvm( 2603): Added shared lib /data/app-lib/com.google.android.apps.plus-2/libcrashreporterer.so 0x42b3b628
I/ActivityManager(  791): Killing 30318:com.android.providers.calendar/u0a5 (adj 15): empty #17
V/Zygote  ( 2629): Switching descriptor 34 to /dev/null
V/Zygote  ( 2629): Switching descriptor 9 to /dev/null
I/ActivityManager(  791): Start proc com.facebook.katana:dash for broadcast com.facebook.katana/com.facebook.dash.receivers.DashPackageUninstallReceiver: pid=2629 uid=10090 gids={50090, 1006, 1028, 1015, 3003}
I/ActivityManager(  791): Killing 30345:com.google.android.calendar/u0a36 (adj 15): empty #17
D/ActivityThread( 2629): handleBindApplication:com.facebook.katana:dash
D/ActivityThread( 2629): setTargetHeapUtilization:0.75
D/ActivityThread( 2629): setTargetHeapMinFree:2097152
W/dalvikvm( 2629): VFY: unable to resolve static field 970 (a) in Lcom/facebook/katana/app/WorkAppTypes;
D/dalvikvm( 2629): VFY: replacing opcode 0x62 at 0x0013
W/dalvikvm( 2629): VFY: unable to resolve static field 971 (b) in Lcom/facebook/katana/app/WorkAppTypes;
D/dalvikvm( 2629): VFY: replacing opcode 0x62 at 0x001d
D/dalvikvm( 2629): Trying to load lib /data/app-lib/com.facebook.katana-1/libgnustl_shared.so 0x41bac598
D/dalvikvm( 2629): Added shared lib /data/app-lib/com.facebook.katana-1/libgnustl_shared.so 0x41bac598
D/dalvikvm( 2629): No JNI_OnLoad found in /data/app-lib/com.facebook.katana-1/libgnustl_shared.so 0x41bac598, skipping init
D/dalvikvm( 2629): Trying to load lib /data/app-lib/com.facebook.katana-1/libsigmux.so 0x41bac598
D/dalvikvm( 2629): Added shared lib /data/app-lib/com.facebook.katana-1/libsigmux.so 0x41bac598
D/dalvikvm( 2629): No JNI_OnLoad found in /data/app-lib/com.facebook.katana-1/libsigmux.so 0x41bac598, skipping init
D/dalvikvm( 2629): Trying to load lib /data/app-lib/com.facebook.katana-1/libbreakpad.so 0x41bac598
D/dalvikvm( 2629): Added shared lib /data/app-lib/com.facebook.katana-1/libbreakpad.so 0x41bac598
D/dalvikvm( 2629): Trying to load lib /data/app-lib/com.facebook.katana-1/libfb.so 0x41bac598
D/dalvikvm( 2629): Added shared lib /data/app-lib/com.facebook.katana-1/libfb.so 0x41bac598
D/dalvikvm( 2629): No JNI_OnLoad found in /data/app-lib/com.facebook.katana-1/libfb.so 0x41bac598, skipping init
D/dalvikvm( 2629): Trying to load lib /data/app-lib/com.facebook.katana-1/libfbjni.so 0x41bac598
D/dalvikvm( 2629): Added shared lib /data/app-lib/com.facebook.katana-1/libfbjni.so 0x41bac598
D/dalvikvm( 2629): Trying to load lib /data/app-lib/com.facebook.katana-1/libfbjni.so 0x41bac598
D/dalvikvm( 2629): Shared lib '/data/app-lib/com.facebook.katana-1/libfbjni.so' already loaded in same CL 0x41bac598
I/dalvikvm( 2629): threadid=1: recursive native library load attempt (/data/app-lib/com.facebook.katana-1/libfbjni.so)
D/dalvikvm( 2629): Trying to load lib /data/app-lib/com.facebook.katana-1/libdistract.so 0x41bac598
D/dalvikvm( 2629): Added shared lib /data/app-lib/com.facebook.katana-1/libdistract.so 0x41bac598
D/dalvikvm( 2629): No JNI_OnLoad found in /data/app-lib/com.facebook.katana-1/libdistract.so 0x41bac598, skipping init
D/dalvikvm( 2629): Trying to load lib /data/app-lib/com.facebook.katana-1/libfb_dalvik-internals.so 0x41bac598
D/dalvikvm( 2629): Added shared lib /data/app-lib/com.facebook.katana-1/libfb_dalvik-internals.so 0x41bac598
V/dalvik-internals( 2629): Registered Dalvik crash stream with Breakpad
V/dalvik-internals( 2629): hooked dvmResolveClass using jump ()
V/dalvik-internals( 2629): hooked dvmFlushBreakpoints using jump ()
I/dalvikvm( 2629): Could not find method dalvik.system.DexFile.loadClassBinaryName, referenced from method com.facebook.common.dextricks.DexFileLoadOld.a
W/dalvikvm( 2629): VFY: unable to resolve virtual method 5674: Ldalvik/system/DexFile;.loadClassBinaryName (Ljava/lang/String;Ljava/lang/ClassLoader;)Ljava/lang/Class;
D/dalvikvm( 2629): VFY: replacing opcode 0x6e at 0x0000
V/dalvik-internals( 2629): hooked dvmLinearAlloc using jump ()
V/dalvik-internals( 2629): hooked dvmLinearRealloc using jump ()
V/dalvik-internals( 2629): hooked dvmLinearFree using jump ()
V/dalvik-internals( 2629): hooked dvmLinearStrdup using jump ()
V/dalvik-internals( 2629): hooked dvmLinearAllocContains using jump ()
I/dalvik-internals( 2629): enlarged linearalloc buffer to 33554432 bytes
D/dalvikvm( 2629): Trying to load lib /data/app-lib/com.facebook.katana-1/libxplat_folly_futex.so 0x41bac598
D/dalvikvm( 2629): Added shared lib /data/app-lib/com.facebook.katana-1/libxplat_folly_futex.so 0x41bac598
D/dalvikvm( 2629): No JNI_OnLoad found in /data/app-lib/com.facebook.katana-1/libxplat_folly_futex.so 0x41bac598, skipping init
D/dalvikvm( 2629): Trying to load lib /data/app-lib/com.facebook.katana-1/libdextr.so 0x41bac598
D/dalvikvm( 2629): Added shared lib /data/app-lib/com.facebook.katana-1/libdextr.so 0x41bac598
W/StaticBindingVerifier( 2629): Verify
I/dalvikvm( 2629): Could not find method android.os.Debug.startMethodTracingSampling, referenced from method com.facebook.trace.DebugTracer.a
W/dalvikvm( 2629): VFY: unable to resolve static method 723: Landroid/os/Debug;.startMethodTracingSampling (Ljava/lang/String;II)V
D/dalvikvm( 2629): VFY: replacing opcode 0x71 at 0x0014
V/Zygote  ( 2680): Switching descriptor 34 to /dev/null
V/Zygote  ( 2680): Switching descriptor 9 to /dev/null
I/ActivityManager(  791): Start proc com.drippler.android.updates for broadcast com.drippler.android.updates/.logic.UnInstallReceiver: pid=2680 uid=10108 gids={50108, 3003, 1028, 1015}
I/ActivityManager(  791): Killing 1540:com.android.deskclock/u0a42 (adj 15): empty #17
E/dalvikvm( 2629): Could not find class 'org.apache.harmony.xnet.provider.jsse.SSLParametersImpl', referenced from method com.facebook.ssl.openssl.reflect.SSLSessionTimeoutSetter.<clinit>
W/dalvikvm( 2629): VFY: unable to resolve const-class 14107 (Lorg/apache/harmony/xnet/provider/jsse/SSLParametersImpl;) in Lcom/facebook/ssl/openssl/reflect/SSLSessionTimeoutSetter;
D/dalvikvm( 2629): VFY: replacing opcode 0x1c at 0x000d
W/dalvikvm( 2629): VFY: unable to find class referenced in signature (Lorg/apache/harmony/xnet/provider/jsse/SSLParametersImpl;)
E/dalvikvm( 2629): Could not find class 'org.apache.harmony.xnet.provider.jsse.ClientSessionContext', referenced from method com.facebook.ssl.openssl.reflect.SSLSessionTimeoutSetter.a
W/dalvikvm( 2629): VFY: unable to resolve check-cast 14103 (Lorg/apache/harmony/xnet/provider/jsse/ClientSessionContext;) in Lcom/facebook/ssl/openssl/reflect/SSLSessionTimeoutSetter;
D/dalvikvm( 2629): VFY: replacing opcode 0x1f at 0x0006
E/dalvikvm( 2629): Could not find class 'org.apache.harmony.xnet.provider.jsse.OpenSSLSocketImpl', referenced from method com.facebook.ssl.openssl.check.CheckOpenSSLImplHasRequiredMethods.<clinit>
W/dalvikvm( 2629): VFY: unable to resolve const-class 14105 (Lorg/apache/harmony/xnet/provider/jsse/OpenSSLSocketImpl;) in Lcom/facebook/ssl/openssl/check/CheckOpenSSLImplHasRequiredMethods;
D/dalvikvm( 2629): VFY: replacing opcode 0x1c at 0x000d
D/ActivityThread( 2680): handleBindApplication:com.drippler.android.updates
E/dalvikvm( 2629): Could not find class 'org.apache.harmony.xnet.provider.jsse.OpenSSLSocketFactoryImpl', referenced from method com.facebook.ssl.openssl.reflect.SSLParametersGetter.<clinit>
W/dalvikvm( 2629): VFY: unable to resolve const-class 14104 (Lorg/apache/harmony/xnet/provider/jsse/OpenSSLSocketFactoryImpl;) in Lcom/facebook/ssl/openssl/reflect/SSLParametersGetter;
D/dalvikvm( 2629): VFY: replacing opcode 0x1c at 0x000d
E/dalvikvm( 2629): Could not find class 'org.apache.harmony.xnet.provider.jsse.SSLParametersImpl', referenced from method com.facebook.ssl.openssl.reflect.SSLParametersGetter.a
W/dalvikvm( 2629): VFY: unable to resolve check-cast 14107 (Lorg/apache/harmony/xnet/provider/jsse/SSLParametersImpl;) in Lcom/facebook/ssl/openssl/reflect/SSLParametersGetter;
D/dalvikvm( 2629): VFY: replacing opcode 0x1f at 0x0006
D/ActivityThread( 2680): setTargetHeapUtilization:0.75
D/ActivityThread( 2680): setTargetHeapMinFree:2097152
W/dalvikvm( 2629): VFY: unable to find class referenced in signature (Lorg/apache/harmony/xnet/provider/jsse/SSLParametersImpl;)
W/dalvikvm( 2629): Unable to resolve superclass of Lcom/facebook/ssl/openssl/TicketEnabledOpenSSLSocketImplWrapper; (14106)
W/dalvikvm( 2629): Link of class 'Lcom/facebook/ssl/openssl/TicketEnabledOpenSSLSocketImplWrapper;' failed
W/dalvikvm( 2629): Unable to resolve superclass of Lcom/facebook/ssl/openssl/TicketEnabledOpenSSLSocketImplWrapper; (14106)
W/dalvikvm( 2629): Link of class 'Lcom/facebook/ssl/openssl/TicketEnabledOpenSSLSocketImplWrapper;' failed
E/dalvikvm( 2629): Could not find class 'com.facebook.ssl.openssl.TicketEnabledOpenSSLSocketImplWrapper', referenced from method com.facebook.ssl.openssl.TicketEnabledOpenSSLSocketFactoryHelper.a
W/dalvikvm( 2629): VFY: unable to resolve new-instance 11409 (Lcom/facebook/ssl/openssl/TicketEnabledOpenSSLSocketImplWrapper;) in Lcom/facebook/ssl/openssl/TicketEnabledOpenSSLSocketFactoryHelper;
D/dalvikvm( 2629): VFY: replacing opcode 0x22 at 0x0000
W/dalvikvm( 2629): Unable to resolve superclass of Lcom/facebook/ssl/openssl/TicketEnabledOpenSSLSocketImplWrapper; (14106)
W/dalvikvm( 2629): Link of class 'Lcom/facebook/ssl/openssl/TicketEnabledOpenSSLSocketImplWrapper;' failed
W/dalvikvm( 2629): Unable to resolve superclass of Lcom/facebook/ssl/openssl/TicketEnabledOpenSSLSocketImplWrapper; (14106)
W/dalvikvm( 2629): Link of class 'Lcom/facebook/ssl/openssl/TicketEnabledOpenSSLSocketImplWrapper;' failed
D/dalvikvm( 2629): DexOpt: unable to opt direct call 0xc656 at 0x08 in Lcom/facebook/ssl/openssl/TicketEnabledOpenSSLSocketFactoryHelper;.a
D/dalvikvm( 2629): Trying to load lib /data/app-lib/com.facebook.katana-1/libheartbleed.so 0x41bac598
D/dalvikvm( 2629): Added shared lib /data/app-lib/com.facebook.katana-1/libheartbleed.so 0x41bac598
D/dalvikvm( 2629): Trying to load lib /data/app-lib/com.facebook.katana-1/libsslx.so 0x41bac598
D/dalvikvm( 2629): Added shared lib /data/app-lib/com.facebook.katana-1/libsslx.so 0x41bac598
D/dalvikvm( 2629): No JNI_OnLoad found in /data/app-lib/com.facebook.katana-1/libsslx.so 0x41bac598, skipping init
D/dalvikvm( 2629): Trying to load lib /data/app-lib/com.facebook.katana-1/libglog.so 0x41bac598
D/dalvikvm( 2629): Added shared lib /data/app-lib/com.facebook.katana-1/libglog.so 0x41bac598
D/dalvikvm( 2629): No JNI_OnLoad found in /data/app-lib/com.facebook.katana-1/libglog.so 0x41bac598, skipping init
D/dalvikvm( 2629): Trying to load lib /data/app-lib/com.facebook.katana-1/libdouble-conversion.so 0x41bac598
D/dalvikvm( 2629): Added shared lib /data/app-lib/com.facebook.katana-1/libdouble-conversion.so 0x41bac598
D/dalvikvm( 2629): No JNI_OnLoad found in /data/app-lib/com.facebook.katana-1/libdouble-conversion.so 0x41bac598, skipping init
D/dalvikvm( 2629): Trying to load lib /data/app-lib/com.facebook.katana-1/libliger.so 0x41bac598
D/dalvikvm( 2629): Added shared lib /data/app-lib/com.facebook.katana-1/libliger.so 0x41bac598
W/BroadcastQueue(  791): Permission Denial: broadcasting Intent { act=android.net.conn.INET_CONDITION_ACTION flg=0x4000010 (has extras) } from null (pid=-1, uid=-1) requires com.facebook.permission.prod.FB_APP_COMMUNICATION due to registered receiver BroadcastFilter{43b5cf88 u0 ReceiverList{43b5cf28 2629 com.facebook.katana:dash/10090/u0 remote:43b21d38}}
W/BroadcastQueue(  791): Permission Denial: broadcasting Intent { act=android.net.conn.CONNECTIVITY_CHANGE flg=0x4000010 (has extras) } from null (pid=-1, uid=-1) requires com.facebook.permission.prod.FB_APP_COMMUNICATION due to registered receiver BroadcastFilter{43b5cf88 u0 ReceiverList{43b5cf28 2629 com.facebook.katana:dash/10090/u0 remote:43b21d38}}
I/dalvikvm( 2629): Could not find method android.content.pm.PackageManager.getPackageInstaller, referenced from method com.google.android.gms.common.GooglePlayServicesUtil.a
W/dalvikvm( 2629): VFY: unable to resolve virtual method 409: Landroid/content/pm/PackageManager;.getPackageInstaller ()Landroid/content/pm/PackageInstaller;
D/dalvikvm( 2629): VFY: replacing opcode 0x6e at 0x000b
D/dalvikvm( 2680): Trying to load lib /data/app-lib/com.drippler.android.updates-1/libcrashlytics.so 0x42b55e60
D/dalvikvm( 2680): Added shared lib /data/app-lib/com.drippler.android.updates-1/libcrashlytics.so 0x42b55e60
D/libcrashlytics( 2680): Initializing libcrashlytics version 1.0.0
D/libcrashlytics( 2680): Attempting to load unwinder...
D/libcrashlytics( 2680): Done; using libcorkscrew
D/libcrashlytics( 2680): Attempting to register signal handler...
D/libcrashlytics( 2680): Signal handler registered.
D/libcrashlytics( 2680): Initializing native crash handling successful.
I/Fabric  ( 2680): Initializing Crashlytics 2.3.2.56
W/InstanceID/Rpc( 2629): Found 10012
I/dalvikvm( 2680): Could not find method android.content.pm.PackageManager.getPackageInstaller, referenced from method com.google.android.gms.common.GooglePlayServicesUtil.zzg
W/dalvikvm( 2680): VFY: unable to resolve virtual method 766: Landroid/content/pm/PackageManager;.getPackageInstaller ()Landroid/content/pm/PackageInstaller;
D/dalvikvm( 2680): VFY: replacing opcode 0x6e at 0x000b
W/GAV2    ( 2680): Thread[Drippler_DripplerApplication-pool-3-thread-6,5,main]: Need to call initialize() and be in fallback mode to start dispatch.
V/Zygote  ( 2770): Switching descriptor 34 to /dev/null
V/Zygote  ( 2770): Switching descriptor 9 to /dev/null
I/ActivityManager(  791): Start proc org.cyanogenmod.themes.provider for broadcast org.cyanogenmod.themes.provider/.AppReceiver: pid=2770 uid=10024 gids={50024, 3003}
D/ActivityThread( 2770): handleBindApplication:org.cyanogenmod.themes.provider
D/ActivityThread( 2770): setTargetHeapUtilization:0.75
D/ActivityThread( 2770): setTargetHeapMinFree:2097152
V/Zygote  ( 2787): Switching descriptor 34 to /dev/null
V/Zygote  ( 2787): Switching descriptor 9 to /dev/null
V/AmazonInsightsSDK( 2680): Firing Session Event: _session.start
I/ActivityManager(  791): Start proc org.cyanogenmod.bugreport for broadcast org.cyanogenmod.bugreport/.PackageChangeReceiver: pid=2787 uid=2000 gids={42000, 3003, 1007, 3002, 1028, 1015, 1023, 3008}
I/ActivityManager(  791): Killing 30850:com.linkedin.android.jobs.jobseeker/u0a129 (adj 15): empty #17
I/AmazonInsightsSDK( 2680): Amazon Insights SDK(2.1.16.0) initialization successfully completed
D/MixpanelAPI.AL( 2680): Context is not an instance of Activity. To detect inbound App Links, pass an instance of an Activity to getInstance.
D/ThemesProvider( 2770): Deleted 0
I/AmazonInsightsSDK( 2680): Event: '_sess...' recorded to local filestore
D/ActivityThread( 2787): handleBindApplication:org.cyanogenmod.bugreport
D/ActivityThread( 2787): setTargetHeapUtilization:0.75
D/ActivityThread( 2787): setTargetHeapMinFree:2097152
I/AmazonInsightsSDK( 2680): Attempting to retrieve variation(s) for project(s):'Notification badge'
I/AmazonInsightsSDK( 2680): Attempting to retrieve variation(s) for project(s):'FAN retention','Discussions features','Drip Mix','Notification LED'
I/AmazonInsightsSDK( 2680): Attempting to retrieve variation(s) for project(s):'Stacked notifications for returning US users','Transitions for new users','Stacked notifications for new users','Sponsored in drip','CTA show transition'
I/AmazonInsightsSDK( 2680): Attempting to retrieve variation(s) for project(s):'Sponsored in drip'
I/AmazonInsightsSDK( 2680): Attempting to retrieve variation(s) for project(s):'Transitions for returning users'
I/AmazonInsightsSDK( 2680): Resolved expired variation: 'EXCLUSIVE CONTROL' for project: 'Notification badge' from cache
W/Settings( 2680): Setting airplane_mode_on has moved from android.provider.Settings.System to android.provider.Settings.Global, returning read-only value.
I/AmazonInsightsSDK( 2680): Resolved expired variation: 'TEST' for project: 'Notification LED' from cache
I/AmazonInsightsSDK( 2680): Resolved expired variation: 'EXCLUSIVE CONTROL' for project: 'Drip Mix' from cache
I/AmazonInsightsSDK( 2680): Resolved expired variation: 'EXCLUSIVE CONTROL' for project: 'FAN retention' from cache
I/AmazonInsightsSDK( 2680): Resolved expired variation: 'CONTROL' for project: 'Discussions features' from cache
W/Settings( 2680): Setting airplane_mode_on has moved from android.provider.Settings.System to android.provider.Settings.Global, returning read-only value.
W/BroadcastQueue(  791): Permission Denial: broadcasting Intent { act=android.net.conn.CONNECTIVITY_CHANGE flg=0x4000010 (has extras) } from null (pid=-1, uid=-1) requires com.facebook.permission.prod.FB_APP_COMMUNICATION due to registered receiver BroadcastFilter{43be6750 u0 ReceiverList{43ba17d0 2629 com.facebook.katana:dash/10090/u0 remote:43ba1548}}
W/CursorWrapperInner( 2770): Cursor finalized without prior close()
D/CognitoCachingCredentialsProvider( 2680): Loading credentials from SharedPreferences
I/dalvikvm( 2680): Total arena pages for JIT: 11
I/dalvikvm( 2680): Total arena pages for JIT: 12
I/dalvikvm( 2680): Total arena pages for JIT: 13
I/dalvikvm( 2680): Total arena pages for JIT: 14
V/Zygote  ( 2823): Switching descriptor 34 to /dev/null
V/Zygote  ( 2823): Switching descriptor 9 to /dev/null
I/ActivityManager(  791): Start proc com.android.documentsui for broadcast com.android.documentsui/.PackageReceiver: pid=2823 uid=10043 gids={50043}
I/ActivityManager(  791): Killing 27268:com.cyanogenmod.lockclock/u0a60 (adj 15): empty #17
I/GAV3    ( 2467): Thread[GAThread,5,main]: No campaign data found.
E/dalvikvm( 2467): Could not find class 'android.support.v4.app.FragmentActivity', referenced from method com.google.android.gms.common.GooglePlayServicesUtil.showErrorDialogFragment
W/dalvikvm( 2467): VFY: unable to resolve instanceof 136 (Landroid/support/v4/app/FragmentActivity;) in Lcom/google/android/gms/common/GooglePlayServicesUtil;
D/dalvikvm( 2467): VFY: replacing opcode 0x20 at 0x0008
E/dalvikvm( 2467): Could not find class 'android.support.v4.app.FragmentActivity', referenced from method com.google.android.gms.common.GooglePlayServicesUtil.showErrorDialogFragment
W/dalvikvm( 2467): VFY: unable to resolve check-cast 136 (Landroid/support/v4/app/FragmentActivity;) in Lcom/google/android/gms/common/GooglePlayServicesUtil;
D/dalvikvm( 2467): VFY: replacing opcode 0x1f at 0x000c
D/ActivityThread( 2823): handleBindApplication:com.android.documentsui
D/ActivityThread( 2823): setTargetHeapUtilization:0.75
D/ActivityThread( 2823): setTargetHeapMinFree:2097152
D/Documents( 2823): Loading roots for com.android.providers.downloads.documents
D/Documents( 2823): Loading roots for com.android.externalstorage.documents
V/Zygote  ( 2838): Switching descriptor 34 to /dev/null
V/Zygote  ( 2838): Switching descriptor 9 to /dev/null
V/Zygote  ( 2845): Switching descriptor 34 to /dev/null
V/Zygote  ( 2845): Switching descriptor 9 to /dev/null
I/ActivityManager(  791): Start proc com.android.externalstorage for content provider com.android.externalstorage/.ExternalStorageProvider: pid=2838 uid=10011 gids={50011, 1028, 1015, 1023}
I/ActivityManager(  791): Start proc org.cyanogenmod.voiceplus for broadcast org.cyanogenmod.voiceplus/.PackageChangeReceiver: pid=2845 uid=10083 gids={50083, 3003}
I/ActivityManager(  791): Killing 26997:com.instagram.android/u0a101 (adj 15): empty #17
I/ActivityManager(  791): Killing 24216:com.anydo/u0a99 (adj 15): empty #17
D/ActivityThread( 2845): handleBindApplication:org.cyanogenmod.voiceplus
D/ActivityThread( 2845): setTargetHeapUtilization:0.75
D/ActivityThread( 2845): setTargetHeapMinFree:2097152
D/ActivityThread( 2838): handleBindApplication:com.android.externalstorage
D/ActivityThread( 2838): setTargetHeapUtilization:0.75
D/ActivityThread( 2838): setTargetHeapMinFree:2097152
D/ExternalStorage( 2838): After updating volumes, found 1 active roots
D/Documents( 2823): Updating roots due to change at content://com.android.externalstorage.documents/root
I/ActivityManager(  791): Killing 2453:com.android.defcontainer/u0a8 (adj 15): empty #17
D/Documents( 2823): Loading roots for com.android.providers.media.documents
D/GCM     ( 1312): GcmService start Intent { act=com.google.android.gms.INITIALIZE flg=0x10 pkg=com.google.android.gms cmp=com.google.android.gms/.gcm.GcmService } com.google.android.gms.INITIALIZE
D/AuthorizationBluetoothService( 1312): Received GmsCore event: Intent { act=com.google.android.gms.INITIALIZE flg=0x10 pkg=com.google.android.gms cmp=com.google.android.gms/.auth.be.proximity.authorization.bt.AuthorizationBluetoothService$AutoStarter }.
E/AuthorizationBluetoothService( 1312): Proximity feature is not enabled.
V/GLSActivity( 1312): AuthDelegateWrapperCreated with selected intent: Intent { cmp=com.google.android.gms/.auth.DefaultAuthDelegateService }
D/Documents( 2823): Loading roots for com.google.android.apps.docs.storage
V/GmsCoreStatsServiceLauncher( 1705): Received broadcast intent Intent { act=com.google.android.gms.INITIALIZE flg=0x10 pkg=com.google.android.gms cmp=com.google.android.gms/.common.stats.GmsCoreStatsServiceLauncher }
I/ActivityManager(  791): Delay finish: com.google.android.gms/.auth.devicesignals.LockScreenListener
I/ActivityManager(  791): Resuming delayed broadcast
I/ActivityManager(  791): Delay finish: com.google.android.gms/.init.InitializeGmsReceiver
D/LocationInitializer( 1705): Restart initialization of location
I/dalvikvm( 2552): Could not find method android.os.UserManager.getUserProfiles, referenced from method com.google.android.gms.wearable.service.n.a
W/dalvikvm( 2552): VFY: unable to resolve virtual method 944: Landroid/os/UserManager;.getUserProfiles ()Ljava/util/List;
D/dalvikvm( 2552): VFY: replacing opcode 0x6e at 0x003f
D/WearableService( 2552): callingUid 10012, callindPid: 2552
E/dalvikvm( 2552): Could not find class 'android.telecom.TelecomManager', referenced from method com.google.android.gms.wearable.service.y.a
W/dalvikvm( 2552): VFY: unable to resolve check-cast 374 (Landroid/telecom/TelecomManager;) in Lcom/google/android/gms/wearable/service/y;
D/dalvikvm( 2552): VFY: replacing opcode 0x1f at 0x0054
W/dalvikvm( 2552): VFY: unable to find class referenced in signature (Landroid/telecom/TelecomManager;)
I/dalvikvm( 2552): Could not find method android.content.Context.checkSelfPermission, referenced from method com.google.android.gms.common.h.b.d
W/dalvikvm( 2552): VFY: unable to resolve virtual method 293: Landroid/content/Context;.checkSelfPermission (Ljava/lang/String;)I
D/dalvikvm( 2552): VFY: replacing opcode 0x6e at 0x002a
I/dalvikvm( 2552): Could not find method android.content.pm.PackageManager.getPackageInstaller, referenced from method com.google.android.gms.common.kz.a
W/dalvikvm( 2552): VFY: unable to resolve virtual method 446: Landroid/content/pm/PackageManager;.getPackageInstaller ()Landroid/content/pm/PackageInstaller;
D/dalvikvm( 2552): VFY: replacing opcode 0x6e at 0x000d
I/dalvikvm( 2552): Could not find method android.app.Notification$Builder.setLocalOnly, referenced from method com.google.android.gms.common.kz.b
W/dalvikvm( 2552): VFY: unable to resolve virtual method 155: Landroid/app/Notification$Builder;.setLocalOnly (Z)Landroid/app/Notification$Builder;
D/dalvikvm( 2552): VFY: replacing opcode 0x6e at 0x0206
E/MDM     ( 1151): [72] b.run: Couldn't connect to Google API client: ConnectionResult{statusCode=API_UNAVAILABLE, resolution=null, message=null}
I/ActivityManager(  791): Resuming delayed broadcast
D/Documents( 2823): Update found 8 roots in 210ms
D/Documents( 2823): Used cached roots for com.android.providers.downloads.documents
D/Documents( 2823): Loading roots for com.android.externalstorage.documents
D/Documents( 2823): Used cached roots for com.android.providers.media.documents
D/Documents( 2823): Used cached roots for com.google.android.apps.docs.storage
D/Documents( 2823): Update found 8 roots in 5ms
I/ConfigService( 1312): onDestroy
I/AmazonInsightsSDK( 2680): Resolved variation: 'Exclusive Control' for project: 'Notification badge' from server
I/AmazonInsightsSDK( 2680): Event: '_http...' recorded to local filestore
I/AmazonInsightsSDK( 2680): Resolved variation: 'Control' for project: 'Discussions features' from server
I/AmazonInsightsSDK( 2680): Resolved variation: 'Exclusive Control' for project: 'FAN retention' from server
I/AmazonInsightsSDK( 2680): Resolved variation: 'Test' for project: 'Notification LED' from server
I/AmazonInsightsSDK( 2680): Resolved variation: 'Exclusive Control' for project: 'Drip Mix' from server
I/AmazonInsightsSDK( 2680): Event: '_http...' recorded to local filestore
I/AmazonInsightsSDK( 2680): Resolved expired variation: 'EXCLUSIVE CONTROL' for project: 'Transitions for new users' from cache
I/AmazonInsightsSDK( 2680): Resolved expired variation: 'TEST' for project: 'CTA show transition' from cache
I/AmazonInsightsSDK( 2680): Resolved expired variation: 'TEST' for project: 'Sponsored in drip' from cache
I/AmazonInsightsSDK( 2680): Resolved expired variation: 'TEST' for project: 'Stacked notifications for returning US users' from cache
W/Settings( 2680): Setting airplane_mode_on has moved from android.provider.Settings.System to android.provider.Settings.Global, returning read-only value.
I/AmazonInsightsSDK( 2680): Resolved expired variation: 'TEST' for project: 'Sponsored in drip' from cache
W/Settings( 2680): Setting airplane_mode_on has moved from android.provider.Settings.System to android.provider.Settings.Global, returning read-only value.
I/dalvikvm( 2680): Total arena pages for JIT: 15
I/dalvikvm( 2680): Total arena pages for JIT: 16
I/dalvikvm( 2680): Total arena pages for JIT: 17
I/dalvikvm( 2680): Total arena pages for JIT: 18
I/dalvikvm( 2680): Total arena pages for JIT: 19
I/dalvikvm( 2680): Total arena pages for JIT: 20
I/dalvikvm( 2680): Total arena pages for JIT: 21
I/dalvikvm( 2680): Total arena pages for JIT: 22
I/dalvikvm( 2680): Total arena pages for JIT: 23
I/AmazonInsightsSDK( 2680): Resolved variation: 'Exclusive Control' for project: 'Transitions for new users' from server
I/AmazonInsightsSDK( 2680): Resolved variation: 'Test' for project: 'Stacked notifications for returning US users' from server
I/dalvikvm( 2680): Total arena pages for JIT: 24
I/dalvikvm( 2680): Total arena pages for JIT: 25
I/dalvikvm( 2680): Total arena pages for JIT: 26
I/dalvikvm( 2680): Total arena pages for JIT: 27
I/dalvikvm( 2680): Total arena pages for JIT: 28
I/dalvikvm( 2680): Total arena pages for JIT: 29
I/AmazonInsightsSDK( 2680): Resolved variation: 'Test' for project: 'Sponsored in drip' from server
I/dalvikvm( 2680): Total arena pages for JIT: 30
I/AmazonInsightsSDK( 2680): Event: '_http...' recorded to local filestore
I/AmazonInsightsSDK( 2680): Resolved variation: 'Test' for project: 'CTA show transition' from server
I/dalvikvm( 2680): Total arena pages for JIT: 31
I/dalvikvm( 2680): Total arena pages for JIT: 32
I/dalvikvm( 2680): Total arena pages for JIT: 33
I/dalvikvm( 2680): Total arena pages for JIT: 34
I/dalvikvm( 2680): Total arena pages for JIT: 35
I/dalvikvm( 2680): Total arena pages for JIT: 36
I/dalvikvm( 2680): Total arena pages for JIT: 37
I/dalvikvm( 2680): Total arena pages for JIT: 38
I/dalvikvm( 2680): Total arena pages for JIT: 39
I/dalvikvm( 2680): Total arena pages for JIT: 40
I/dalvikvm( 2680): Total arena pages for JIT: 41
I/dalvikvm( 2680): Total arena pages for JIT: 42
I/dalvikvm( 2680): Total arena pages for JIT: 43
I/dalvikvm( 2680): Total arena pages for JIT: 44
I/dalvikvm( 2680): Total arena pages for JIT: 45
I/dalvikvm( 2680): Total arena pages for JIT: 46
W/AmazonInsightsSDK( 2680): Resolved default variation: 'DEFAULT' for project: 'Stacked notifications for new users'
W/AmazonInsightsSDK( 2680): Variable 'Sponsored label color' does not exist in the variation. Returning default value
W/AmazonInsightsSDK( 2680): Variable 'show_stacked_notifications' does not exist in the variation. Returning default value
I/AmazonInsightsSDK( 2680): Resolved expired variation: 'EXCLUSIVE CONTROL' for project: 'Transitions for returning users' from cache
W/Settings( 2680): Setting airplane_mode_on has moved from android.provider.Settings.System to android.provider.Settings.Global, returning read-only value.
I/AmazonInsightsSDK( 2680): Resolved variation: 'Exclusive Control' for project: 'Transitions for returning users' from server
I/dalvikvm( 2680): Total arena pages for JIT: 47
I/dalvikvm( 2680): Total arena pages for JIT: 48
I/dalvikvm( 2680): Total arena pages for JIT: 49
I/dalvikvm( 2680): Total arena pages for JIT: 50
I/dalvikvm( 2680): Total arena pages for JIT: 51
I/dalvikvm( 2680): Total arena pages for JIT: 52
I/AmazonInsightsSDK( 2680): Event: '_http...' recorded to local filestore
I/dalvikvm( 2680): Total arena pages for JIT: 53
I/dalvikvm( 2680): Total arena pages for JIT: 54
I/dalvikvm( 2680): Total arena pages for JIT: 55
I/dalvikvm( 2680): Total arena pages for JIT: 56
I/dalvikvm( 2680): Total arena pages for JIT: 57
I/dalvikvm( 2680): Total arena pages for JIT: 58
I/AmazonInsightsSDK( 2680): Resolved variation: 'Test' for project: 'Sponsored in drip' from server
I/dalvikvm( 2680): Total arena pages for JIT: 59
I/dalvikvm( 2680): Total arena pages for JIT: 60
I/dalvikvm( 2680): Total arena pages for JIT: 61
I/dalvikvm( 2680): Total arena pages for JIT: 62
I/dalvikvm( 2680): Total arena pages for JIT: 63
I/dalvikvm( 2680): Total arena pages for JIT: 64
I/dalvikvm( 2680): Total arena pages for JIT: 65
I/dalvikvm( 2680): Total arena pages for JIT: 66
I/dalvikvm( 2680): Total arena pages for JIT: 67
I/dalvikvm( 2680): Total arena pages for JIT: 68
I/dalvikvm( 2680): Total arena pages for JIT: 69
I/dalvikvm( 2680): Total arena pages for JIT: 70
I/dalvikvm( 2680): Total arena pages for JIT: 71
I/dalvikvm( 2680): Total arena pages for JIT: 72
I/dalvikvm( 2680): Total arena pages for JIT: 73
I/dalvikvm( 2680): Total arena pages for JIT: 74
I/AmazonInsightsSDK( 2680): Event: '_http...' recorded to local filestore
I/dalvikvm( 2680): Total arena pages for JIT: 75
W/ctxmgr  ( 1151): [PowerConnectionState]Got same value as before for power connection (Plug state: 2 BatteryLevel: 0.47)
I/GAV2    ( 2680): Thread[GAThread,5,main]: No campaign data found.
W/ctxmgr  ( 1151): [PowerConnectionState]Got same value as before for power connection (Plug state: 2 BatteryLevel: 0.47)
D/Finsky  (14308): [6405] AppStatesReplicator.handleContentSyncResponse: Completed 0 account content syncs with 0 successful.
D/Finsky  (14308): [1] 5.onFinished: Installation state replication succeeded.
D/CognitoCachingCredentialsProvider( 2680): Saving credentials to SharedPreferences
I/ActivityManager(  791): Killing 2498:com.android.settings/1000 (adj 15): empty #17
I/ActivityManager(  791): Killing 2467:com.cyngn.cmstats/u0a4 (adj 15): empty #18
W/ctxmgr  ( 1151): [PowerConnectionState]Got same value as before for power connection (Plug state: 2 BatteryLevel: 0.47)
I/ExtendedUtils(  222): AV Sync late margin : Intended=40ms Using=0ms
D/AwesomePlayer(  222): Before reset_l
D/ExtendedUtils(  222): printFileName fd(29) -> /system/media/audio/notifications/Alya.ogg
D/ExtendedUtils(  222): extended extractor not needed, return default
D/AudioPolicyManager(  222): copl: isOffloadSupported: SR=44100, CM=0x1, Format=0x7000000, StreamType=5, BitRate=4294967295, duration=1000000 us, has_video=0
D/AudioPolicyManager(  222): copl: isOffloadSupported: stream_type != MUSIC, returning false
D/OMXCodec(  222): Successfully allocated OMX node 'OMX.google.vorbis.decoder'
I/AwesomePlayer(  222): Could not offload audio decode, try pcm offload (16-bit)
D/AudioPolicyManager(  222): copl: isOffloadSupported: SR=44100, CM=0x1, Format=0x17000001, StreamType=5, BitRate=4294967295, duration=1000000 us, has_video=0
D/AudioPolicyManager(  222): copl: isOffloadSupported: stream_type != MUSIC, returning false
I/OMXCodec(  222): [OMX.google.vorbis.decoder] allocating 4 buffers of size 8192 on input port
I/OMXCodec(  222): [OMX.google.vorbis.decoder] allocated buffer 0xb8de9188 on input port
I/OMXCodec(  222): [OMX.google.vorbis.decoder] allocated buffer 0xb8e85b18 on input port
I/OMXCodec(  222): [OMX.google.vorbis.decoder] allocated buffer 0xb8e85be8 on input port
I/OMXCodec(  222): [OMX.google.vorbis.decoder] allocated buffer 0xb8e85ca0 on input port
I/OMXCodec(  222): [OMX.google.vorbis.decoder] allocating 4 buffers of size 32768 on output port
I/OMXCodec(  222): [OMX.google.vorbis.decoder] allocated buffer 0xb8de9700 on output port
I/OMXCodec(  222): [OMX.google.vorbis.decoder] allocated buffer 0xb8de9920 on output port
I/OMXCodec(  222): [OMX.google.vorbis.decoder] allocated buffer 0xb8edb5a8 on output port
I/OMXCodec(  222): [OMX.google.vorbis.decoder] allocated buffer 0xb8edb6d0 on output port
D/AudioPlayer(  222): start of Playback, useOffload 0
I/OMXNodeInstance(  222): OMX_FreeBuffer for buffer header 0xb8de9700 successful
I/OMXNodeInstance(  222): OMX_FreeBuffer for buffer header 0xb8de9920 successful
I/OMXNodeInstance(  222): OMX_FreeBuffer for buffer header 0xb8edb5a8 successful
I/OMXNodeInstance(  222): OMX_FreeBuffer for buffer header 0xb8edb6d0 successful
I/OMXCodec(  222): [OMX.google.vorbis.decoder] allocating 4 buffers of size 32768 on output port
I/OMXCodec(  222): [OMX.google.vorbis.decoder] allocated buffer 0xb8e9fc70 on output port
I/OMXCodec(  222): [OMX.google.vorbis.decoder] allocated buffer 0xb8e9a898 on output port
I/OMXCodec(  222): [OMX.google.vorbis.decoder] allocated buffer 0xb8edcb00 on output port
I/OMXCodec(  222): [OMX.google.vorbis.decoder] allocated buffer 0xb8de9660 on output port
D/AudioPolicyManager(  222):  getOutput() device 2, stream 5, samplingRate 0, format 0, channelMask 3, flags 0 
D/AudioPolicyManager(  222): getOutput() returns output 2
D/AudioPolicyManager(  222):  getOutput() device 2, stream 5, samplingRate 0, format 0, channelMask 3, flags 0 
D/AudioPolicyManager(  222): getOutput() returns output 2
D/AudioPolicyManager(  222):  getOutput() device 2, stream 5, samplingRate 44100, format 1, channelMask 1, flags 0 
D/AudioPolicyManager(  222): getOutput() returns output 2
D/AudioPolicyManager(  222):  getOutput() device 2, stream 5, samplingRate 0, format 0, channelMask 3, flags 0 
D/AudioPolicyManager(  222): getOutput() returns output 2
D/AudioFlinger(  222): start(4096), calling pid 32159 session 1960
D/AudioFlinger(  222): ? => ACTIVE (4096) on thread 0xb8e9ce40
I/QCOM PowerHAL(  222): Processing audio hint. Metadata: state=1
D/AudioPolicyManagerBase(  222): startOutput() output 2, stream 5, session 1960
D/audio_hw_primary(  222): start_output_stream: enter: stream(0xb8d123e0)usecase(0: deep-buffer-playback) devices(0x2)
V/msm8974_platform(  222): platform_get_output_snd_device: enter: output devices(0x2)
V/msm8974_platform(  222): platform_get_output_snd_device: exit: snd_device(speaker)
D/audio_hw_primary(  222): select_devices: out_snd_device(2: speaker) in_snd_device(0: )
W/msm8974_platform(  222): Property audio.offload.24bit.enable is set
V/msm8974_platform(  222): platform_check_and_set_codec_backend_cfg usecase = 0
W/msm8974_platform(  222): Codec backend bitwidth 16, samplerate 48000
V/msm8974_platform(  222): Playback running bw 16 sr 48000 standby 0
D/hardware_info(  222): hw_info_append_hw_type : device_name = speaker
I/listen_hal_loader(  222): audio_extn_listen_update_device_status(): device 0x2 of type 0 for Event 1, with Raise=0
D/ACDB-LOADER(  222): ACDB -> send_audio_cal, acdb_id = 15, path =  0
D/ACDB-LOADER(  222): ACDB -> send_adm_topology
D/ACDB-LOADER(  222): ACDB -> ACDB_CMD_GET_AUDPROC_COMMON_TOPOLOGY_ID
D/ACDB-LOADER(  222): ACDB -> send_asm_topology
D/ACDB-LOADER(  222): ACDB -> ACDB_CMD_GET_AUDPROC_STREAM_TOPOLOGY_ID
D/ACDB-LOADER(  222): ACDB -> send_audtable
D/ACDB-LOADER(  222): ACDB -> ACDB_CMD_GET_AUDPROC_COMMON_TABLE
D/ACDB-LOADER(  222): ACDB -> AUDIO_SET_AUDPROC_CAL
D/ACDB-LOADER(  222): ACDB -> send_audvoltable
D/ACDB-LOADER(  222): ACDB -> ACDB_CMD_GET_AUDPROC_GAIN_DEP_STEP_TABLE
D/        (  222): Failed to fetch the lookup information of the device 0000000F 
E/ACDB-LOADER(  222): Error: ACDB AudProc vol returned = -19
D/ACDB-LOADER(  222): ACDB -> AUDIO_SET_AUDPROC_VOL_CAL
D/ACDB-LOADER(  222): ACDB -> send_afe_cal
D/ACDB-LOADER(  222): ACDB -> ACDB_CMD_GET_AFE_COMMON_TABLE
D/        (  222): Failed to fetch the lookup information of the device 0000000F 
E/ACDB-LOADER(  222): Error: ACDB AFE returned = -19
D/ACDB-LOADER(  222): ACDB -> AUDIO_SET_AFE_CAL
E/MediaPlayer(32159): Should have subtitle controller already set
I/listen_hal_loader(  222): audio_extn_listen_update_stream_status(): uc_id 0 of type 0 for Event 3, with Raise=0
D/audio_hw_primary(  222): select_devices: done
W/ctxmgr  ( 1151): [PowerConnectionState]Got same value as before for power connection (Plug state: 2 BatteryLevel: 0.47)
D/AudioPlayer(  222): Pause Playback at 0
I/QCOM PowerHAL(  222): Processing audio hint. Metadata: state=0
D/audio_hw_primary(  222): out_standby: enter: stream (0xb8d123e0) usecase(0: deep-buffer-playback)
I/listen_hal_loader(  222): audio_extn_listen_update_stream_status(): uc_id 0 of type 0 for Event 2, with Raise=0
D/hardware_info(  222): hw_info_append_hw_type : device_name = speaker
I/listen_hal_loader(  222): audio_extn_listen_update_device_status(): device 0x2 of type 0 for Event 0, with Raise=0
I/ActivityManager(  791): START u0 {act=android.intent.action.MAIN cat=[android.intent.category.HOME] flg=0x10200000 cmp=com.cyanogenmod.trebuchet/org.cyanogenmod.trebuchet.CustomHomeLauncher} from pid 791
I/ActivityManager(  791): START u0 {act=android.intent.action.MAIN cat=[android.intent.category.HOME] flg=0x10200000 cmp=com.cyanogenmod.trebuchet/org.cyanogenmod.trebuchet.CustomHomeLauncher} from pid 791
W/ctxmgr  ( 1151): [PowerConnectionState]Got same value as before for power connection (Plug state: 2 BatteryLevel: 0.47)
V/PanelView( 1027): animationTick called with dtms=0; nothing to do (h=1571.7694 v=438.58493)
D/AudioPolicyManager(  222):  getOutput() device 2, stream 1, samplingRate 0, format 0, channelMask 3, flags 0 
D/AudioPolicyManager(  222): getOutput() returns output 2
D/AudioPolicyManager(  222):  getOutput() device 2, stream 1, samplingRate 0, format 0, channelMask 3, flags 0 
D/AudioPolicyManager(  222): getOutput() returns output 2
D/AudioPolicyManager(  222):  getOutput() device 2, stream 1, samplingRate 48000, format 1, channelMask 3, flags 4 
D/AudioPolicyManager(  222): getOutput() returns output 3
I/ActivityManager(  791): START u0 {cmp=com.whatsapp/.HomeActivity bnds=[0,153][1080,803]} from pid -1
W/ActivityManager(  791): startActivity called from non-Activity context; forcing Intent.FLAG_ACTIVITY_NEW_TASK for: Intent { cmp=com.whatsapp/.HomeActivity bnds=[0,153][1080,803] }
D/AudioFlinger(  222): start(4098), calling pid 791 session 1961
D/AudioFlinger(  222): ? => ACTIVE (4098) on thread 0xb8e9afc0
I/QCOM PowerHAL(  222): Processing audio hint. Metadata: state=1
D/AudioPolicyManagerBase(  222): startOutput() output 3, stream 1, session 1961
D/audio_hw_primary(  222): start_output_stream: enter: stream(0xb8d13cc0)usecase(1: low-latency-playback) devices(0x2)
V/msm8974_platform(  222): platform_get_output_snd_device: enter: output devices(0x2)
V/msm8974_platform(  222): platform_get_output_snd_device: exit: snd_device(speaker)
D/audio_hw_primary(  222): select_devices: out_snd_device(2: speaker) in_snd_device(0: )
W/msm8974_platform(  222): Property audio.offload.24bit.enable is set
V/msm8974_platform(  222): platform_check_and_set_codec_backend_cfg usecase = 1
W/msm8974_platform(  222): Codec backend bitwidth 16, samplerate 48000
V/msm8974_platform(  222): Playback running bw 16 sr 48000 standby 0
D/hardware_info(  222): hw_info_append_hw_type : device_name = speaker
I/listen_hal_loader(  222): audio_extn_listen_update_device_status(): device 0x2 of type 0 for Event 1, with Raise=0
D/ACDB-LOADER(  222): ACDB -> send_audio_cal, acdb_id = 15, path =  0
D/ACDB-LOADER(  222): ACDB -> send_adm_topology
D/ACDB-LOADER(  222): ACDB -> ACDB_CMD_GET_AUDPROC_COMMON_TOPOLOGY_ID
D/ACDB-LOADER(  222): ACDB -> send_asm_topology
D/ACDB-LOADER(  222): ACDB -> ACDB_CMD_GET_AUDPROC_STREAM_TOPOLOGY_ID
D/ACDB-LOADER(  222): ACDB -> send_audtable
D/ACDB-LOADER(  222): ACDB -> ACDB_CMD_GET_AUDPROC_COMMON_TABLE
D/ACDB-LOADER(  222): ACDB -> AUDIO_SET_AUDPROC_CAL
D/ACDB-LOADER(  222): ACDB -> send_audvoltable
D/ACDB-LOADER(  222): ACDB -> ACDB_CMD_GET_AUDPROC_GAIN_DEP_STEP_TABLE
D/        (  222): Failed to fetch the lookup information of the device 0000000F 
E/ACDB-LOADER(  222): Error: ACDB AudProc vol returned = -19
D/ACDB-LOADER(  222): ACDB -> AUDIO_SET_AUDPROC_VOL_CAL
D/ACDB-LOADER(  222): ACDB -> send_afe_cal
D/ACDB-LOADER(  222): ACDB -> ACDB_CMD_GET_AFE_COMMON_TABLE
D/        (  222): Failed to fetch the lookup information of the device 0000000F 
E/ACDB-LOADER(  222): Error: ACDB AFE returned = -19
D/ACDB-LOADER(  222): ACDB -> AUDIO_SET_AFE_CAL
I/listen_hal_loader(  222): audio_extn_listen_update_stream_status(): uc_id 1 of type 0 for Event 3, with Raise=0
D/audio_hw_primary(  222): select_devices: done
I/QCOM PowerHAL(  222): Processing audio hint. Metadata: state=0
V/PanelView( 1027): animationTick called with dtms=0; nothing to do (h=1920.0 v=-24000.0)
I/dalvikvm(32159): Could not find method android.view.ViewAnimationUtils.createCircularReveal, referenced from method com.whatsapp.HomeActivity.c
W/dalvikvm(32159): VFY: unable to resolve static method 9251: Landroid/view/ViewAnimationUtils;.createCircularReveal (Landroid/view/View;IIFF)Landroid/animation/Animator;
D/dalvikvm(32159): VFY: replacing opcode 0x71 at 0x0087
I/dalvikvm(32159): Could not find method android.view.Window.setStatusBarColor, referenced from method com.whatsapp.HomeActivity.c
W/dalvikvm(32159): VFY: unable to resolve virtual method 9441: Landroid/view/Window;.setStatusBarColor (I)V
D/dalvikvm(32159): VFY: replacing opcode 0x6e at 0x00f1
I/dalvikvm(32159): Could not find method android.view.ViewAnimationUtils.createCircularReveal, referenced from method com.whatsapp.HomeActivity.q
W/dalvikvm(32159): VFY: unable to resolve static method 9251: Landroid/view/ViewAnimationUtils;.createCircularReveal (Landroid/view/View;IIFF)Landroid/animation/Animator;
D/dalvikvm(32159): VFY: replacing opcode 0x71 at 0x005b
I/dalvikvm(32159): Could not find method android.view.Window.setStatusBarColor, referenced from method com.whatsapp.HomeActivity.q
W/dalvikvm(32159): VFY: unable to resolve virtual method 9441: Landroid/view/Window;.setStatusBarColor (I)V
D/dalvikvm(32159): VFY: replacing opcode 0x6e at 0x00e6
I/ViewUtils(32159): app:theme is now deprecated. Please move to using android:theme instead.
I/ViewUtils(32159): app:theme is now deprecated. Please move to using android:theme instead.
I/dalvikvm(32159): Could not find method android.content.res.Resources.getDrawable, referenced from method android.support.v7.internal.widget.ResourcesWrapper.getDrawable
W/dalvikvm(32159): VFY: unable to resolve virtual method 644: Landroid/content/res/Resources;.getDrawable (ILandroid/content/res/Resources$Theme;)Landroid/graphics/drawable/Drawable;
D/dalvikvm(32159): VFY: replacing opcode 0x6e at 0x0002
I/dalvikvm(32159): Could not find method android.content.res.Resources.getDrawableForDensity, referenced from method android.support.v7.internal.widget.ResourcesWrapper.getDrawableForDensity
W/dalvikvm(32159): VFY: unable to resolve virtual method 646: Landroid/content/res/Resources;.getDrawableForDensity (IILandroid/content/res/Resources$Theme;)Landroid/graphics/drawable/Drawable;
D/dalvikvm(32159): VFY: replacing opcode 0x6e at 0x0002
D/AudioPlayer(  222): reset: mPlaying=0 mReachedEOS=1 useOffload=0
I/OMXNodeInstance(  222): OMX_FreeBuffer for buffer header 0xb8e85ca0 successful
I/OMXNodeInstance(  222): OMX_FreeBuffer for buffer header 0xb8e85be8 successful
I/OMXNodeInstance(  222): OMX_FreeBuffer for buffer header 0xb8e85b18 successful
I/OMXNodeInstance(  222): OMX_FreeBuffer for buffer header 0xb8de9188 successful
I/OMXNodeInstance(  222): OMX_FreeBuffer for buffer header 0xb8de9660 successful
I/OMXNodeInstance(  222): OMX_FreeBuffer for buffer header 0xb8edcb00 successful
I/OMXNodeInstance(  222): OMX_FreeBuffer for buffer header 0xb8e9a898 successful
I/OMXNodeInstance(  222): OMX_FreeBuffer for buffer header 0xb8e9fc70 successful
I/Adreno-EGL(32159): <qeglDrvAPI_eglInitialize:410>: EGL 1.4 QUALCOMM build: AU_LINUX_ANDROID_LNX.LA.3.5.2.2_RB1.04.04.04.087.028_msm8974_LNX.LA.3.5.2.2_RB1__release_AU ()
I/Adreno-EGL(32159): OpenGL ES Shader Compiler Version: E031.24.00.15
I/Adreno-EGL(32159): Build Date: 07/31/14 Thu
I/Adreno-EGL(32159): Local Branch: 
I/Adreno-EGL(32159): Remote Branch: quic/LNX.LA.3.5.2.2_rb1
I/Adreno-EGL(32159): Local Patches: NONE
I/Adreno-EGL(32159): Reconstruct Branch: AU_LINUX_ANDROID_LNX.LA.3.5.2.2_RB1.04.04.04.087.028 +  NOTHING
D/OpenGLRenderer(32159): Enabling debug mode 0
I/dalvikvm(32159): Jit: resizing JitTable from 4096 to 8192
I/Choreographer(32159): Skipped 54 frames!  The application may be doing too much work on its main thread.
I/ActivityManager(  791): Displayed com.whatsapp/.HomeActivity: +1s640ms
