I/ActivityManager(  791): Killing 26773:com.google.android.partnersetup/u0a15 (adj 15): empty #17
W/ctxmgr  ( 1151): [PowerConnectionState]Got same value as before for power connection (Plug state: 2 BatteryLevel: 0.45)
D/audio_hw_primary(  222): out_standby: enter: stream (0xb8d13cc0) usecase(1: low-latency-playback)
I/listen_hal_loader(  222): audio_extn_listen_update_stream_status(): uc_id 1 of type 0 for Event 2, with Raise=0
D/hardware_info(  222): hw_info_append_hw_type : device_name = speaker
I/listen_hal_loader(  222): audio_extn_listen_update_device_status(): device 0x2 of type 0 for Event 0, with Raise=0
V/Zygote  (27180): Switching descriptor 34 to /dev/null
V/Zygote  (27180): Switching descriptor 9 to /dev/null
I/ActivityManager(  791): Start proc com.google.android.talk for broadcast com.google.android.talk/com.google.android.apps.hangouts.phone.PackageReplacedReceiver: pid=27180 uid=10053 gids={50053, 3003, 1028, 1015, 1006, 3002}
I/InputReader(  791): Reconfiguring input devices.  changes=0x00000010
I/PackageManager(  791):   Action: "android.intent.action.SENDTO"
I/PackageManager(  791):   Category: "android.intent.category.DEFAULT"
I/PackageManager(  791):   Scheme: "sms"
D/ActivityThread(27180): handleBindApplication:com.google.android.talk
D/ActivityThread(27180): setTargetHeapUtilization:0.75
I/PackageManager(  791): Adding preferred activity ComponentInfo{com.android.mms/com.android.mms.ui.ComposeMessageActivity} for user 0 :
D/ActivityThread(27180): setTargetHeapMinFree:2097152
I/PackageManager(  791):   Action: "android.intent.action.SENDTO"
I/PackageManager(  791):   Category: "android.intent.category.DEFAULT"
I/PackageManager(  791):   Scheme: "smsto"
I/PackageManager(  791): Adding preferred activity ComponentInfo{com.android.mms/com.android.mms.ui.ComposeMessageActivity} for user 0 :
I/PackageManager(  791):   Action: "android.intent.action.SENDTO"
I/PackageManager(  791):   Category: "android.intent.category.DEFAULT"
I/PackageManager(  791):   Scheme: "mms"
I/PackageManager(  791): Adding preferred activity ComponentInfo{com.android.mms/com.android.mms.ui.ComposeMessageActivity} for user 0 :
I/PackageManager(  791):   Action: "android.intent.action.SENDTO"
I/PackageManager(  791):   Category: "android.intent.category.DEFAULT"
I/PackageManager(  791):   Scheme: "mmsto"
I/PackageManager(  791): Adding preferred activity ComponentInfo{com.android.mms/com.android.mms.ui.ComposeMessageActivity} for user 0 :
I/PackageManager(  791):   Action: "android.intent.action.SENDTO"
I/PackageManager(  791):   Category: "android.intent.category.DEFAULT"
I/PackageManager(  791):   Scheme: "sms"
I/PackageManager(  791): Adding preferred activity ComponentInfo{com.android.mms/com.android.mms.ui.ComposeMessageActivity} for user 0 :
I/PackageManager(  791):   Action: "android.intent.action.SENDTO"
I/PackageManager(  791):   Category: "android.intent.category.DEFAULT"
I/PackageManager(  791):   Scheme: "smsto"
I/PackageManager(  791): Adding preferred activity ComponentInfo{com.android.mms/com.android.mms.ui.ComposeMessageActivity} for user 0 :
I/PackageManager(  791):   Action: "android.intent.action.SENDTO"
I/PackageManager(  791):   Category: "android.intent.category.DEFAULT"
I/PackageManager(  791):   Scheme: "mms"
I/Launcher( 1229): Deferring update until onResume
I/PackageManager(  791): Adding preferred activity ComponentInfo{com.android.mms/com.android.mms.ui.ComposeMessageActivity} for user 0 :
I/PackageManager(  791):   Action: "android.intent.action.SENDTO"
I/PackageManager(  791):   Category: "android.intent.category.DEFAULT"
I/PackageManager(  791):   Scheme: "mmsto"
I/PackageManager(  791): Adding preferred activity ComponentInfo{com.android.mms/com.android.mms.ui.ComposeMessageActivity} for user 0 :
I/dalvikvm(27180): Could not find method android.os.PowerManager.isPowerSaveMode, referenced from method g.N
W/dalvikvm(27180): VFY: unable to resolve virtual method 3967: Landroid/os/PowerManager;.isPowerSaveMode ()Z
D/dalvikvm(27180): VFY: replacing opcode 0x6e at 0x0008
I/Launcher( 1229): Deferring update until onResume
E/dalvikvm(27180): Could not find class 'android.app.Notification$Action$Builder', referenced from method g.a
W/dalvikvm(27180): VFY: unable to resolve new-instance 407 (Landroid/app/Notification$Action$Builder;) in Lg;
D/dalvikvm(27180): VFY: replacing opcode 0x22 at 0x0000
E/dalvikvm(27180): Could not find class 'android.app.RemoteInput$Builder', referenced from method g.a
W/dalvikvm(27180): VFY: unable to resolve new-instance 419 (Landroid/app/RemoteInput$Builder;) in Lg;
D/dalvikvm(27180): VFY: replacing opcode 0x22 at 0x0037
W/dalvikvm(27180): Unable to resolve superclass of Ldqp; (762)
W/dalvikvm(27180): Link of class 'Ldqp;' failed
W/dalvikvm(27180): VFY: unable to find class referenced in signature (Ldqp;)
W/dalvikvm(27180): Unable to resolve superclass of Ldqp; (762)
W/dalvikvm(27180): Link of class 'Ldqp;' failed
I/dalvikvm(27180): Could not find method dqp.q, referenced from method g.a
W/dalvikvm(27180): VFY: unable to resolve virtual method 23228: Ldqp;.q ()Ldra;
D/dalvikvm(27180): VFY: replacing opcode 0x6e at 0x0000
E/dalvikvm(27180): Could not find class 'android.app.Notification$Action$Builder', referenced from method g.a
W/dalvikvm(27180): VFY: unable to resolve new-instance 407 (Landroid/app/Notification$Action$Builder;) in Lg;
D/dalvikvm(27180): VFY: replacing opcode 0x22 at 0x0000
W/dalvikvm(27180): Unable to resolve superclass of Ldqp; (762)
W/dalvikvm(27180): Link of class 'Ldqp;' failed
W/dalvikvm(27180): VFY: unable to find class referenced in signature (Ldqp;)
W/dalvikvm(27180): Unable to resolve superclass of Ldqp; (762)
W/dalvikvm(27180): Link of class 'Ldqp;' failed
I/dalvikvm(27180): Could not find method dqp.getState, referenced from method g.a
W/dalvikvm(27180): VFY: unable to resolve virtual method 23205: Ldqp;.getState ()I
D/dalvikvm(27180): VFY: replacing opcode 0x6e at 0x0008
E/dalvikvm(27180): Could not find class 'android.text.style.TtsSpan', referenced from method g.a
W/dalvikvm(27180): VFY: unable to resolve const-class 834 (Landroid/text/style/TtsSpan;) in Lg;
D/dalvikvm(27180): VFY: replacing opcode 0x1c at 0x0026
W/dalvikvm(27180): Unable to resolve superclass of Ldqp; (762)
W/dalvikvm(27180): Link of class 'Ldqp;' failed
W/dalvikvm(27180): VFY: unable to find class referenced in signature (Ldqp;)
W/dalvikvm(27180): VFY: unable to find class referenced in signature (Landroid/telecom/DisconnectCause;)
W/dalvikvm(27180): Unable to resolve superclass of Ldqp; (762)
W/dalvikvm(27180): Link of class 'Ldqp;' failed
I/dalvikvm(27180): Could not find method dqp.d, referenced from method g.a
W/dalvikvm(27180): VFY: unable to resolve virtual method 23194: Ldqp;.d ()Lcom/google/android/apps/hangouts/telephony/TeleConnectionService;
D/dalvikvm(27180): VFY: replacing opcode 0x6e at 0x0003
W/dalvikvm(27180): Unable to resolve superclass of Lax; (841)
W/dalvikvm(27180): Link of class 'Lax;' failed
E/dalvikvm(27180): Could not find class 'ax', referenced from method g.a
W/dalvikvm(27180): VFY: unable to resolve new-instance 1304 (Lax;) in Lg;
D/dalvikvm(27180): VFY: replacing opcode 0x22 at 0x0006
W/dalvikvm(27180): Unable to resolve superclass of Laz; (841)
W/dalvikvm(27180): Link of class 'Laz;' failed
E/dalvikvm(27180): Could not find class 'az', referenced from method g.a
W/dalvikvm(27180): VFY: unable to resolve new-instance 1358 (Laz;) in Lg;
D/dalvikvm(27180): VFY: replacing opcode 0x22 at 0x002c
I/dalvikvm(27180): Could not find method android.transition.TransitionSet.getTransitionCount, referenced from method g.a
W/dalvikvm(27180): VFY: unable to resolve virtual method 5153: Landroid/transition/TransitionSet;.getTransitionCount ()I
D/dalvikvm(27180): VFY: replacing opcode 0x6e at 0x0008
I/dalvikvm(27180): Could not find method android.view.ViewGroup.isTransitionGroup, referenced from method g.a
W/dalvikvm(27180): VFY: unable to resolve virtual method 5653: Landroid/view/ViewGroup;.isTransitionGroup ()Z
D/dalvikvm(27180): VFY: replacing opcode 0x6e at 0x000c
I/dalvikvm(27180): Could not find method android.view.View.getTransitionName, referenced from method g.a
W/dalvikvm(27180): VFY: unable to resolve virtual method 5484: Landroid/view/View;.getTransitionName ()Ljava/lang/String;
D/dalvikvm(27180): VFY: replacing opcode 0x6e at 0x0006
I/dalvikvm(27180): Could not find method android.transition.Transition.getTargetNames, referenced from method g.a
W/dalvikvm(27180): VFY: unable to resolve virtual method 5144: Landroid/transition/Transition;.getTargetNames ()Ljava/util/List;
D/dalvikvm(27180): VFY: replacing opcode 0x6e at 0x000a
I/dalvikvm(27180): Could not find method android.view.ViewParent.onNestedPreFling, referenced from method g.a
W/dalvikvm(27180): VFY: unable to resolve interface method 5703: Landroid/view/ViewParent;.onNestedPreFling (Landroid/view/View;FF)Z
D/dalvikvm(27180): VFY: replacing opcode 0x72 at 0x0000
I/dalvikvm(27180): Could not find method android.view.ViewParent.onNestedFling, referenced from method g.a
W/dalvikvm(27180): VFY: unable to resolve interface method 5702: Landroid/view/ViewParent;.onNestedFling (Landroid/view/View;FFZ)Z
D/dalvikvm(27180): VFY: replacing opcode 0x72 at 0x0000
I/dalvikvm(27180): Could not find method android.view.ViewParent.onStartNestedScroll, referenced from method g.a
W/dalvikvm(27180): VFY: unable to resolve interface method 5707: Landroid/view/ViewParent;.onStartNestedScroll (Landroid/view/View;Landroid/view/View;I)Z
D/dalvikvm(27180): VFY: replacing opcode 0x72 at 0x0000
W/dalvikvm(27180): VFY: unable to find class referenced in signature ([Landroid/app/RemoteInput;)
E/dalvikvm(27180): Could not find class 'android.app.RemoteInput[]', referenced from method g.a
W/dalvikvm(27180): VFY: unable to resolve new-array 9720 ([Landroid/app/RemoteInput;) in Lg;
D/dalvikvm(27180): VFY: replacing opcode 0x23 at 0x0005
I/dalvikvm(27180): Could not find method android.transition.TransitionSet.getTransitionCount, referenced from method g.b
W/dalvikvm(27180): VFY: unable to resolve virtual method 5153: Landroid/transition/TransitionSet;.getTransitionCount ()I
D/dalvikvm(27180): VFY: replacing opcode 0x6e at 0x0009
W/dalvikvm(27180): Unable to resolve superclass of Lcom/google/android/apps/hangouts/telephony/TeleConnectionService; (764)
W/dalvikvm(27180): Link of class 'Lcom/google/android/apps/hangouts/telephony/TeleConnectionService;' failed
E/dalvikvm(27180): Could not find class 'com.google.android.apps.hangouts.telephony.TeleConnectionService', referenced from method g.l
W/dalvikvm(27180): VFY: unable to resolve const-class 2678 (Lcom/google/android/apps/hangouts/telephony/TeleConnectionService;) in Lg;
D/dalvikvm(27180): VFY: replacing opcode 0x1c at 0x0002
E/dalvikvm(27180): Could not find class 'android.telecom.TelecomManager', referenced from method g.n
W/dalvikvm(27180): VFY: unable to resolve check-cast 774 (Landroid/telecom/TelecomManager;) in Lg;
D/dalvikvm(27180): VFY: replacing opcode 0x1f at 0x000c
D/dalvikvm(27180): DexOpt: couldn't find static field Landroid/os/Build;.SUPPORTED_ABIS
W/dalvikvm(27180): VFY: unable to resolve static field 1410 (SUPPORTED_ABIS) in Landroid/os/Build;
D/dalvikvm(27180): VFY: replacing opcode 0x62 at 0x0006
D/dalvikvm(27180): DexOpt: unable to opt direct call 0x0a45 at 0x0e in Lg;.a
D/dalvikvm(27180): DexOpt: unable to opt direct call 0x0a9b at 0x3d in Lg;.a
D/dalvikvm(27180): DexOpt: unable to opt direct call 0x0a45 at 0x0e in Lg;.a
D/dalvikvm(27180): DexOpt: unable to opt direct call 0x1407 at 0x69 in Lg;.a
D/dalvikvm(27180): DexOpt: unable to opt direct call 0x1405 at 0x88 in Lg;.a
W/dalvikvm(27180): Unable to resolve superclass of Lax; (841)
W/dalvikvm(27180): Link of class 'Lax;' failed
D/dalvikvm(27180): DexOpt: unable to opt direct call 0x1ea6 at 0x08 in Lg;.a
W/dalvikvm(27180): Unable to resolve superclass of Laz; (841)
W/dalvikvm(27180): Link of class 'Laz;' failed
D/dalvikvm(27180): DexOpt: unable to opt direct call 0x1f7d at 0x2e in Lg;.a
D/dalvikvm(27180): DexOpt: unable to opt direct call 0x0a9b at 0x13 in Lg;.a
D/dalvikvm(27180): DexOpt: unable to opt direct call 0x133d at 0x0b in Lg;.l
D/dalvikvm(27180): Trying to load lib /data/app-lib/com.google.android.talk-1/libcrashreporterer.so 0x42b63ef8
D/dalvikvm(27180): Added shared lib /data/app-lib/com.google.android.talk-1/libcrashreporterer.so 0x42b63ef8
I/dalvikvm(27180): Could not find method android.telephony.SmsManager.getCarrierConfigValues, referenced from method dnm.b
W/dalvikvm(27180): VFY: unable to resolve virtual method 5004: Landroid/telephony/SmsManager;.getCarrierConfigValues ()Landroid/os/Bundle;
D/dalvikvm(27180): VFY: replacing opcode 0x6e at 0x0076
I/Babel_SMS(27180): MmsConfig: mnc/mcc: 404/22
I/Babel_SMS(27180): MmsConfig.loadMmsSettings
I/Babel_SMS(27180): MmsConfig.loadDeviceMmsSettings from API: mUserAgent=CyanogenMod, mUaProfUrl=http://www.google.com/oha/rdf/ua-profile-kila.xml
I/Babel_SMS(27180): MmsConfig.loadFromDatabase
E/SQLiteLog(27180): (1) no such table: mmsconfig
I/Babel_SMS(27180): MmsConfig: no mmsconfig table android.database.sqlite.SQLiteException: no such table: mmsconfig (code 1): , while compiling: SELECT key, value, type FROM mmsconfig WHERE numeric=?
I/Babel_SMS(27180): MmsConfig.loadFromResources
E/Babel_SMS(27180): canonicalizeMccMnc: invalid mccmnc nullnull
I/Babel_SMS(27180): MmsConfig.loadMmsSettings: mUserAgent=CyanogenMod, mUaProfUrl=http://www.google.com/oha/rdf/ua-profile-kila.xml
W/dalvikvm(27180): Unable to resolve superclass of Lfzc; (613)
W/dalvikvm(27180): Link of class 'Lfzc;' failed
E/dalvikvm(27180): Could not find class 'fzc', referenced from method com.google.android.libraries.hangouts.video.sdk.ScreenVideoCapturer.<init>
W/dalvikvm(27180): VFY: unable to resolve new-instance 5387 (Lfzc;) in Lcom/google/android/libraries/hangouts/video/sdk/ScreenVideoCapturer;
D/dalvikvm(27180): VFY: replacing opcode 0x22 at 0x0033
W/dalvikvm(27180): VFY: unable to find class referenced in signature (Landroid/media/projection/MediaProjection;)
W/dalvikvm(27180): VFY: unable to find class referenced in signature (Landroid/media/projection/MediaProjection;)
W/dalvikvm(27180): VFY: unable to find class referenced in signature (Landroid/media/projection/MediaProjectionManager;)
W/dalvikvm(27180): VFY: unable to find class referenced in signature (Landroid/media/projection/MediaProjection;)
I/dalvikvm(27180): Could not find method android.media.projection.MediaProjection.createVirtualDisplay, referenced from method com.google.android.libraries.hangouts.video.sdk.ScreenVideoCapturer.e
W/dalvikvm(27180): VFY: unable to resolve virtual method 3636: Landroid/media/projection/MediaProjection;.createVirtualDisplay (Ljava/lang/String;IIIILandroid/view/Surface;Landroid/hardware/display/VirtualDisplay$Callback;Landroid/os/Handler;)Landroid/hardware/display/VirtualDisplay;
D/dalvikvm(27180): VFY: replacing opcode 0x74 at 0x006d
I/dalvikvm(27180): Could not find method android.media.projection.MediaProjectionManager.createScreenCaptureIntent, referenced from method com.google.android.libraries.hangouts.video.sdk.ScreenVideoCapturer.a
W/dalvikvm(27180): VFY: unable to resolve virtual method 3640: Landroid/media/projection/MediaProjectionManager;.createScreenCaptureIntent ()Landroid/content/Intent;
D/dalvikvm(27180): VFY: replacing opcode 0x6e at 0x0033
I/dalvikvm(27180): Could not find method android.media.projection.MediaProjection.stop, referenced from method com.google.android.libraries.hangouts.video.sdk.ScreenVideoCapturer.f
W/dalvikvm(27180): VFY: unable to resolve virtual method 3638: Landroid/media/projection/MediaProjection;.stop ()V
D/dalvikvm(27180): VFY: replacing opcode 0x6e at 0x0030
W/dalvikvm(27180): Unable to resolve superclass of Lfzc; (613)
W/dalvikvm(27180): Link of class 'Lfzc;' failed
D/dalvikvm(27180): DexOpt: unable to opt direct call 0x7c80 at 0x35 in Lcom/google/android/libraries/hangouts/video/sdk/ScreenVideoCapturer;.<init>
W/SearchableInfo(  791): Invalid searchable metadata for com.bt.bms/.activities.GlobalSearchActivity: Search label must be a resource reference.
W/Settings(27180): Setting airplane_mode_on has moved from android.provider.Settings.System to android.provider.Settings.Global, returning read-only value.
I/Babel_Crash(27180): startup - clean
I/Babel   (27180): deleted: false for 3
I/Babel   (27180): deleted: false for 0
I/dalvikvm(27180): Could not find method android.content.pm.PackageManager.getPackageInstaller, referenced from method eeq.a
W/dalvikvm(27180): VFY: unable to resolve virtual method 2973: Landroid/content/pm/PackageManager;.getPackageInstaller ()Landroid/content/pm/PackageInstaller;
D/dalvikvm(27180): VFY: replacing opcode 0x6e at 0x000d
W/GCoreFlp( 1151): No location to return for getLastLocation()
W/GCoreFlp( 1151): No location to return for getLastLocation()
W/dalvikvm(27180): VFY: unable to find class referenced in signature (Landroid/telecom/TelecomManager;)
I/dalvikvm(27180): Could not find method android.telecom.TelecomManager.clearAccounts, referenced from method dry.f
W/dalvikvm(27180): VFY: unable to resolve virtual method 4959: Landroid/telecom/TelecomManager;.clearAccounts ()V
D/dalvikvm(27180): VFY: replacing opcode 0x6e at 0x004e
W/dalvikvm(27180): VFY: unable to find class referenced in signature (Landroid/telecom/TelecomManager;)
W/dalvikvm(27180): VFY: unable to find class referenced in signature (Landroid/telecom/TelecomManager;)
E/dalvikvm(27180): Could not find class 'android.telecom.PhoneAccount$Builder', referenced from method dry.f
W/dalvikvm(27180): VFY: unable to resolve new-instance 766 (Landroid/telecom/PhoneAccount$Builder;) in Ldry;
D/dalvikvm(27180): VFY: replacing opcode 0x22 at 0x0071
W/dalvikvm(27180): VFY: unable to find class referenced in signature (Landroid/telecom/TelecomManager;)
W/dalvikvm(27180): VFY: unable to find class referenced in signature (Landroid/telecom/TelecomManager;)
W/dalvikvm(27180): VFY: unable to find class referenced in signature (Landroid/telecom/TelecomManager;)
W/dalvikvm(27180): VFY: unable to find class referenced in signature (Landroid/telecom/TelecomManager;)
E/dalvikvm(27180): Could not find class 'android.telecom.TelecomManager', referenced from method dry.i
W/dalvikvm(27180): VFY: unable to resolve check-cast 774 (Landroid/telecom/TelecomManager;) in Ldry;
D/dalvikvm(27180): VFY: replacing opcode 0x1f at 0x0021
W/dalvikvm(27180): VFY: unable to find class referenced in signature (Landroid/telecom/TelecomManager;)
D/dalvikvm(27180): DexOpt: unable to opt direct call 0x1338 at 0x7d in Ldry;.f
I/dalvikvm(27180): Could not find method android.media.MediaCodecInfo$CodecCapabilities.getVideoCapabilities, referenced from method fuo.a
W/dalvikvm(27180): VFY: unable to resolve virtual method 3568: Landroid/media/MediaCodecInfo$CodecCapabilities;.getVideoCapabilities ()Landroid/media/MediaCodecInfo$VideoCapabilities;
D/dalvikvm(27180): VFY: replacing opcode 0x6e at 0x0074
W/Launcher( 1229): setApplicationContext called twice! old=com.android.launcher3.LauncherApplication@41bcd7d8 new=com.android.launcher3.LauncherApplication@41bcd7d8
I/UpdateIcingCorporaServi(24226): Updating corpora: APPS=com.google.android.gms, CONTACTS=MAYBE
D/PackageBroadcastService( 1705): Received broadcast action=android.intent.action.PACKAGE_CHANGED and uri=com.google.android.gms
I/PackageBroadcastService( 1705): Null package name or gms related package.  Ignoreing.
I/ActivityManager(  791): Delay finish: com.google.android.gms/.app.receiver.SystemBroadcastReceiver
I/ActivityManager(  791): Delaying start of: ServiceRecord{4402ad68 u0 com.google.android.gms/.wearable.service.WearableControlService}
I/Icing   ( 1705): updateResources: need to parse f{com.google.android.gms}
I/UpdateIcingCorporaServi(24226): UpdateCorporaTask done [took 83 ms] updated apps [took 83 ms] 
I/ActivityManager(  791): Resuming delayed broadcast
I/vclib   (27180): onServiceConnected
W/Babel   (27180): Attempted to change video mute state without an active call.
D/dalvikvm(27180): DexOpt: couldn't find static field Landroid/os/Build;.SUPPORTED_ABIS
W/dalvikvm(27180): VFY: unable to resolve static field 141 (SUPPORTED_ABIS) in Landroid/os/Build;
D/dalvikvm(27180): VFY: replacing opcode 0x62 at 0x000a
D/dalvikvm(27180): DexOpt: couldn't find field Landroid/content/pm/ApplicationInfo;.splitSourceDirs
W/dalvikvm(27180): VFY: unable to resolve instance field 53
D/dalvikvm(27180): VFY: replacing opcode 0x54 at 0x005f
D/dalvikvm(27180): DexOpt: couldn't find static field Landroid/os/Build;.SUPPORTED_ABIS
W/dalvikvm(27180): VFY: unable to resolve static field 141 (SUPPORTED_ABIS) in Landroid/os/Build;
D/dalvikvm(27180): VFY: replacing opcode 0x62 at 0x0047
D/dalvikvm(27180): DexOpt: couldn't find field Landroid/content/pm/ApplicationInfo;.splitSourceDirs
I/dalvikvm(27180): DexOpt: unable to optimize instance field ref 0x0035 at 0x63 in Lcom/google/android/gms/common/util/ay;.b
D/dalvikvm(27180): Trying to load lib /data/app-lib/com.google.android.gms-1/libgmscore.so 0x41ef9020
D/dalvikvm(27180): Added shared lib /data/app-lib/com.google.android.gms-1/libgmscore.so 0x41ef9020
D/dalvikvm(27180): No JNI_OnLoad found in /data/app-lib/com.google.android.gms-1/libgmscore.so 0x41ef9020, skipping init
D/dalvikvm(27180): Trying to load lib /data/app-lib/com.google.android.gms-1/libconscrypt_gmscore_jni.so 0x41ef9020
D/dalvikvm(27180): Added shared lib /data/app-lib/com.google.android.gms-1/libconscrypt_gmscore_jni.so 0x41ef9020
V/JNIHelp (27180): Registering com/google/android/gms/org/conscrypt/NativeCrypto's 240 native methods...
D/dalvikvm(27180): Trying to load lib /data/app-lib/com.google.android.gms-1/libgmscore.so 0x41ef9020
D/dalvikvm(27180): Shared lib '/data/app-lib/com.google.android.gms-1/libgmscore.so' already loaded in same CL 0x41ef9020
D/dalvikvm(27180): Trying to load lib /data/app-lib/com.google.android.gms-1/libconscrypt_gmscore_jni.so 0x41ef9020
D/dalvikvm(27180): Shared lib '/data/app-lib/com.google.android.gms-1/libconscrypt_gmscore_jni.so' already loaded in same CL 0x41ef9020
I/ProviderInstaller(27180): Installed default security provider GmsCore_OpenSSL
I/ConfigService( 1312): onDestroy
D/Finsky  (14308): [6405] AppStatesReplicator.handleContentSyncResponse: Completed 0 account content syncs with 0 successful.
D/Finsky  (14308): [1] 5.onFinished: Installation state replication succeeded.
W/ctxmgr  ( 1151): [PowerConnectionState]Got same value as before for power connection (Plug state: 2 BatteryLevel: 0.45)
V/Zygote  (27268): Switching descriptor 34 to /dev/null
V/Zygote  (27268): Switching descriptor 9 to /dev/null
I/ActivityManager(  791): Start proc com.cyanogenmod.lockclock for service com.cyanogenmod.lockclock/.weather.WeatherUpdateService: pid=27268 uid=10060 gids={50060, 3003}
D/ActivityThread(27268): handleBindApplication:com.cyanogenmod.lockclock
D/ActivityThread(27268): setTargetHeapUtilization:0.75
D/ActivityThread(27268): setTargetHeapMinFree:2097152
D/YahooWeatherProvider(27268): Weather updated: WeatherInfo for Pune (29220291) @ Sun Sep 20 14:04:38 IST 2015: Mostly Cloudy(28), temperature 26C, low 21, high 27, humidity 69%, wind 8km/h at W, forecasts: day 1: high 27, low 21, Showers(11); day 2: high 28, low 21, Mostly Cloudy(28); day 3: high 29, low 21, Partly Cloudy(30); day 4: high 31, low 21, PM Thunderstorms(38); day 5: high 31, low 21, Isolated Thunderstorms(37)
I/ActivityManager(  791): Killing 26622:com.google.android.apps.docs/u0a44 (adj 15): empty #17
I/ActivityManager(  791): Killing 26708:com.drippler.android.updates/u0a108 (adj 15): empty #17
W/ctxmgr  ( 1151): [PowerConnectionState]Got same value as before for power connection (Plug state: 2 BatteryLevel: 0.45)
W/ctxmgr  ( 1151): [PowerConnectionState]Got same value as before for power connection (Plug state: 2 BatteryLevel: 0.45)
W/ctxmgr  ( 1151): [PowerConnectionState]Got same value as before for power connection (Plug state: 2 BatteryLevel: 0.45)
I/PowerManagerService(  791): Nap time...
I/PowerManagerService(  791): Going to sleep due to screen timeout...
D/SurfaceFlinger(  219): Screen released, type=0 flinger=0xb735c4e0
D/qdhwcomposer(  219): hwc_blank: Blanking display: 0
I/qdhwcomposer(  219): handle_blank_event: dpy:0 panel power state: 0
D/qdhwcomposer(  219): hwc_blank: Done blanking display: 0
D/SurfaceControl(  791): Excessive delay in blankDisplay() while turning screen off: 304ms
I/QCOM PowerHAL(  791): Got set_interactive hint
D/NfcService( 1189): NFC-C OFF
E/NxpTml  ( 1189): _i2c_write() errno : 5
E/NxpTml  ( 1189): PN547 - Error in I2C Write.....
E/NxpHal  ( 1189): write error status = 0x1ff
E/NxpHal  ( 1189): write_unlocked failed - PN547 Maybe in Standby Mode - Retry
D/audio_hw_primary(  222): adev_set_parameters: enter: screen_state=off
V/msm8974_platform(  222): platform_set_parameters: enter: screen_state=off
V/msm8974_platform(  222): platform_set_parameters: exit with code(0)
D/audio_hw_extn(  222): audio_extn_set_anc_parameters: anc_enabled:0
V/listen_hw(  222): listen_hw_set_parameters: Enter
V/listen_hw(  222): handle_set_parameters: Enter kvpairs=screen_state=off
V/listen_hw(  222): handle_set_parameters: Exit
V/listen_hw(  222): listen_hw_set_parameters: Exit, ret=0
E/audio_a2dp_hw(  222): adev_set_parameters: ERROR: set param called even when stream out is null
W/ctxmgr  ( 1151): [PowerConnectionState]Got same value as before for power connection (Plug state: 2 BatteryLevel: 0.45)
V/Zygote  (27541): Switching descriptor 34 to /dev/null
V/Zygote  (27541): Switching descriptor 9 to /dev/null
I/ActivityManager(  791): Start proc com.google.android.apps.maps for service com.google.android.apps.maps/com.google.android.apps.gmm.prefetch.PrefetcherService: pid=27541 uid=10063 gids={50063, 3003, 1028, 1015}
D/ActivityThread(27541): handleBindApplication:com.google.android.apps.maps
D/ActivityThread(27541): setTargetHeapUtilization:0.75
D/ActivityThread(27541): setTargetHeapMinFree:2097152
D/AudioPolicyManager(  222):  getOutput() device 2, stream 1, samplingRate 0, format 0, channelMask 3, flags 0 
D/AudioPolicyManager(  222): getOutput() returns output 2
D/AudioPolicyManager(  222):  getOutput() device 2, stream 1, samplingRate 0, format 0, channelMask 3, flags 0 
D/AudioPolicyManager(  222): getOutput() returns output 2
D/AudioPolicyManager(  222):  getOutput() device 2, stream 1, samplingRate 44100, format 1, channelMask 3, flags 4 
D/AudioPolicyManager(  222): getOutput() returns output 3
W/AudioTrack( 1012): AUDIO_OUTPUT_FLAG_FAST denied by client due to mismatching sample rate (44100 vs 48000)
D/AudioFlinger(  222): start(4098), calling pid 1012 session 1953
D/AudioFlinger(  222): ? => ACTIVE (4098) on thread 0xb8e9bb70
I/QCOM PowerHAL(  222): Processing audio hint. Metadata: state=1
D/AudioPolicyManagerBase(  222): startOutput() output 3, stream 1, session 1953
D/audio_hw_primary(  222): start_output_stream: enter: stream(0xb8d13cc0)usecase(1: low-latency-playback) devices(0x2)
V/msm8974_platform(  222): platform_get_output_snd_device: enter: output devices(0x2)
V/msm8974_platform(  222): platform_get_output_snd_device: exit: snd_device(speaker)
D/audio_hw_primary(  222): select_devices: out_snd_device(2: speaker) in_snd_device(0: )
W/msm8974_platform(  222): Property audio.offload.24bit.enable is set
V/msm8974_platform(  222): platform_check_and_set_codec_backend_cfg usecase = 1
W/msm8974_platform(  222): Codec backend bitwidth 16, samplerate 48000
V/msm8974_platform(  222): Playback running bw 16 sr 48000 standby 0
D/hardware_info(  222): hw_info_append_hw_type : device_name = speaker
I/listen_hal_loader(  222): audio_extn_listen_update_device_status(): device 0x2 of type 0 for Event 1, with Raise=0
D/ACDB-LOADER(  222): ACDB -> send_audio_cal, acdb_id = 15, path =  0
D/ACDB-LOADER(  222): ACDB -> send_adm_topology
D/ACDB-LOADER(  222): ACDB -> ACDB_CMD_GET_AUDPROC_COMMON_TOPOLOGY_ID
D/ACDB-LOADER(  222): ACDB -> send_asm_topology
D/ACDB-LOADER(  222): ACDB -> ACDB_CMD_GET_AUDPROC_STREAM_TOPOLOGY_ID
D/ACDB-LOADER(  222): ACDB -> send_audtable
D/ACDB-LOADER(  222): ACDB -> ACDB_CMD_GET_AUDPROC_COMMON_TABLE
D/ACDB-LOADER(  222): ACDB -> AUDIO_SET_AUDPROC_CAL
D/ACDB-LOADER(  222): ACDB -> send_audvoltable
D/ACDB-LOADER(  222): ACDB -> ACDB_CMD_GET_AUDPROC_GAIN_DEP_STEP_TABLE
D/        (  222): Failed to fetch the lookup information of the device 0000000F 
E/ACDB-LOADER(  222): Error: ACDB AudProc vol returned = -19
D/ACDB-LOADER(  222): ACDB -> AUDIO_SET_AUDPROC_VOL_CAL
D/ACDB-LOADER(  222): ACDB -> send_afe_cal
D/ACDB-LOADER(  222): ACDB -> ACDB_CMD_GET_AFE_COMMON_TABLE
D/        (  222): Failed to fetch the lookup information of the device 0000000F 
E/ACDB-LOADER(  222): Error: ACDB AFE returned = -19
D/ACDB-LOADER(  222): ACDB -> AUDIO_SET_AFE_CAL
I/listen_hal_loader(  222): audio_extn_listen_update_stream_status(): uc_id 1 of type 0 for Event 3, with Raise=0
D/audio_hw_primary(  222): select_devices: done
W/ActivityThread(27541): ClassLoader.loadClass: The class loader returned by Thread.getContextClassLoader() may fail for processes that host multiple applications. You should explicitly specify a context class loader. For example: Thread.setContextClassLoader(getClass().getClassLoader());
D/PhoneStatusBar( 1027): disable: < EXPAND* icons alerts TICKER* system_info back home RECENT* CLOCK* search >
D/PhoneStatusBar( 1027): disable: < EXPAND icons alerts TICKER system_info BACK* HOME* RECENT CLOCK search >
W/View    ( 1012): requestLayout() improperly called by android.widget.TextClock{43d70420 V.ED.... ......ID 0,0-139,313 #7f0b0013 app:id/clock1_regular} during layout: running second layout pass
W/View    ( 1012): requestLayout() improperly called by android.widget.TextClock{438a7178 V.ED.... ......ID 139,0-473,313 #7f0b0014 app:id/clock2_regular} during layout: running second layout pass
W/View    ( 1012): requestLayout() improperly called by android.widget.TextClock{438a8538 V.ED.... ......ID 251,0-630,66 #7f0b0018 app:id/date_bold} during layout: running second layout pass
W/View    ( 1012): requestLayout() improperly called by android.widget.TextView{438d8900 V.ED.... ......ID 222,12-321,74 #7f0b0021 app:id/weather_city} during layout: running second layout pass
W/View    ( 1012): requestLayout() improperly called by android.widget.TextView{424722d0 V.ED.... ......ID 84,74-321,126 #7f0b0027 app:id/weather_condition} during layout: running second layout pass
W/View    ( 1012): requestLayout() improperly called by android.widget.TextView{424727d8 V.ED.... ......ID 182,126-321,160 #7f0b0022 app:id/update_time} during layout: running second layout pass
W/View    ( 1012): requestLayout() improperly called by android.widget.TextView{424732a0 V.ED.... ......ID 6,0-144,84 #7f0b0024 app:id/weather_temp} during layout: running second layout pass
W/View    ( 1012): requestLayout() improperly called by android.widget.TextView{438e15a8 V.ED.... ......ID 0,87-150,145 #7f0b0026 app:id/weather_low_high} during layout: running second layout pass
I/QCOM PowerHAL(  222): Processing audio hint. Metadata: state=0
D/WearableService(26891): callingUid 10012, callindPid: 26891
V/Zygote  (27590): Switching descriptor 34 to /dev/null
V/Zygote  (27590): Switching descriptor 9 to /dev/null
I/TextToSpeech(27541): Sucessfully bound to com.google.android.tts
I/ActivityManager(  791): Start proc com.google.android.tts for service com.google.android.tts/.service.GoogleTTSService: pid=27590 uid=10051 gids={50051, 3003, 1028, 1015}
D/StrictMode(27541): StrictMode policy violation; ~duration=457 ms: android.os.StrictMode$StrictModeDiskReadViolation: policy=31 violation=2
D/StrictMode(27541): 	at android.os.StrictMode$AndroidBlockGuardPolicy.onReadFromDisk(StrictMode.java:1135)
D/StrictMode(27541): 	at libcore.io.BlockGuardOs.open(BlockGuardOs.java:106)
D/StrictMode(27541): 	at libcore.io.IoUtils.canOpenReadOnly(IoUtils.java:163)
D/StrictMode(27541): 	at dalvik.system.DexPathList.findLibrary(DexPathList.java:384)
D/StrictMode(27541): 	at dalvik.system.BaseDexClassLoader.findLibrary(BaseDexClassLoader.java:77)
D/StrictMode(27541): 	at java.lang.Runtime.loadLibrary(Runtime.java:356)
D/StrictMode(27541): 	at java.lang.System.loadLibrary(System.java:526)
D/StrictMode(27541): 	at com.google.android.libraries.social.jni.crashreporter.NativeCrashHandler.a(PG:124)
D/StrictMode(27541): 	at com.google.android.libraries.social.jni.crashreporter.NativeCrashHandler.a(PG:36)
D/StrictMode(27541): 	at com.google.android.apps.gmm.base.app.a.<init>(PG:186)
D/StrictMode(27541): 	at com.google.android.apps.gmm.base.app.GoogleMapsApplication.onCreate(PG:66)
D/StrictMode(27541): 	at android.app.Instrumentation.callApplicationOnCreate(Instrumentation.java:1007)
D/StrictMode(27541): 	at android.app.ActivityThread.handleBindApplication(ActivityThread.java:4473)
D/StrictMode(27541): 	at android.app.ActivityThread.access$1500(ActivityThread.java:144)
D/StrictMode(27541): 	at android.app.ActivityThread$H.handleMessage(ActivityThread.java:1265)
D/StrictMode(27541): 	at android.os.Handler.dispatchMessage(Handler.java:102)
D/StrictMode(27541): 	at android.os.Looper.loop(Looper.java:136)
D/StrictMode(27541): 	at android.app.ActivityThread.main(ActivityThread.java:5146)
D/StrictMode(27541): 	at java.lang.reflect.Method.invokeNative(Native Method)
D/StrictMode(27541): 	at java.lang.reflect.Method.invoke(Method.java:515)
D/StrictMode(27541): 	at com.android.internal.os.ZygoteInit$MethodAndArgsCaller.run(ZygoteInit.java:732)
D/StrictMode(27541): 	at com.android.internal.os.ZygoteInit.main(ZygoteInit.java:566)
D/StrictMode(27541): 	at dalvik.system.NativeStart.main(Native Method)
D/StrictMode(27541): StrictMode policy violation; ~duration=449 ms: android.os.StrictMode$StrictModeDiskReadViolation: policy=31 violation=2
D/StrictMode(27541): 	at android.os.StrictMode$AndroidBlockGuardPolicy.onReadFromDisk(StrictMode.java:1135)
D/StrictMode(27541): 	at android.app.SharedPreferencesImpl.awaitLoadedLocked(SharedPreferencesImpl.java:203)
D/StrictMode(27541): 	at android.app.SharedPreferencesImpl.getBoolean(SharedPreferencesImpl.java:260)
D/StrictMode(27541): 	at android.preference.PreferenceManager.setDefaultValues(PreferenceManager.java:481)
D/StrictMode(27541): 	at com.google.android.apps.gmm.base.h.a.a(PG:394)
D/StrictMode(27541): 	at com.google.android.apps.gmm.base.app.a.<init>(PG:208)
D/StrictMode(27541): 	at com.google.android.apps.gmm.base.app.GoogleMapsApplication.onCreate(PG:66)
D/StrictMode(27541): 	at android.app.Instrumentation.callApplicationOnCreate(Instrumentation.java:1007)
D/StrictMode(27541): 	at android.app.ActivityThread.handleBindApplication(ActivityThread.java:4473)
D/StrictMode(27541): 	at android.app.ActivityThread.access$1500(ActivityThread.java:144)
D/StrictMode(27541): 	at android.app.ActivityThread$H.handleMessage(ActivityThread.java:1265)
D/StrictMode(27541): 	at android.os.Handler.dispatchMessage(Handler.java:102)
D/StrictMode(27541): 	at android.os.Looper.loop(Looper.java:136)
D/StrictMode(27541): 	at android.app.ActivityThread.main(ActivityThread.java:5146)
D/StrictMode(27541): 	at java.lang.reflect.Method.invokeNative(Native Method)
D/StrictMode(27541): 	at java.lang.reflect.Method.invoke(Method.java:515)
D/StrictMode(27541): 	at com.android.internal.os.ZygoteInit$MethodAndArgsCaller.run(ZygoteInit.java:732)
D/StrictMode(27541): 	at com.android.internal.os.ZygoteInit.main(ZygoteInit.java:566)
D/StrictMode(27541): 	at dalvik.system.NativeStart.main(Native Method)
D/StrictMode(27541): StrictMode policy violation; ~duration=444 ms: android.os.StrictMode$StrictModeDiskReadViolation: policy=31 violation=2
D/StrictMode(27541): 	at android.os.StrictMode$AndroidBlockGuardPolicy.onReadFromDisk(StrictMode.java:1135)
D/StrictMode(27541): 	at android.app.SharedPreferencesImpl.awaitLoadedLocked(SharedPreferencesImpl.java:203)
D/StrictMode(27541): 	at android.app.SharedPreferencesImpl.getInt(SharedPreferencesImpl.java:239)
D/StrictMode(27541): 	at com.google.android.apps.gmm.map.x.a.a(PG:168)
D/StrictMode(27541): 	at com.google.android.apps.gmm.base.h.a.a(PG:400)
D/StrictMode(27541): 	at com.google.android.apps.gmm.base.app.a.<init>(PG:208)
D/StrictMode(27541): 	at com.google.android.apps.gmm.base.app.GoogleMapsApplication.onCreate(PG:66)
D/StrictMode(27541): 	at android.app.Instrumentation.callApplicationOnCreate(Instrumentation.java:1007)
D/StrictMode(27541): 	at android.app.ActivityThread.handleBindApplication(ActivityThread.java:4473)
D/StrictMode(27541): 	at android.app.ActivityThread.access$1500(ActivityThread.java:144)
D/StrictMode(27541): 	at android.app.ActivityThread$H.handleMessage(ActivityThread.java:1265)
D/StrictMode(27541): 	at android.os.Handler.dispatchMessage(Handler.java:102)
D/StrictMode(27541): 	at android.os.Looper.loop(Looper.java:136)
D/StrictMode(27541): 	at android.app.ActivityThread.main(ActivityThread.java:5146)
D/StrictMode(27541): 	at java.lang.reflect.Method.invokeNative(Native Method)
D/StrictMode(27541): 	at java.lang.reflect.Method.invoke(Method.java:515)
D/StrictMode(27541): 	at com.android.internal.os.ZygoteInit$MethodAndArgsCaller.run(ZygoteInit.java:732)
D/StrictMode(27541): 	at com.android.internal.os.ZygoteInit.main(ZygoteInit.java:566)
D/StrictMode(27541): 	at dalvik.system.NativeStart.main(Native Method)
D/StrictMode(27541): StrictMode policy violation; ~duration=437 ms: android.os.StrictMode$StrictModeDiskReadViolation: policy=31 violation=2
D/StrictMode(27541): 	at android.os.StrictMode$AndroidBlockGuardPolicy.onReadFromDisk(StrictMode.java:1135)
D/StrictMode(27541): 	at libcore.io.BlockGuardOs.open(BlockGuardOs.java:106)
D/StrictMode(27541): 	at libcore.io.IoUtils.canOpenReadOnly(IoUtils.java:163)
D/StrictMode(27541): 	at dalvik.system.DexPathList.findLibrary(DexPathList.java:384)
D/StrictMode(27541): 	at dalvik.system.BaseDexClassLoader.findLibrary(BaseDexClassLoader.java:77)
D/StrictMode(27541): 	at java.lang.Runtime.loadLibrary(Runtime.java:356)
D/StrictMode(27541): 	at java.lang.System.loadLibrary(System.java:526)
D/StrictMode(27541): 	at com.google.android.apps.gmm.map.util.jni.NativeHelper.initialize(PG:42)
D/StrictMode(27541): 	at com.google.android.apps.gmm.map.c.b.<clinit>(PG:62)
D/StrictMode(27541): 	at com.google.android.apps.gmm.base.app.a.<init>(PG:208)
D/StrictMode(27541): 	at com.google.android.apps.gmm.base.app.GoogleMapsApplication.onCreate(PG:66)
D/StrictMode(27541): 	at android.app.Instrumentation.callApplicationOnCreate(Instrumentation.java:1007)
D/StrictMode(27541): 	at android.app.ActivityThread.handleBindApplication(ActivityThread.java:4473)
D/StrictMode(27541): 	at android.app.ActivityThread.access$1500(ActivityThread.java:144)
D/StrictMode(27541): 	at android.app.ActivityThread$H.handleMessage(ActivityThread.java:1265)
D/StrictMode(27541): 	at android.os.Handler.dispatchMessage(Handler.java:102)
D/StrictMode(27541): 	at android.os.Looper.loop(Looper.java:136)
D/StrictMode(27541): 	at android.app.ActivityThread.main(ActivityThread.java:5146)
D/StrictMode(27541): 	at java.lang.reflect.Method.invokeNative(Native Method)
D/StrictMode(27541): 	at java.lang.reflect.Method.invoke(Method.java:515)
D/StrictMode(27541): 	at com.android.internal.os.ZygoteInit$MethodAndArgsCaller.run(ZygoteInit.java:732)
D/StrictMode(27541): 	at com.android.internal.os.ZygoteInit.main(ZygoteInit.java:566)
D/StrictMode(27541): 	at dalvik.system.NativeStart.main(Native Method)
D/StrictMode(27541): StrictMode policy violation; ~duration=304 ms: android.os.StrictMode$StrictModeDiskReadViolation: policy=287 violation=2
D/StrictMode(27541): 	at android.os.StrictMode$AndroidBlockGuardPolicy.onReadFromDisk(StrictMode.java:1135)
D/StrictMode(27541): 	at android.database.sqlite.SQLiteConnection.applyBlockGuardPolicy(SQLiteConnection.java:1041)
D/StrictMode(27541): 	at android.database.sqlite.SQLiteConnection.executeForCursorWindow(SQLiteConnection.java:842)
D/StrictMode(27541): 	at android.database.sqlite.SQLiteSession.executeForCursorWindow(SQLiteSession.java:836)
D/StrictMode(27541): 	at android.database.sqlite.SQLiteQuery.fillWindow(SQLiteQuery.java:62)
D/StrictMode(27541): 	at android.database.sqlite.SQLiteCursor.fillWindow(SQLiteCursor.java:144)
D/StrictMode(27541): 	at android.database.sqlite.SQLiteCursor.getCount(SQLiteCursor.java:133)
D/StrictMode(27541): 	at android.database.CursorToBulkCursorAdaptor.getBulkCursorDescriptor(CursorToBulkCursorAdaptor.java:148)
D/StrictMode(27541): 	at android.content.ContentProviderNative.onTransact(ContentProviderNative.java:122)
D/StrictMode(27541): 	at android.os.Binder.execTransact(Binder.java:404)
D/StrictMode(27541): 	at dalvik.system.NativeStart.run(Native Method)
D/StrictMode(27541): # via Binder call with stack:
D/StrictMode(27541): android.os.StrictMode$LogStackTrace
D/StrictMode(27541): 	at android.os.StrictMode.readAndHandleBinderCallViolations(StrictMode.java:1705)
D/StrictMode(27541): 	at android.os.Parcel.readExceptionCode(Parcel.java:1454)
D/StrictMode(27541): 	at android.database.DatabaseUtils.readExceptionFromParcel(DatabaseUtils.java:134)
D/StrictMode(27541): 	at android.content.ContentProviderProxy.query(ContentProviderNative.java:420)
D/StrictMode(27541): 	at android.content.ContentResolver.query(ContentResolver.java:461)
D/StrictMode(27541): 	at android.content.ContentResolver.query(ContentResolver.java:404)
D/StrictMode(27541): 	at com.google.android.c.c.a(PG:89)
D/StrictMode(27541): 	at com.google.android.c.c.a(PG:109)
D/StrictMode(27541): 	at com.google.android.apps.gmm.map.u.p.a(PG:301)
D/StrictMode(27541): 	at com.google.android.apps.gmm.map.u.p.a(PG:170)
D/StrictMode(27541): 	at com.google.android.apps.gmm.map.c.b.a(PG:169)
D/StrictMode(27541): 	at com.google.android.apps.gmm.base.app.a.<init>(PG:208)
D/StrictMode(27541): 	at com.google.android.apps.gmm.base.app.GoogleMapsApplication.onCreate(PG:66)
D/StrictMode(27541): 	at android.app.Instrumentation.callApplicationOnCreate(Instrumentation.java:1007)
D/StrictMode(27541): 	at android.app.ActivityThread.handleBindApplication(ActivityThread.java:4473)
D/StrictMode(27541): 	at android.app.ActivityThread.access$1500(ActivityThread.java:144)
D/StrictMode(27541): 	at android.app.ActivityThread$H.handleMessage(ActivityThread.java:1265)
D/StrictMode(27541): 	at android.os.Handler.dispatchMessage(Handler.java:102)
D/StrictMode(27541): 	at android.os.Looper.loop(Looper.java:136)
D/StrictMode(27541): 	at android.app.ActivityThread.main(ActivityThread.java:5146)
D/StrictMode(27541): 	at java.lang.reflect.Method.invokeNative(Native Method)
D/StrictMode(27541): 	at java.lang.reflect.Method.invoke(Method.java:515)
D/StrictMode(27541): 	at com.android.internal.os.ZygoteInit$MethodAndArgsCaller.run(ZygoteInit.java:732)
D/StrictMode(27541): 	at com.android.internal.os.ZygoteInit.main(ZygoteInit.java:566)
D/StrictMode(27541): 	at dalvik.system.NativeStart.main(Native Method)
D/StrictMode(27541): StrictMode policy violation; ~duration=292 ms: android.os.StrictMode$StrictModeDiskReadViolation: policy=31 violation=2
D/StrictMode(27541): 	at android.os.StrictMode$AndroidBlockGuardPolicy.onReadFromDisk(StrictMode.java:1135)
D/StrictMode(27541): 	at libcore.io.BlockGuardOs.open(BlockGuardOs.java:106)
D/StrictMode(27541): 	at libcore.io.IoBridge.open(IoBridge.java:393)
D/StrictMode(27541): 	at java.io.FileInputStream.<init>(FileInputStream.java:78)
D/StrictMode(27541): 	at android.app.ContextImpl.openFileInput(ContextImpl.java:844)
D/StrictMode(27541): 	at android.content.ContextWrapper.openFileInput(ContextWrapper.java:179)
D/StrictMode(27541): 	at com.google.android.apps.gmm.u.b.i.a(PG:149)
D/StrictMode(27541): 	at com.google.android.apps.gmm.map.u.a.b.b(PG:494)
D/StrictMode(27541): 	at com.google.android.apps.gmm.map.c.b.a(PG:169)
D/StrictMode(27541): 	at com.google.android.apps.gmm.base.app.a.<init>(PG:208)
D/StrictMode(27541): 	at com.google.android.apps.gmm.base.app.GoogleMapsApplication.onCreate(PG:66)
D/StrictMode(27541): 	at android.app.Instrumentation.callApplicationOnCreate(Instrumentation.java:1007)
D/StrictMode(27541): 	at android.app.ActivityThread.handleBindApplication(ActivityThread.java:4473)
D/StrictMode(27541): 	at android.app.ActivityThread.access$1500(ActivityThread.java:144)
D/StrictMode(27541): 	at android.app.ActivityThread$H.handleMessage(ActivityThread.java:1265)
D/StrictMode(27541): 	at android.os.Handler.dispatchMessage(Handler.java:102)
D/StrictMode(27541): 	at android.os.Looper.loop(Looper.java:136)
D/StrictMode(27541): 	at android.app.ActivityThread.main(ActivityThread.java:5146)
D/StrictMode(27541): 	at java.lang.reflect.Method.invokeNative(Native Method)
D/StrictMode(27541): 	at java.lang.reflect.Method.invoke(Method.java:515)
D/StrictMode(27541): 	at com.android.internal.os.ZygoteInit$MethodAndArgsCaller.run(ZygoteInit.java:732)
D/StrictMode(27541): 	at com.android.internal.os.ZygoteInit.main(ZygoteInit.java:566)
D/StrictMode(27541): 	at dalvik.system.NativeStart.main(Native Method)
D/StrictMode(27541): StrictMode policy violation; ~duration=291 ms: android.os.StrictMode$StrictModeDiskReadViolation: policy=31 violation=2
D/StrictMode(27541): 	at android.os.StrictMode$AndroidBlockGuardPolicy.onReadFromDisk(StrictMode.java:1135)
D/StrictMode(27541): 	at libcore.io.BlockGuardOs.read(BlockGuardOs.java:148)
D/StrictMode(27541): 	at libcore.io.IoBridge.read(IoBridge.java:425)
D/StrictMode(27541): 	at java.io.FileInputStream.read(FileInputStream.java:179)
D/StrictMode(27541): 	at java.io.BufferedInputStream.read(BufferedInputStream.java:283)
D/StrictMode(27541): 	at java.io.DataInputStream.read(DataInputStream.java:63)
D/StrictMode(27541): 	at com.google.n.j.c(PG:1148)
D/StrictMode(27541): 	at com.google.n.j.a(PG:121)
D/StrictMode(27541): 	at com.google.q.b.a.cs.<init>(PG:1222)
D/StrictMode(27541): 	at com.google.q.b.a.cs.<init>(PG:1187)
D/StrictMode(27541): 	at com.google.q.b.a.ct.a(PG:1266)
D/StrictMode(27541): 	at com.google.n.e.a(PG:168)
D/StrictMode(27541): 	at com.google.n.e.b(PG:21)
D/StrictMode(27541): 	at com.google.android.apps.gmm.u.b.i.a(PG:150)
D/StrictMode(27541): 	at com.google.android.apps.gmm.map.u.a.b.b(PG:494)
D/StrictMode(27541): 	at com.google.android.apps.gmm.map.c.b.a(PG:169)
D/StrictMode(27541): 	at com.google.android.apps.gmm.base.app.a.<init>(PG:208)
D/StrictMode(27541): 	at com.google.android.apps.gmm.base.app.GoogleMapsApplication.onCreate(PG:66)
D/StrictMode(27541): 	at android.app.Instrumentation.callApplicationOnCreate(Instrumentation.java:1007)
D/StrictMode(27541): 	at android.app.ActivityThread.handleBindApplication(ActivityThread.java:4473)
D/StrictMode(27541): 	at android.app.ActivityThread.access$1500(ActivityThread.java:144)
D/StrictMode(27541): 	at android.app.ActivityThread$H.handleMessage(ActivityThread.java:1265)
D/StrictMode(27541): 	at android.os.Handler.dispatchMessage(Handler.java:102)
D/StrictMode(27541): 	at android.os.Looper.loop(Looper.java:136)
D/StrictMode(27541): 	at android.app.ActivityThread.main(ActivityThread.java:5146)
D/StrictMode(27541): 	at java.lang.reflect.Method.invokeNative(Native Method)
D/StrictMode(27541): 	at java.lang.reflect.Method.invoke(Method.java:515)
D/StrictMode(27541): 	at com.android.internal.os.ZygoteInit$MethodAndArgsCaller.run(ZygoteInit.java:732)
D/StrictMode(27541): 	at com.android.internal.os.ZygoteInit.main(ZygoteInit.java:566)
D/StrictMode(27541): 	at dalvik.system.NativeStart.main(Native Method)
D/ActivityThread(27590): handleBindApplication:com.google.android.tts
D/ActivityThread(27590): setTargetHeapUtilization:0.75
D/ActivityThread(27590): setTargetHeapMinFree:2097152
W/SettingsHelper(27590): Couldn't read prefered locale from settings.
I/dalvikvm(27590): Could not find method android.speech.tts.SynthesisCallback.error, referenced from method com.google.android.tts.util.CompatHelper.callbackError
W/dalvikvm(27590): VFY: unable to resolve interface method 1222: Landroid/speech/tts/SynthesisCallback;.error (I)V
D/dalvikvm(27590): VFY: replacing opcode 0x72 at 0x0006
V/Herrevad( 1705): NQAS connected
W/SettingsHelper(27590): Couldn't read prefered locale from settings.
E/dalvikvm(27590): Could not find class 'android.speech.tts.Voice', referenced from method com.google.android.tts.service.GoogleTTSService.onGetVoices
W/dalvikvm(27590): VFY: unable to resolve new-instance 281 (Landroid/speech/tts/Voice;) in Lcom/google/android/tts/service/GoogleTTSService;
D/dalvikvm(27590): VFY: replacing opcode 0x22 at 0x001f
I/dalvikvm(27590): Could not find method android.speech.tts.SynthesisRequest.getVoiceName, referenced from method com.google.android.tts.service.GoogleTTSService.onSynthesizeText
W/dalvikvm(27590): VFY: unable to resolve virtual method 1233: Landroid/speech/tts/SynthesisRequest;.getVoiceName ()Ljava/lang/String;
D/dalvikvm(27590): VFY: replacing opcode 0x6e at 0x0007
D/dalvikvm(27590): DexOpt: unable to opt direct call 0x04d5 at 0x3d in Lcom/google/android/tts/service/GoogleTTSService;.onGetVoices
I/GoogleTTSService(27590): Creating Google TTS service, version 3.5.6.2080558.arm.neon
D/dalvikvm(27590): Trying to load lib /data/app-lib/com.google.android.tts-2/libspeexwrapper_ub.210305063.so 0x42b3cc80
D/dalvikvm(27590): Added shared lib /data/app-lib/com.google.android.tts-2/libspeexwrapper_ub.210305063.so 0x42b3cc80
D/dalvikvm(27590): Trying to load lib /data/app-lib/com.google.android.tts-2/libpatts_engine_jni_api_neon_ub.210305063.so 0x42b3cc80
D/dalvikvm(27590): Added shared lib /data/app-lib/com.google.android.tts-2/libpatts_engine_jni_api_neon_ub.210305063.so 0x42b3cc80
D/dalvikvm(27590): No JNI_OnLoad found in /data/app-lib/com.google.android.tts-2/libpatts_engine_jni_api_neon_ub.210305063.so 0x42b3cc80, skipping init
I/dalvikvm(27590): Could not find method android.speech.tts.SynthesisRequest.getCharSequenceText, referenced from method com.google.android.tts.service.GoogleTTSRequest.getText
