W/AudioTrack( 1012): AUDIO_OUTPUT_FLAG_FAST denied by client due to mismatching sample rate (44100 vs 48000)
D/AudioFlinger(  222): start(4097), calling pid 1012 session 1955
D/AudioFlinger(  222): ? => ACTIVE (4097) on thread 0xb8e84938
I/QCOM PowerHAL(  222): Processing audio hint. Metadata: state=1
D/AudioPolicyManagerBase(  222): startOutput() output 3, stream 1, session 1955
D/audio_hw_primary(  222): start_output_stream: enter: stream(0xb8d13cc0)usecase(1: low-latency-playback) devices(0x2)
V/msm8974_platform(  222): platform_get_output_snd_device: enter: output devices(0x2)
V/msm8974_platform(  222): platform_get_output_snd_device: exit: snd_device(speaker)
D/audio_hw_primary(  222): select_devices: out_snd_device(2: speaker) in_snd_device(0: )
W/msm8974_platform(  222): Property audio.offload.24bit.enable is set
V/msm8974_platform(  222): platform_check_and_set_codec_backend_cfg usecase = 1
W/msm8974_platform(  222): Codec backend bitwidth 16, samplerate 48000
V/msm8974_platform(  222): Playback running bw 16 sr 48000 standby 0
D/hardware_info(  222): hw_info_append_hw_type : device_name = speaker
I/listen_hal_loader(  222): audio_extn_listen_update_device_status(): device 0x2 of type 0 for Event 1, with Raise=0
D/ACDB-LOADER(  222): ACDB -> send_audio_cal, acdb_id = 15, path =  0
D/ACDB-LOADER(  222): ACDB -> send_adm_topology
D/ACDB-LOADER(  222): ACDB -> ACDB_CMD_GET_AUDPROC_COMMON_TOPOLOGY_ID
D/ACDB-LOADER(  222): ACDB -> send_asm_topology
D/ACDB-LOADER(  222): ACDB -> ACDB_CMD_GET_AUDPROC_STREAM_TOPOLOGY_ID
D/ACDB-LOADER(  222): ACDB -> send_audtable
D/ACDB-LOADER(  222): ACDB -> ACDB_CMD_GET_AUDPROC_COMMON_TABLE
D/ACDB-LOADER(  222): ACDB -> AUDIO_SET_AUDPROC_CAL
D/ACDB-LOADER(  222): ACDB -> send_audvoltable
D/ACDB-LOADER(  222): ACDB -> ACDB_CMD_GET_AUDPROC_GAIN_DEP_STEP_TABLE
D/        (  222): Failed to fetch the lookup information of the device 0000000F 
E/ACDB-LOADER(  222): Error: ACDB AudProc vol returned = -19
D/ACDB-LOADER(  222): ACDB -> AUDIO_SET_AUDPROC_VOL_CAL
D/ACDB-LOADER(  222): ACDB -> send_afe_cal
D/ACDB-LOADER(  222): ACDB -> ACDB_CMD_GET_AFE_COMMON_TABLE
D/        (  222): Failed to fetch the lookup information of the device 0000000F 
E/ACDB-LOADER(  222): Error: ACDB AFE returned = -19
D/ACDB-LOADER(  222): ACDB -> AUDIO_SET_AFE_CAL
I/listen_hal_loader(  222): audio_extn_listen_update_stream_status(): uc_id 1 of type 0 for Event 3, with Raise=0
D/audio_hw_primary(  222): select_devices: done
D/PhoneStatusBar( 1027): disable: < expand* icons alerts ticker* system_info BACK HOME recent* CLOCK search >
D/PhoneStatusBar( 1027): disable: < expand icons alerts ticker system_info back* home* recent clock* search >
D/NfcService( 1189): NFC-C ON
E/NxpTml  ( 1189): _i2c_write() errno : 5
E/NxpTml  ( 1189): PN547 - Error in I2C Write.....
E/NxpHal  ( 1189): write error status = 0x1ff
E/NxpHal  ( 1189): write_unlocked failed - PN547 Maybe in Standby Mode - Retry
W/ResourceType( 7667): No package identifier when getting value for resource number 0x00000000
W/ResourceType( 7667): No package identifier when getting value for resource number 0x00000000
W/AuthenticatorHelper( 7667): No label icon for account type com.splitwise.datasync
I/Timeline( 7667): Timeline: Activity_idle id: android.os.BinderProxy@4276f148 time:184142752
I/QCOM PowerHAL(  222): Processing audio hint. Metadata: state=0
D/audio_hw_primary(  222): out_standby: enter: stream (0xb8d13cc0) usecase(1: low-latency-playback)
I/listen_hal_loader(  222): audio_extn_listen_update_stream_status(): uc_id 1 of type 0 for Event 2, with Raise=0
D/hardware_info(  222): hw_info_append_hw_type : device_name = speaker
I/listen_hal_loader(  222): audio_extn_listen_update_device_status(): device 0x2 of type 0 for Event 0, with Raise=0
W/ctxmgr  ( 1151): [PowerConnectionState]Got same value as before for power connection (Plug state: 2 BatteryLevel: 0.47)
W/ctxmgr  ( 1151): [PowerConnectionState]Got same value as before for power connection (Plug state: 2 BatteryLevel: 0.47)
W/ctxmgr  ( 1151): [PowerConnectionState]Got same value as before for power connection (Plug state: 2 BatteryLevel: 0.47)
I/ActivityManager(  791): START u0 {act=android.intent.action.MAIN cat=[android.intent.category.HOME] flg=0x10200000 cmp=com.cyanogenmod.trebuchet/org.cyanogenmod.trebuchet.CustomHomeLauncher} from pid 791
I/Timeline( 1229): Timeline: Activity_idle id: android.os.BinderProxy@41bbcff0 time:184162166
W/InputMethodManagerService(  791): Starting input on non-focused client com.android.internal.view.IInputMethodClient$Stub$Proxy@42d6aba8 (uid=1000 pid=7667)
I/Timeline(  791): Timeline: Activity_windows_visible id: ActivityRecord{42274620 u0 com.cyanogenmod.trebuchet/org.cyanogenmod.trebuchet.CustomHomeLauncher t1} time:184162570
I/ActivityManager(  791): START u0 {act=com.android.systemui.recent.action.TOGGLE_RECENTS flg=0x10800000 cmp=com.android.systemui/.recent.RecentsActivity} from pid 1027
W/InputMethodManagerService(  791): Starting input on non-focused client com.android.internal.view.IInputMethodClient$Stub$Proxy@421d5598 (uid=10025 pid=1229)
I/Timeline( 1027): Timeline: Activity_idle id: android.os.BinderProxy@43bfb3e0 time:184162734
I/Timeline(  791): Timeline: Activity_windows_visible id: ActivityRecord{42e94f30 u0 com.android.systemui/.recent.RecentsActivity t340} time:184162990
I/ActivityManager(  791): Killing 26848:org.cyanogenmod.voiceplus/u0a83 (adj 15): empty #17
I/ActivityManager(  791): Killing 1475:com.example.saurabh.notify/u0a139 (adj 9): remove task
W/ctxmgr  ( 1151): [PowerConnectionState]Got same value as before for power connection (Plug state: 2 BatteryLevel: 0.47)
I/ActivityManager(  791): Killing 7667:com.android.settings/1000 (adj 7): remove task
I/WindowState(  791): WIN DEATH: Window{41eb5e68 u0 com.android.settings/com.android.settings.Settings$WifiSettingsActivity}
I/WindowState(  791): WIN DEATH: Window{43165cc8 u0 com.android.settings/com.android.settings.Settings}
I/WindowState(  791): WIN DEATH: Window{44137df8 u0 com.android.settings/com.android.settings.SubSettings}
I/WindowState(  791): WIN DEATH: Window{43a82158 u0 com.android.settings/com.android.settings.SubSettings}
I/Timeline( 1229): Timeline: Activity_idle id: android.os.BinderProxy@41bbcff0 time:184164401
I/Timeline(  791): Timeline: Activity_windows_visible id: ActivityRecord{42274620 u0 com.cyanogenmod.trebuchet/org.cyanogenmod.trebuchet.CustomHomeLauncher t1} time:184164688
W/ctxmgr  ( 1151): [PowerConnectionState]Got same value as before for power connection (Plug state: 2 BatteryLevel: 0.47)
W/ctxmgr  ( 1151): [PowerConnectionState]Got same value as before for power connection (Plug state: 2 BatteryLevel: 0.47)
W/ctxmgr  ( 1151): [PowerConnectionState]Got same value as before for power connection (Plug state: 2 BatteryLevel: 0.47)
W/ctxmgr  ( 1151): [PowerConnectionState]Got same value as before for power connection (Plug state: 2 BatteryLevel: 0.47)
I/PowerManagerService(  791): Nap time...
I/PowerManagerService(  791): Going to sleep due to screen timeout...
W/ctxmgr  ( 1151): [PowerConnectionState]Got same value as before for power connection (Plug state: 2 BatteryLevel: 0.47)
D/SurfaceFlinger(  219): Screen released, type=0 flinger=0xb735c4e0
D/qdhwcomposer(  219): hwc_blank: Blanking display: 0
I/qdhwcomposer(  219): handle_blank_event: dpy:0 panel power state: 0
D/qdhwcomposer(  219): hwc_blank: Done blanking display: 0
D/SurfaceControl(  791): Excessive delay in blankDisplay() while turning screen off: 309ms
I/QCOM PowerHAL(  791): Got set_interactive hint
D/NfcService( 1189): NFC-C OFF
E/NxpTml  ( 1189): _i2c_write() errno : 5
E/NxpTml  ( 1189): PN547 - Error in I2C Write.....
E/NxpHal  ( 1189): write error status = 0x1ff
E/NxpHal  ( 1189): write_unlocked failed - PN547 Maybe in Standby Mode - Retry
D/audio_hw_primary(  222): adev_set_parameters: enter: screen_state=off
V/msm8974_platform(  222): platform_set_parameters: enter: screen_state=off
V/msm8974_platform(  222): platform_set_parameters: exit with code(0)
D/audio_hw_extn(  222): audio_extn_set_anc_parameters: anc_enabled:0
V/listen_hw(  222): listen_hw_set_parameters: Enter
V/listen_hw(  222): handle_set_parameters: Enter kvpairs=screen_state=off
V/listen_hw(  222): handle_set_parameters: Exit
V/listen_hw(  222): listen_hw_set_parameters: Exit, ret=0
E/audio_a2dp_hw(  222): adev_set_parameters: ERROR: set param called even when stream out is null
D/AudioPolicyManager(  222):  getOutput() device 2, stream 1, samplingRate 0, format 0, channelMask 3, flags 0 
D/AudioPolicyManager(  222): getOutput() returns output 2
D/AudioPolicyManager(  222):  getOutput() device 2, stream 1, samplingRate 0, format 0, channelMask 3, flags 0 
D/AudioPolicyManager(  222): getOutput() returns output 2
D/AudioPolicyManager(  222):  getOutput() device 2, stream 1, samplingRate 44100, format 1, channelMask 3, flags 4 
D/AudioPolicyManager(  222): getOutput() returns output 3
W/AudioTrack( 1012): AUDIO_OUTPUT_FLAG_FAST denied by client due to mismatching sample rate (44100 vs 48000)
D/AudioFlinger(  222): start(4098), calling pid 1012 session 1956
D/AudioFlinger(  222): ? => ACTIVE (4098) on thread 0xb8ec39e8
I/QCOM PowerHAL(  222): Processing audio hint. Metadata: state=1
D/AudioPolicyManagerBase(  222): startOutput() output 3, stream 1, session 1956
D/audio_hw_primary(  222): start_output_stream: enter: stream(0xb8d13cc0)usecase(1: low-latency-playback) devices(0x2)
V/msm8974_platform(  222): platform_get_output_snd_device: enter: output devices(0x2)
V/msm8974_platform(  222): platform_get_output_snd_device: exit: snd_device(speaker)
D/audio_hw_primary(  222): select_devices: out_snd_device(2: speaker) in_snd_device(0: )
W/msm8974_platform(  222): Property audio.offload.24bit.enable is set
V/msm8974_platform(  222): platform_check_and_set_codec_backend_cfg usecase = 1
W/msm8974_platform(  222): Codec backend bitwidth 16, samplerate 48000
V/msm8974_platform(  222): Playback running bw 16 sr 48000 standby 0
D/hardware_info(  222): hw_info_append_hw_type : device_name = speaker
I/listen_hal_loader(  222): audio_extn_listen_update_device_status(): device 0x2 of type 0 for Event 1, with Raise=0
D/ACDB-LOADER(  222): ACDB -> send_audio_cal, acdb_id = 15, path =  0
D/ACDB-LOADER(  222): ACDB -> send_adm_topology
D/ACDB-LOADER(  222): ACDB -> ACDB_CMD_GET_AUDPROC_COMMON_TOPOLOGY_ID
D/ACDB-LOADER(  222): ACDB -> send_asm_topology
D/ACDB-LOADER(  222): ACDB -> ACDB_CMD_GET_AUDPROC_STREAM_TOPOLOGY_ID
D/ACDB-LOADER(  222): ACDB -> send_audtable
D/ACDB-LOADER(  222): ACDB -> ACDB_CMD_GET_AUDPROC_COMMON_TABLE
D/ACDB-LOADER(  222): ACDB -> AUDIO_SET_AUDPROC_CAL
D/ACDB-LOADER(  222): ACDB -> send_audvoltable
D/ACDB-LOADER(  222): ACDB -> ACDB_CMD_GET_AUDPROC_GAIN_DEP_STEP_TABLE
D/        (  222): Failed to fetch the lookup information of the device 0000000F 
E/ACDB-LOADER(  222): Error: ACDB AudProc vol returned = -19
D/ACDB-LOADER(  222): ACDB -> AUDIO_SET_AUDPROC_VOL_CAL
D/ACDB-LOADER(  222): ACDB -> send_afe_cal
D/ACDB-LOADER(  222): ACDB -> ACDB_CMD_GET_AFE_COMMON_TABLE
D/        (  222): Failed to fetch the lookup information of the device 0000000F 
E/ACDB-LOADER(  222): Error: ACDB AFE returned = -19
D/ACDB-LOADER(  222): ACDB -> AUDIO_SET_AFE_CAL
I/listen_hal_loader(  222): audio_extn_listen_update_stream_status(): uc_id 1 of type 0 for Event 3, with Raise=0
D/audio_hw_primary(  222): select_devices: done
W/ctxmgr  ( 1151): [PowerConnectionState]Got same value as before for power connection (Plug state: 2 BatteryLevel: 0.47)
D/PhoneStatusBar( 1027): disable: < EXPAND* icons alerts TICKER* system_info back home RECENT* CLOCK* search >
D/PhoneStatusBar( 1027): disable: < EXPAND icons alerts TICKER system_info BACK* HOME* RECENT CLOCK search >
W/View    ( 1012): requestLayout() improperly called by android.widget.TextClock{43866eb8 V.ED.... ......ID 0,0-139,313 #7f0b0013 app:id/clock1_regular} during layout: running second layout pass
W/View    ( 1012): requestLayout() improperly called by android.widget.TextClock{438ee6d0 V.ED.... ......ID 139,0-473,313 #7f0b0014 app:id/clock2_regular} during layout: running second layout pass
W/View    ( 1012): requestLayout() improperly called by android.widget.TextClock{42e52218 V.ED.... ......ID 251,0-630,66 #7f0b0018 app:id/date_bold} during layout: running second layout pass
W/View    ( 1012): requestLayout() improperly called by android.widget.TextView{42450e00 V.ED.... ......ID 222,12-321,74 #7f0b0021 app:id/weather_city} during layout: running second layout pass
W/View    ( 1012): requestLayout() improperly called by android.widget.TextView{439e5d00 V.ED.... ......ID 84,74-321,126 #7f0b0027 app:id/weather_condition} during layout: running second layout pass
W/View    ( 1012): requestLayout() improperly called by android.widget.TextView{425dce58 V.ED.... ......ID 182,126-321,160 #7f0b0022 app:id/update_time} during layout: running second layout pass
W/View    ( 1012): requestLayout() improperly called by android.widget.TextView{435d6260 V.ED.... ......ID 6,0-144,84 #7f0b0024 app:id/weather_temp} during layout: running second layout pass
W/View    ( 1012): requestLayout() improperly called by android.widget.TextView{4261d5a0 V.ED.... ......ID 0,87-150,145 #7f0b0026 app:id/weather_low_high} during layout: running second layout pass
I/QCOM PowerHAL(  222): Processing audio hint. Metadata: state=0
D/audio_hw_primary(  222): out_standby: enter: stream (0xb8d13cc0) usecase(1: low-latency-playback)
I/listen_hal_loader(  222): audio_extn_listen_update_stream_status(): uc_id 1 of type 0 for Event 2, with Raise=0
D/hardware_info(  222): hw_info_append_hw_type : device_name = speaker
I/listen_hal_loader(  222): audio_extn_listen_update_device_status(): device 0x2 of type 0 for Event 0, with Raise=0
W/ctxmgr  ( 1151): [PowerConnectionState]Got same value as before for power connection (Plug state: 2 BatteryLevel: 0.47)
W/ctxmgr  ( 1151): [PowerConnectionState]Got same value as before for power connection (Plug state: 2 BatteryLevel: 0.47)
I/PowerManagerService(  791): Waking up from sleep...
I/QCOM PowerHAL(  791): Got set_interactive hint
D/SurfaceFlinger(  219): Screen acquired, type=0 flinger=0xb735c4e0
D/qdhwcomposer(  219): hwc_blank: Unblanking display: 0
I/WindowManager(  791): Lock screen displayed!
D/DisplayPowerController(  791): Unblocked screen on after 184212472 ms
I/qdhwcomposer(  219): handle_blank_event: dpy:0 panel power state: 1
D/qdhwcomposer(  219): hwc_blank: Done unblanking display: 0
D/SurfaceControl(  791): Excessive delay in unblankDisplay() while turning screen on: 280ms
D/audio_hw_primary(  222): adev_set_parameters: enter: screen_state=on
V/msm8974_platform(  222): platform_set_parameters: enter: screen_state=on
V/msm8974_platform(  222): platform_set_parameters: exit with code(0)
D/audio_hw_extn(  222): audio_extn_set_anc_parameters: anc_enabled:0
V/listen_hw(  222): listen_hw_set_parameters: Enter
V/listen_hw(  222): handle_set_parameters: Enter kvpairs=screen_state=on
V/listen_hw(  222): handle_set_parameters: Exit
V/listen_hw(  222): listen_hw_set_parameters: Exit, ret=0
E/audio_a2dp_hw(  222): adev_set_parameters: ERROR: set param called even when stream out is null
D/AudioPolicyManager(  222):  getOutput() device 2, stream 1, samplingRate 0, format 0, channelMask 3, flags 0 
D/AudioPolicyManager(  222): getOutput() returns output 2
D/AudioPolicyManager(  222):  getOutput() device 2, stream 1, samplingRate 0, format 0, channelMask 3, flags 0 
D/AudioPolicyManager(  222): getOutput() returns output 2
D/AudioPolicyManager(  222):  getOutput() device 2, stream 1, samplingRate 44100, format 1, channelMask 3, flags 4 
D/AudioPolicyManager(  222): getOutput() returns output 3
W/AudioTrack( 1012): AUDIO_OUTPUT_FLAG_FAST denied by client due to mismatching sample rate (44100 vs 48000)
D/AudioFlinger(  222): start(4097), calling pid 1012 session 1957
D/AudioFlinger(  222): ? => ACTIVE (4097) on thread 0xb8e84938
I/QCOM PowerHAL(  222): Processing audio hint. Metadata: state=1
D/AudioPolicyManagerBase(  222): startOutput() output 3, stream 1, session 1957
D/audio_hw_primary(  222): start_output_stream: enter: stream(0xb8d13cc0)usecase(1: low-latency-playback) devices(0x2)
V/msm8974_platform(  222): platform_get_output_snd_device: enter: output devices(0x2)
V/msm8974_platform(  222): platform_get_output_snd_device: exit: snd_device(speaker)
D/audio_hw_primary(  222): select_devices: out_snd_device(2: speaker) in_snd_device(0: )
W/msm8974_platform(  222): Property audio.offload.24bit.enable is set
V/msm8974_platform(  222): platform_check_and_set_codec_backend_cfg usecase = 1
W/msm8974_platform(  222): Codec backend bitwidth 16, samplerate 48000
V/msm8974_platform(  222): Playback running bw 16 sr 48000 standby 0
D/hardware_info(  222): hw_info_append_hw_type : device_name = speaker
I/listen_hal_loader(  222): audio_extn_listen_update_device_status(): device 0x2 of type 0 for Event 1, with Raise=0
D/ACDB-LOADER(  222): ACDB -> send_audio_cal, acdb_id = 15, path =  0
D/ACDB-LOADER(  222): ACDB -> send_adm_topology
D/ACDB-LOADER(  222): ACDB -> ACDB_CMD_GET_AUDPROC_COMMON_TOPOLOGY_ID
D/ACDB-LOADER(  222): ACDB -> send_asm_topology
D/ACDB-LOADER(  222): ACDB -> ACDB_CMD_GET_AUDPROC_STREAM_TOPOLOGY_ID
D/ACDB-LOADER(  222): ACDB -> send_audtable
D/ACDB-LOADER(  222): ACDB -> ACDB_CMD_GET_AUDPROC_COMMON_TABLE
D/ACDB-LOADER(  222): ACDB -> AUDIO_SET_AUDPROC_CAL
D/ACDB-LOADER(  222): ACDB -> send_audvoltable
D/ACDB-LOADER(  222): ACDB -> ACDB_CMD_GET_AUDPROC_GAIN_DEP_STEP_TABLE
D/        (  222): Failed to fetch the lookup information of the device 0000000F 
E/ACDB-LOADER(  222): Error: ACDB AudProc vol returned = -19
D/ACDB-LOADER(  222): ACDB -> AUDIO_SET_AUDPROC_VOL_CAL
D/ACDB-LOADER(  222): ACDB -> send_afe_cal
D/ACDB-LOADER(  222): ACDB -> ACDB_CMD_GET_AFE_COMMON_TABLE
D/        (  222): Failed to fetch the lookup information of the device 0000000F 
E/ACDB-LOADER(  222): Error: ACDB AFE returned = -19
D/ACDB-LOADER(  222): ACDB -> AUDIO_SET_AFE_CAL
I/listen_hal_loader(  222): audio_extn_listen_update_stream_status(): uc_id 1 of type 0 for Event 3, with Raise=0
D/audio_hw_primary(  222): select_devices: done
D/PhoneStatusBar( 1027): disable: < expand* icons alerts ticker* system_info BACK HOME recent* CLOCK search >
I/Timeline( 1229): Timeline: Activity_idle id: android.os.BinderProxy@41bbcff0 time:184213863
D/PhoneStatusBar( 1027): disable: < expand icons alerts ticker system_info back* home* recent clock* search >
D/NfcService( 1189): NFC-C ON
E/NxpTml  ( 1189): _i2c_write() errno : 5
E/NxpTml  ( 1189): PN547 - Error in I2C Write.....
E/NxpHal  ( 1189): write error status = 0x1ff
E/NxpHal  ( 1189): write_unlocked failed - PN547 Maybe in Standby Mode - Retry
W/InputMethodManagerService(  791): Window already focused, ignoring focus gain of: com.android.internal.view.IInputMethodClient$Stub$Proxy@4347a640 attribute=android.view.inputmethod.EditorInfo@43a8b3c0, token = android.os.BinderProxy@426250c8
I/QCOM PowerHAL(  222): Processing audio hint. Metadata: state=0
D/AudioPolicyManager(  222):  getOutput() device 2, stream 1, samplingRate 0, format 0, channelMask 3, flags 0 
D/AudioPolicyManager(  222): getOutput() returns output 2
D/AudioPolicyManager(  222):  getOutput() device 2, stream 1, samplingRate 0, format 0, channelMask 3, flags 0 
D/AudioPolicyManager(  222): getOutput() returns output 2
D/AudioPolicyManager(  222):  getOutput() device 2, stream 1, samplingRate 48000, format 1, channelMask 3, flags 4 
D/AudioPolicyManager(  222): getOutput() returns output 3
D/AudioFlinger(  222): start(4098), calling pid 791 session 1958
D/AudioFlinger(  222): ? => ACTIVE (4098) on thread 0xb8ec39e8
I/QCOM PowerHAL(  222): Processing audio hint. Metadata: state=1
D/AudioPolicyManagerBase(  222): startOutput() output 3, stream 1, session 1958
I/QCOM PowerHAL(  222): Processing audio hint. Metadata: state=0
D/Launcher.Workspace( 1229): 11683562 - addExtraEmptyScreenOnDrag()
D/Launcher.Workspace( 1229): 11683562 - insertNewWorkspaceScreen(): -201 at index: 2
D/audio_hw_primary(  222): out_standby: enter: stream (0xb8d13cc0) usecase(1: low-latency-playback)
W/ctxmgr  ( 1151): [PowerConnectionState]Got same value as before for power connection (Plug state: 2 BatteryLevel: 0.47)
I/listen_hal_loader(  222): audio_extn_listen_update_stream_status(): uc_id 1 of type 0 for Event 2, with Raise=0
D/hardware_info(  222): hw_info_append_hw_type : device_name = speaker
I/listen_hal_loader(  222): audio_extn_listen_update_device_status(): device 0x2 of type 0 for Event 0, with Raise=0
I/ActivityManager(  791): START u0 {act=android.intent.action.DELETE dat=package:com.example.saurabh.notify flg=0x10800000 cmp=com.android.packageinstaller/.UninstallerActivity} from pid 1229
V/Zygote  ( 2424): Switching descriptor 34 to /dev/null
V/Zygote  ( 2424): Switching descriptor 9 to /dev/null
I/ActivityManager(  791): Start proc com.android.packageinstaller for activity com.android.packageinstaller/.UninstallerActivity: pid=2424 uid=10067 gids={50067, 1028}
D/ActivityThread( 2424): handleBindApplication:com.android.packageinstaller
D/ActivityThread( 2424): setTargetHeapUtilization:0.75
D/ActivityThread( 2424): setTargetHeapMinFree:2097152
I/Adreno-EGL( 2424): <qeglDrvAPI_eglInitialize:410>: EGL 1.4 QUALCOMM build: AU_LINUX_ANDROID_LNX.LA.3.5.2.2_RB1.04.04.04.087.028_msm8974_LNX.LA.3.5.2.2_RB1__release_AU ()
I/Adreno-EGL( 2424): OpenGL ES Shader Compiler Version: E031.24.00.15
I/Adreno-EGL( 2424): Build Date: 07/31/14 Thu
I/Adreno-EGL( 2424): Local Branch: 
I/Adreno-EGL( 2424): Remote Branch: quic/LNX.LA.3.5.2.2_rb1
I/Adreno-EGL( 2424): Local Patches: NONE
I/Adreno-EGL( 2424): Reconstruct Branch: AU_LINUX_ANDROID_LNX.LA.3.5.2.2_RB1.04.04.04.087.028 +  NOTHING
D/OpenGLRenderer( 2424): Enabling debug mode 0
V/RenderScript( 2424): Application requested CPU execution
V/RenderScript( 2424): 0x76165650 Launching thread(s), CPUs 4
I/Timeline( 2424): Timeline: Activity_idle id: android.os.BinderProxy@42b341a8 time:184219495
I/ActivityManager(  791): Displayed com.android.packageinstaller/.UninstallerActivity: +383ms
I/Timeline(  791): Timeline: Activity_windows_visible id: ActivityRecord{440ba890 u0 com.android.packageinstaller/.UninstallerActivity t350} time:184219744
D/AudioPolicyManager(  222):  getOutput() device 2, stream 1, samplingRate 0, format 0, channelMask 3, flags 0 
D/AudioPolicyManager(  222): getOutput() returns output 2
D/AudioPolicyManager(  222):  getOutput() device 2, stream 1, samplingRate 0, format 0, channelMask 3, flags 0 
D/AudioPolicyManager(  222): getOutput() returns output 2
I/Timeline( 2424): Timeline: Activity_launch_request id:com.android.packageinstaller time:184220558
D/AudioPolicyManager(  222):  getOutput() device 2, stream 1, samplingRate 48000, format 1, channelMask 3, flags 4 
D/AudioPolicyManager(  222): getOutput() returns output 3
D/AudioFlinger(  222): start(4101), calling pid 791 session 1959
D/AudioFlinger(  222): ? => ACTIVE (4101) on thread 0xb8d91430
I/QCOM PowerHAL(  222): Processing audio hint. Metadata: state=1
D/AudioPolicyManagerBase(  222): startOutput() output 3, stream 1, session 1959
I/ActivityManager(  791): START u0 {act=android.intent.action.VIEW cmp=com.android.packageinstaller/.UninstallAppProgress (has extras)} from pid 2424
D/audio_hw_primary(  222): start_output_stream: enter: stream(0xb8d13cc0)usecase(1: low-latency-playback) devices(0x2)
V/msm8974_platform(  222): platform_get_output_snd_device: enter: output devices(0x2)
V/msm8974_platform(  222): platform_get_output_snd_device: exit: snd_device(speaker)
D/audio_hw_primary(  222): select_devices: out_snd_device(2: speaker) in_snd_device(0: )
W/msm8974_platform(  222): Property audio.offload.24bit.enable is set
V/msm8974_platform(  222): platform_check_and_set_codec_backend_cfg usecase = 1
W/msm8974_platform(  222): Codec backend bitwidth 16, samplerate 48000
V/msm8974_platform(  222): Playback running bw 16 sr 48000 standby 0
D/hardware_info(  222): hw_info_append_hw_type : device_name = speaker
I/listen_hal_loader(  222): audio_extn_listen_update_device_status(): device 0x2 of type 0 for Event 1, with Raise=0
D/ACDB-LOADER(  222): ACDB -> send_audio_cal, acdb_id = 15, path =  0
D/ACDB-LOADER(  222): ACDB -> send_adm_topology
D/ACDB-LOADER(  222): ACDB -> ACDB_CMD_GET_AUDPROC_COMMON_TOPOLOGY_ID
D/ACDB-LOADER(  222): ACDB -> send_asm_topology
D/ACDB-LOADER(  222): ACDB -> ACDB_CMD_GET_AUDPROC_STREAM_TOPOLOGY_ID
D/ACDB-LOADER(  222): ACDB -> send_audtable
D/ACDB-LOADER(  222): ACDB -> ACDB_CMD_GET_AUDPROC_COMMON_TABLE
D/ACDB-LOADER(  222): ACDB -> AUDIO_SET_AUDPROC_CAL
D/ACDB-LOADER(  222): ACDB -> send_audvoltable
D/ACDB-LOADER(  222): ACDB -> ACDB_CMD_GET_AUDPROC_GAIN_DEP_STEP_TABLE
D/        (  222): Failed to fetch the lookup information of the device 0000000F 
E/ACDB-LOADER(  222): Error: ACDB AudProc vol returned = -19
D/ACDB-LOADER(  222): ACDB -> AUDIO_SET_AUDPROC_VOL_CAL
D/ACDB-LOADER(  222): ACDB -> send_afe_cal
D/ACDB-LOADER(  222): ACDB -> ACDB_CMD_GET_AFE_COMMON_TABLE
D/        (  222): Failed to fetch the lookup information of the device 0000000F 
E/ACDB-LOADER(  222): Error: ACDB AFE returned = -19
D/ACDB-LOADER(  222): ACDB -> AUDIO_SET_AFE_CAL
I/listen_hal_loader(  222): audio_extn_listen_update_stream_status(): uc_id 1 of type 0 for Event 3, with Raise=0
D/audio_hw_primary(  222): select_devices: done
I/ActivityManager(  791): Force stopping com.example.saurabh.notify appid=10139 user=-1: uninstall pkg
W/PackageManager(  791): Couldn't delete native library directory /data/app-lib/com.example.saurabh.notify
I/ActivityManager(  791): Displayed com.android.packageinstaller/.UninstallAppProgress: +187ms
I/QCOM PowerHAL(  222): Processing audio hint. Metadata: state=0
I/Timeline( 2424): Timeline: Activity_idle id: android.os.BinderProxy@41e98388 time:184220937
I/ActivityManager(  791): Force stopping com.example.saurabh.notify appid=10139 user=0: pkg removed
D/BackupManagerService(  791): Received broadcast Intent { act=android.intent.action.PACKAGE_REMOVED dat=package:com.example.saurabh.notify flg=0x4000010 (has extras) }
V/BackupManagerService(  791): removePackageParticipantsLocked: uid=10139 #1
I/LatinIME:LogUtils( 1138): Dictionary info: dictionary = ? ; version = 26 ; date = 1351062238
I/PackageManager(  791):   Action: "android.intent.action.SENDTO"
I/PackageManager(  791):   Category: "android.intent.category.DEFAULT"
I/PackageManager(  791):   Scheme: "sms"
W/GeofencerStateMachine( 1151): Ignoring removeGeofence because network location is disabled.
I/PackageManager(  791): Adding preferred activity ComponentInfo{com.android.mms/com.android.mms.ui.ComposeMessageActivity} for user 0 :
I/PackageManager(  791):   Action: "android.intent.action.SENDTO"
I/PackageManager(  791):   Category: "android.intent.category.DEFAULT"
I/PackageManager(  791):   Scheme: "smsto"
I/PackageManager(  791): Adding preferred activity ComponentInfo{com.android.mms/com.android.mms.ui.ComposeMessageActivity} for user 0 :
I/Timeline(  791): Timeline: Activity_windows_visible id: ActivityRecord{433afb20 u0 com.android.packageinstaller/.UninstallAppProgress t350} time:184221172
I/PackageManager(  791):   Action: "android.intent.action.SENDTO"
I/PackageManager(  791):   Category: "android.intent.category.DEFAULT"
I/PackageManager(  791):   Scheme: "mms"
I/PackageManager(  791): Adding preferred activity ComponentInfo{com.android.mms/com.android.mms.ui.ComposeMessageActivity} for user 0 :
I/PackageManager(  791):   Action: "android.intent.action.SENDTO"
I/PackageManager(  791):   Category: "android.intent.category.DEFAULT"
I/PackageManager(  791):   Scheme: "mmsto"
I/PackageManager(  791): Adding preferred activity ComponentInfo{com.android.mms/com.android.mms.ui.ComposeMessageActivity} for user 0 :
I/PackageManager(  791):   Action: "android.intent.action.SENDTO"
I/PackageManager(  791):   Category: "android.intent.category.DEFAULT"
I/PackageManager(  791):   Scheme: "sms"
I/InputReader(  791): Reconfiguring input devices.  changes=0x00000010
I/PackageManager(  791): Adding preferred activity ComponentInfo{com.android.mms/com.android.mms.ui.ComposeMessageActivity} for user 0 :
V/NotificationService(  791): disabling notification listener for user 0: ComponentInfo{org.cyanogenmod.theme.chooser/org.cyanogenmod.theme.chooser.NotificationHijackingService}
V/NotificationService(  791): disabling notification listener for user 0: ComponentInfo{com.pushbullet.android/com.pushbullet.android.notifications.mirroring.NotificationMirroringService}
I/PackageManager(  791):   Action: "android.intent.action.SENDTO"
I/PackageManager(  791):   Category: "android.intent.category.DEFAULT"
I/PackageManager(  791):   Scheme: "smsto"
V/NotificationService(  791): enabling notification listener for user 0: ComponentInfo{org.cyanogenmod.theme.chooser/org.cyanogenmod.theme.chooser.NotificationHijackingService}
I/PackageManager(  791): Adding preferred activity ComponentInfo{com.android.mms/com.android.mms.ui.ComposeMessageActivity} for user 0 :
I/PackageManager(  791):   Action: "android.intent.action.SENDTO"
I/PackageManager(  791):   Category: "android.intent.category.DEFAULT"
I/PackageManager(  791): Adding preferred activity ComponentInfo{com.android.mms/com.android.mms.ui.ComposeMessageActivity} for user 0 :
I/PackageManager(  791):   Scheme: "mms"
V/NotificationService(  791): enabling notification listener for user 0: ComponentInfo{com.pushbullet.android/com.pushbullet.android.notifications.mirroring.NotificationMirroringService}
D/MobileDataStateTracker(  791): default: setPolicyDataEnable(enabled=true)
I/PackageManager(  791):   Action: "android.intent.action.SENDTO"
I/PackageManager(  791):   Category: "android.intent.category.DEFAULT"
I/PackageManager(  791):   Scheme: "mmsto"
I/PackageManager(  791): Adding preferred activity ComponentInfo{com.android.mms/com.android.mms.ui.ComposeMessageActivity} for user 0 :
I/Launcher( 1229): Deferring update until onResume
V/Zygote  ( 2453): Switching descriptor 34 to /dev/null
V/Zygote  ( 2453): Switching descriptor 9 to /dev/null
I/ActivityManager(  791): Start proc com.android.defcontainer for service com.android.defcontainer/.DefaultContainerService: pid=2453 uid=10008 gids={50008, 1028, 1015, 1023, 2001, 1035}
D/Launcher.Workspace( 1229): 11683562 - stripEmptyScreens()
D/Launcher.Workspace( 1229): 11683562 - stripEmptyScreens()
D/ActivityThread( 2453): handleBindApplication:com.android.defcontainer
D/ActivityThread( 2453): setTargetHeapUtilization:0.75
D/ActivityThread( 2453): setTargetHeapMinFree:2097152
V/Zygote  ( 2467): Switching descriptor 34 to /dev/null
V/Zygote  ( 2467): Switching descriptor 9 to /dev/null
I/ActivityManager(  791): Start proc com.cyngn.cmstats for broadcast com.cyngn.cmstats/.PackageEventReceiver: pid=2467 uid=10004 gids={50004, 3003}
V/NotificationService(  791): enabling notification listener for user 0: ComponentInfo{org.cyanogenmod.theme.chooser/org.cyanogenmod.theme.chooser.NotificationHijackingService}
V/NotificationService(  791): enabling notification listener for user 0: ComponentInfo{com.pushbullet.android/com.pushbullet.android.notifications.mirroring.NotificationMirroringService}
D/ActivityThread( 2467): handleBindApplication:com.cyngn.cmstats
D/ActivityThread( 2467): setTargetHeapUtilization:0.75
D/ActivityThread( 2467): setTargetHeapMinFree:2097152
I/Timeline( 1229): Timeline: Activity_idle id: android.os.BinderProxy@41bbcff0 time:184221921
V/Zygote  ( 2481): Switching descriptor 34 to /dev/null
V/Zygote  ( 2481): Switching descriptor 9 to /dev/null
I/ActivityManager(  791): Start proc android.process.acore for broadcast com.android.providers.contacts/.PackageIntentReceiver: pid=2481 uid=10007 gids={50007, 3003, 1028, 1015}
I/ActivityManager(  791): Killing 27180:com.google.android.talk/u0a53 (adj 15): empty #17
D/ActivityThread( 2481): handleBindApplication:android.process.acore
D/ActivityThread( 2481): setTargetHeapUtilization:0.75
D/ActivityThread( 2481): setTargetHeapMinFree:2097152
W/SearchableInfo(  791): Invalid searchable metadata for com.bt.bms/.activities.GlobalSearchActivity: Search label must be a resource reference.
V/Zygote  ( 2498): Switching descriptor 34 to /dev/null
V/Zygote  ( 2498): Switching descriptor 9 to /dev/null
I/ActivityManager(  791): Start proc com.android.settings for broadcast com.android.settings/.cyanogenmod.superuser.PackageChangeReceiver: pid=2498 uid=1000 gids={41000, 3002, 3001, 1028, 1015, 3003, 1007, 1021, 3004, 3005, 1000, 3010, 1023, 1010}
D/ActivityThread( 2498): handleBindApplication:com.android.settings
D/ActivityThread( 2498): setTargetHeapUtilization:0.75
D/ActivityThread( 2498): setTargetHeapMinFree:2097152
D/VoicemailCleanupService( 2481): Cleaning up data for package: com.example.saurabh.notify
I/ActivityManager(  791): Killing 4882:com.google.android.apps.plus/u0a73 (adj 15): empty #17
W/Launcher( 1229): setApplicationContext called twice! old=com.android.launcher3.LauncherApplication@41bcd7d8 new=com.android.launcher3.LauncherApplication@41bcd7d8
V/Zygote  ( 2512): Switching descriptor 34 to /dev/null
V/Zygote  ( 2512): Switching descriptor 9 to /dev/null
I/ActivityManager(  791): Start proc com.android.keychain for broadcast com.android.keychain/.KeyChainBroadcastReceiver: pid=2512 uid=1000 gids={41000, 3002, 3001, 1028, 1015, 3003, 1007, 1021, 3004, 3005, 1000, 3010, 1023, 1010}
I/Timeline(  791): Timeline: Activity_windows_visible id: ActivityRecord{42274620 u0 com.cyanogenmod.trebuchet/org.cyanogenmod.trebuchet.CustomHomeLauncher t1} time:184222308
D/ActivityThread( 2512): handleBindApplication:com.android.keychain
D/ActivityThread( 2512): setTargetHeapUtilization:0.75
D/ActivityThread( 2512): setTargetHeapMinFree:2097152
I/ActivityManager(  791): Killing 27541:com.google.android.apps.maps/u0a63 (adj 15): empty #17
W/ContextImpl( 2512): Calling a method in the system process without a qualified user: android.app.ContextImpl.startService:1543 android.content.ContextWrapper.startService:494 android.content.ContextWrapper.startService:494 com.android.keychain.KeyChainBroadcastReceiver.onReceive:12 android.app.ActivityThread.handleReceiver:2445 
V/Zygote  ( 2526): Switching descriptor 34 to /dev/null
V/Zygote  ( 2526): Switching descriptor 9 to /dev/null
I/ActivityManager(  791): Start proc com.swiftkey.swiftkeyconfigurator for broadcast com.swiftkey.swiftkeyconfigurator/.PackageRemovedReceiver: pid=2526 uid=10078 gids={50078}
I/ActivityManager(  791): Killing 27590:com.google.android.tts/u0a51 (adj 15): empty #17
D/ActivityThread( 2526): handleBindApplication:com.swiftkey.swiftkeyconfigurator
D/ActivityThread( 2526): setTargetHeapUtilization:0.75
D/ActivityThread( 2526): setTargetHeapMinFree:2097152
D/ContentProvider( 2526): onCreate
D/PackageRemovedReceiver( 2526): onReceive
I/ActivityManager(  791): Killing 26891:com.google.android.gms.wearable/u0a12 (adj 15): empty #17
I/ContactLocale( 2481): AddressBook Labels [en_IN]: [, A, B, C, D, E, F, G, H, I, J, K, L, M, N, O, P, Q, R, S, T, U, V, W, X, Y, Z, , , , , , , , , , , , , , , , , , , , , , , , , , , , , , , , , , , , , , , , , , , , , , , , , , , , , , , , , , , , , , , , , , , , , , , , , , , , , , , , , , , , , , , , , , , , , , , , , , , , , , , , , , , , , , , , , , , , , , , , , , , , , , , , , , , , , , , , , , , , , , , , , , , , , , , , , , , , , , , , , , , , , , , , , , , , , , , , , , , , , , #, ]
I/UpdateIcingCorporaServi(24226): Updating corpora: APPS=com.example.saurabh.notify, CONTACTS=MAYBE
E/NetworkScheduler.SchedulerReceiver( 1312): Invalid parameter app
E/NetworkScheduler.SchedulerReceiver( 1312): Invalid package name : Perhaps you didn't include a PendingIntent in the extras?
D/PackageBroadcastService( 1705): Received broadcast action=android.intent.action.PACKAGE_REMOVED and uri=com.example.saurabh.notify
D/AccountUtils( 1705): Clearing selected account for com.example.saurabh.notify
I/ActivityManager(  791): Delay finish: com.google.android.gms/.app.receiver.SystemBroadcastReceiver
I/UpdateIcingCorporaServi(24226): UpdateCorporaTask done [took 126 ms] updated apps [took 126 ms] 
I/LocationSettingsChecker( 1705): Removing dialog suppression flag for package com.example.saurabh.notify
I/ActivityManager(  791): Delaying start of: ServiceRecord{43b71650 u0 com.google.android.gms/.wearable.service.WearableControlService}
D/GOOGLEHELP_CompatibleDatabase( 1705): Open SQLiteDatabase: /data/data/com.google.android.gms/databases/metrics.db, release reference: 1
I/ConfigService( 1312): onCreate
D/GOOGLEHELP_CompatibleDatabase( 1705): Acquire reference of SQLiteDatabase: /data/data/com.google.android.gms/databases/metrics.db: 2
I/ConfigFetchService( 1705): onStartCommand Intent { act=android.intent.action.PACKAGE_REMOVED dat=package:com.example.saurabh.notify cmp=com.google.android.gms/.config.ConfigFetchService (has extras) }
D/gH_MetricsDatabase( 1705): 0 metrics were deleted when clearing package com.example.saurabh.notify.
D/GOOGLEHELP_CompatibleDatabase( 1705): Release reference of SQLiteDatabase: /data/data/com.google.android.gms/databases/metrics.db: 1
D/GOOGLEHELP_CompatibleDatabase( 1705): Open SQLiteDatabase: /data/data/com.google.android.gms/databases/help_responses.db, release reference: 1
D/GOOGLEHELP_CompatibleDatabase( 1705): Acquire reference of SQLiteDatabase: /data/data/com.google.android.gms/databases/help_responses.db: 2
D/GOOGLEHELP_CompatibleDatabase( 1705): Release reference of SQLiteDatabase: /data/data/com.google.android.gms/databases/help_responses.db: 1
I/Icing   ( 1705): doRemovePackageData com.example.saurabh.notify
D/GOOGLEHELP_CompatibleDatabase( 1705): Open SQLiteDatabase: /data/data/com.google.android.gms/databases/auto_complete_suggestions.db, release reference: 1
D/GOOGLEHELP_CompatibleDatabase( 1705): Acquire reference of SQLiteDatabase: /data/data/com.google.android.gms/databases/auto_complete_suggestions.db: 2
D/GOOGLEHELP_CompatibleDatabase( 1705): Release reference of SQLiteDatabase: /data/data/com.google.android.gms/databases/auto_complete_suggestions.db: 1
D/GOOGLEHELP_CompatibleDatabase( 1705): Close SQLiteDatabase: /data/data/com.google.android.gms/databases/metrics.db, release reference: 0
D/GOOGLEHELP_CompatibleDatabase( 1705): Close SQLiteDatabase: /data/data/com.google.android.gms/databases/help_responses.db, release reference: 0
D/GOOGLEHELP_CompatibleDatabase( 1705): Close SQLiteDatabase: /data/data/com.google.android.gms/databases/auto_complete_suggestions.db, release reference: 0
V/Zygote  ( 2552): Switching descriptor 34 to /dev/null
V/Zygote  ( 2552): Switching descriptor 9 to /dev/null
I/ActivityManager(  791): Start proc com.google.android.gms.wearable for service com.google.android.gms/.wearable.service.WearableControlService: pid=2552 uid=10012 gids={50012, 3003, 1007, 1028, 1015, 1006, 3002, 3001, 3007, 2001, 3006}
I/ActivityManager(  791): Resuming delayed broadcast
D/ActivityThread( 2552): handleBindApplication:com.google.android.gms.wearable
D/ActivityThread( 2552): setTargetHeapUtilization:0.75
D/ChimeraCfgMgr( 1705): Loading module com.google.android.gms.games from APK com.google.android.play.games
D/ChimeraModuleLdr( 1705): Module APK com.google.android.play.games already loaded
D/ActivityThread( 2552): setTargetHeapMinFree:2097152
I/ActivityManager(  791): Delay finish: com.google.android.gms/.games.chimera.GamesSystemBroadcastReceiverProxy
D/ChimeraCfgMgr( 1705): Loading module com.google.android.gms.games from APK com.google.android.play.games
D/ChimeraModuleLdr( 1705): Module APK com.google.android.play.games already loaded
W/dalvikvm( 2552): VFY: unable to resolve static field 573 (PR_SET_DUMPABLE) in Landroid/system/OsConstants;
D/dalvikvm( 2552): VFY: replacing opcode 0x60 at 0x000b
I/dalvikvm( 2552): Failed resolving Lcom/google/android/gms/common/h/c; interface 98 'Landroid/content/pm/PackageManager$OnPermissionsChangedListener;'
W/dalvikvm( 2552): Link of class 'Lcom/google/android/gms/common/h/c;' failed
E/dalvikvm( 2552): Could not find class 'com.google.android.gms.common.h.c', referenced from method com.google.android.gms.common.app.GmsApplication.onCreate
W/dalvikvm( 2552): VFY: unable to resolve new-instance 2620 (Lcom/google/android/gms/common/h/c;) in Lcom/google/android/gms/common/app/GmsApplication;
D/dalvikvm( 2552): VFY: replacing opcode 0x22 at 0x006f
I/dalvikvm( 2552): Failed resolving Lcom/google/android/gms/common/h/c; interface 98 'Landroid/content/pm/PackageManager$OnPermissionsChangedListener;'
W/dalvikvm( 2552): Link of class 'Lcom/google/android/gms/common/h/c;' failed
D/dalvikvm( 2552): DexOpt: unable to opt direct call 0x2bcc at 0x71 in Lcom/google/android/gms/common/app/GmsApplication;.onCreate
I/MultiDex( 2552): VM with version 1.6.0 does not have multidex support
I/MultiDex( 2552): install
I/MultiDex( 2552): MultiDexExtractor.load(/data/app/com.google.android.gms-1.apk, false)
I/MultiDex( 2552): loading existing secondary dex files
I/MultiDex( 2552): load found 3 secondary dex files
I/MultiDex( 2552): install done
D/dalvikvm( 2552): DexOpt: couldn't find static field Landroid/os/Build;.SUPPORTED_ABIS
W/dalvikvm( 2552): VFY: unable to resolve static field 141 (SUPPORTED_ABIS) in Landroid/os/Build;
D/dalvikvm( 2552): VFY: replacing opcode 0x62 at 0x000a
D/dalvikvm( 2552): DexOpt: couldn't find field Landroid/content/pm/ApplicationInfo;.splitSourceDirs
W/dalvikvm( 2552): VFY: unable to resolve instance field 53
D/dalvikvm( 2552): VFY: replacing opcode 0x54 at 0x005f
D/dalvikvm( 2552): DexOpt: couldn't find static field Landroid/os/Build;.SUPPORTED_ABIS
W/dalvikvm( 2552): VFY: unable to resolve static field 141 (SUPPORTED_ABIS) in Landroid/os/Build;
D/dalvikvm( 2552): VFY: replacing opcode 0x62 at 0x0047
D/dalvikvm( 2552): DexOpt: couldn't find field Landroid/content/pm/ApplicationInfo;.splitSourceDirs
I/dalvikvm( 2552): DexOpt: unable to optimize instance field ref 0x0035 at 0x63 in Lcom/google/android/gms/common/util/ay;.b
D/dalvikvm( 2552): Trying to load lib /data/app-lib/com.google.android.gms-1/libgmscore.so 0x42b3d7b0
D/dalvikvm( 2552): Added shared lib /data/app-lib/com.google.android.gms-1/libgmscore.so 0x42b3d7b0
D/dalvikvm( 2552): No JNI_OnLoad found in /data/app-lib/com.google.android.gms-1/libgmscore.so 0x42b3d7b0, skipping init
D/dalvikvm( 2552): Trying to load lib /data/app-lib/com.google.android.gms-1/libconscrypt_gmscore_jni.so 0x42b3d7b0
D/dalvikvm( 2552): Added shared lib /data/app-lib/com.google.android.gms-1/libconscrypt_gmscore_jni.so 0x42b3d7b0
V/JNIHelp ( 2552): Registering com/google/android/gms/org/conscrypt/NativeCrypto's 240 native methods...
D/dalvikvm( 2552): Trying to load lib /data/app-lib/com.google.android.gms-1/libgmscore.so 0x42b3d7b0
D/dalvikvm( 2552): Shared lib '/data/app-lib/com.google.android.gms-1/libgmscore.so' already loaded in same CL 0x42b3d7b0
D/dalvikvm( 2552): Trying to load lib /data/app-lib/com.google.android.gms-1/libconscrypt_gmscore_jni.so 0x42b3d7b0
D/dalvikvm( 2552): Shared lib '/data/app-lib/com.google.android.gms-1/libconscrypt_gmscore_jni.so' already loaded in same CL 0x42b3d7b0
I/ProviderInstaller( 2552): Installed default security provider GmsCore_OpenSSL
I/Icing   ( 1705): Indexing DEBB96158A561D95480DAD067BFA0B91E995B054 from com.google.android.googlequicksearchbox
I/ActivityManager(  791): Resuming delayed broadcast
V/Zygote  ( 2572): Switching descriptor 34 to /dev/null
V/Zygote  ( 2572): Switching descriptor 9 to /dev/null
I/ActivityManager(  791): Start proc com.google.android.apps.docs for broadcast com.google.android.apps.docs/.receivers.AppPackageAddRemoveReceiver: pid=2572 uid=10044 gids={50044, 1006, 1028, 3003, 1015}
D/ActivityThread( 2572): handleBindApplication:com.google.android.apps.docs
D/ActivityThread( 2572): setTargetHeapUtilization:0.75
D/ActivityThread( 2572): setTargetHeapMinFree:2097152
D/audio_hw_primary(  222): out_standby: enter: stream (0xb8d13cc0) usecase(1: low-latency-playback)
I/Icing   ( 1705): Indexing done DEBB96158A561D95480DAD067BFA0B91E995B054
I/listen_hal_loader(  222): audio_extn_listen_update_stream_status(): uc_id 1 of type 0 for Event 2, with Raise=0
D/hardware_info(  222): hw_info_append_hw_type : device_name = speaker
I/listen_hal_loader(  222): audio_extn_listen_update_device_status(): device 0x2 of type 0 for Event 0, with Raise=0
D/NativeLibraryUtils( 2552): Install completed successfully. count=13 extracted=0
W/ctxmgr  ( 1151): [PowerConnectionState]Got same value as before for power connection (Plug state: 2 BatteryLevel: 0.47)
I/dalvikvm( 2572): Could not find method android.app.Activity.finishAfterTransition, referenced from method android.support.v4.app.FragmentActivity.onBackPressed
W/dalvikvm( 2572): VFY: unable to resolve virtual method 2002: Landroid/app/Activity;.finishAfterTransition ()V
D/dalvikvm( 2572): VFY: replacing opcode 0x6e at 0x0016
I/dalvikvm( 2572): Could not find method android.content.pm.PackageManager.getPackageInstaller, referenced from method flb.a
W/dalvikvm( 2572): VFY: unable to resolve virtual method 2543: Landroid/content/pm/PackageManager;.getPackageInstaller ()Landroid/content/pm/PackageInstaller;
D/dalvikvm( 2572): VFY: replacing opcode 0x6e at 0x000f
I/GAv4    ( 2572): Google Analytics 7.8.84 is starting up. To enable debug logging on a device run:
I/GAv4    ( 2572):   adb shell setprop log.tag.GAv4 DEBUG
I/GAv4    ( 2572):   adb logcat -s GAv4
W/GAv4    ( 2572): AnalyticsReceiver is not registered or is disabled. Register the receiver for reliable dispatching on non-Google Play devices. See http://goo.gl/8Rd3yj for instructions.
W/GAv4    ( 2572): CampaignTrackingReceiver is not registered, not exported or is disabled. Installation campaign tracking is not possible. See http://goo.gl/8Rd3yj for instructions.
W/GAv4    ( 2572): AnalyticsService not registered in the app manifest. Hits might not be delivered reliably. See http://goo.gl/8Rd3yj for instructions.
W/AnalyticsTrackerProxyImpl( 2572): Analytics setup for ID UA-21125203-2, app name Drive, version 2.3.283.31.35
I/dalvikvm( 2572): Could not find method android.provider.DocumentsContract.getTreeDocumentId, referenced from method oe.run
W/dalvikvm( 2572): VFY: unable to resolve static method 3581: Landroid/provider/DocumentsContract;.getTreeDocumentId (Landroid/net/Uri;)Ljava/lang/String;
D/dalvikvm( 2572): VFY: replacing opcode 0x71 at 0x014e
V/Zygote  ( 2603): Switching descriptor 34 to /dev/null
V/Zygote  ( 2603): Switching descriptor 9 to /dev/null
I/ActivityManager(  791): Start proc com.google.android.apps.plus for broadcast com.google.android.apps.plus/.service.PackagesMediaMonitor: pid=2603 uid=10073 gids={50073, 3003, 3002, 1028, 1015, 1006}
I/ActivityManager(  791): Killing 29578:com.whizdm.moneyview/u0a115 (adj 15): empty #17
D/ActivityThread( 2603): handleBindApplication:com.google.android.apps.plus
D/ActivityThread( 2603): setTargetHeapUtilization:0.75
D/ActivityThread( 2603): setTargetHeapMinFree:2097152
D/dalvikvm( 2572): DexOpt: couldn't find static field Landroid/os/Build;.SUPPORTED_ABIS
W/dalvikvm( 2572): VFY: unable to resolve static field 141 (SUPPORTED_ABIS) in Landroid/os/Build;
D/dalvikvm( 2572): VFY: replacing opcode 0x62 at 0x000a
D/dalvikvm( 2572): DexOpt: couldn't find field Landroid/content/pm/ApplicationInfo;.splitSourceDirs
W/dalvikvm( 2572): VFY: unable to resolve instance field 53
D/dalvikvm( 2572): VFY: replacing opcode 0x54 at 0x005f
D/dalvikvm( 2572): DexOpt: couldn't find static field Landroid/os/Build;.SUPPORTED_ABIS
W/dalvikvm( 2572): VFY: unable to resolve static field 141 (SUPPORTED_ABIS) in Landroid/os/Build;
D/dalvikvm( 2572): VFY: replacing opcode 0x62 at 0x0047
D/dalvikvm( 2572): DexOpt: couldn't find field Landroid/content/pm/ApplicationInfo;.splitSourceDirs
I/dalvikvm( 2572): DexOpt: unable to optimize instance field ref 0x0035 at 0x63 in Lcom/google/android/gms/common/util/ay;.b
D/dalvikvm( 2572): Trying to load lib /data/app-lib/com.google.android.gms-1/libgmscore.so 0x41e205c0
D/dalvikvm( 2572): Added shared lib /data/app-lib/com.google.android.gms-1/libgmscore.so 0x41e205c0
D/dalvikvm( 2572): No JNI_OnLoad found in /data/app-lib/com.google.android.gms-1/libgmscore.so 0x41e205c0, skipping init
D/dalvikvm( 2572): Trying to load lib /data/app-lib/com.google.android.gms-1/libconscrypt_gmscore_jni.so 0x41e205c0
D/dalvikvm( 2572): Added shared lib /data/app-lib/com.google.android.gms-1/libconscrypt_gmscore_jni.so 0x41e205c0
V/JNIHelp ( 2572): Registering com/google/android/gms/org/conscrypt/NativeCrypto's 240 native methods...
D/dalvikvm( 2572): Trying to load lib /data/app-lib/com.google.android.gms-1/libgmscore.so 0x41e205c0
D/dalvikvm( 2572): Shared lib '/data/app-lib/com.google.android.gms-1/libgmscore.so' already loaded in same CL 0x41e205c0
D/dalvikvm( 2572): Trying to load lib /data/app-lib/com.google.android.gms-1/libconscrypt_gmscore_jni.so 0x41e205c0
D/dalvikvm( 2572): Shared lib '/data/app-lib/com.google.android.gms-1/libconscrypt_gmscore_jni.so' already loaded in same CL 0x41e205c0
E/dalvikvm( 2603): Could not find class 'android.app.Notification$Action$Builder', referenced from method b.a
W/dalvikvm( 2603): VFY: unable to resolve new-instance 413 (Landroid/app/Notification$Action$Builder;) in Lb;
D/dalvikvm( 2603): VFY: replacing opcode 0x22 at 0x0000
E/dalvikvm( 2603): Could not find class 'android.graphics.drawable.RippleDrawable', referenced from method b.a
W/dalvikvm( 2603): VFY: unable to resolve new-instance 571 (Landroid/graphics/drawable/RippleDrawable;) in Lb;
D/dalvikvm( 2603): VFY: replacing opcode 0x22 at 0x000b
I/ProviderInstaller( 2572): Installed default security provider GmsCore_OpenSSL
E/dalvikvm( 2603): Could not find class 'android.app.Notification$Action$Builder', referenced from method b.a
W/dalvikvm( 2603): VFY: unable to resolve new-instance 413 (Landroid/app/Notification$Action$Builder;) in Lb;
D/dalvikvm( 2603): VFY: replacing opcode 0x22 at 0x0000
